Archive member included to satisfy reference by file (symbol)

C:/Users/12791/OneDrive/Documents/GitHub/3k04-lab/simulink_group11/slprj/ert/_sharedutils/rtwshared.lib(rt_roundd_snf.o)
                              Pacemaker_group11.o (rt_roundd_snf)
C:/ProgramData/MATLAB/SupportPackages/R2022a/3P.instrset/cmsis.instrset/CMSIS/RTOS/RTX/LIB/GCC/libRTX_CM4.a(rt_cmsis.o)
                              RTX_Conf_CM.o (osKernelInitialize)
C:/ProgramData/MATLAB/SupportPackages/R2022a/3P.instrset/cmsis.instrset/CMSIS/RTOS/RTX/LIB/GCC/libRTX_CM4.a(hal_cm.o)
                              C:/ProgramData/MATLAB/SupportPackages/R2022a/3P.instrset/cmsis.instrset/CMSIS/RTOS/RTX/LIB/GCC/libRTX_CM4.a(rt_cmsis.o) (rt_ret_val)
C:/ProgramData/MATLAB/SupportPackages/R2022a/3P.instrset/cmsis.instrset/CMSIS/RTOS/RTX/LIB/GCC/libRTX_CM4.a(rt_memory.o)
                              C:/ProgramData/MATLAB/SupportPackages/R2022a/3P.instrset/cmsis.instrset/CMSIS/RTOS/RTX/LIB/GCC/libRTX_CM4.a(rt_cmsis.o) (rt_init_mem)
C:/ProgramData/MATLAB/SupportPackages/R2022a/3P.instrset/cmsis.instrset/CMSIS/RTOS/RTX/LIB/GCC/libRTX_CM4.a(rt_membox.o)
                              C:/ProgramData/MATLAB/SupportPackages/R2022a/3P.instrset/cmsis.instrset/CMSIS/RTOS/RTX/LIB/GCC/libRTX_CM4.a(rt_cmsis.o) (_init_box)
C:/ProgramData/MATLAB/SupportPackages/R2022a/3P.instrset/cmsis.instrset/CMSIS/RTOS/RTX/LIB/GCC/libRTX_CM4.a(rt_mutex.o)
                              C:/ProgramData/MATLAB/SupportPackages/R2022a/3P.instrset/cmsis.instrset/CMSIS/RTOS/RTX/LIB/GCC/libRTX_CM4.a(rt_cmsis.o) (rt_mut_init)
C:/ProgramData/MATLAB/SupportPackages/R2022a/3P.instrset/cmsis.instrset/CMSIS/RTOS/RTX/LIB/GCC/libRTX_CM4.a(rt_time.o)
                              C:/ProgramData/MATLAB/SupportPackages/R2022a/3P.instrset/cmsis.instrset/CMSIS/RTOS/RTX/LIB/GCC/libRTX_CM4.a(rt_cmsis.o) (os_time)
C:/ProgramData/MATLAB/SupportPackages/R2022a/3P.instrset/cmsis.instrset/CMSIS/RTOS/RTX/LIB/GCC/libRTX_CM4.a(rt_semaphore.o)
                              C:/ProgramData/MATLAB/SupportPackages/R2022a/3P.instrset/cmsis.instrset/CMSIS/RTOS/RTX/LIB/GCC/libRTX_CM4.a(rt_cmsis.o) (rt_sem_init)
C:/ProgramData/MATLAB/SupportPackages/R2022a/3P.instrset/cmsis.instrset/CMSIS/RTOS/RTX/LIB/GCC/libRTX_CM4.a(rt_mailbox.o)
                              C:/ProgramData/MATLAB/SupportPackages/R2022a/3P.instrset/cmsis.instrset/CMSIS/RTOS/RTX/LIB/GCC/libRTX_CM4.a(rt_cmsis.o) (rt_mbx_init)
C:/ProgramData/MATLAB/SupportPackages/R2022a/3P.instrset/cmsis.instrset/CMSIS/RTOS/RTX/LIB/GCC/libRTX_CM4.a(rt_list.o)
                              C:/ProgramData/MATLAB/SupportPackages/R2022a/3P.instrset/cmsis.instrset/CMSIS/RTOS/RTX/LIB/GCC/libRTX_CM4.a(rt_cmsis.o) (rt_put_prio)
C:/ProgramData/MATLAB/SupportPackages/R2022a/3P.instrset/cmsis.instrset/CMSIS/RTOS/RTX/LIB/GCC/libRTX_CM4.a(rt_event.o)
                              C:/ProgramData/MATLAB/SupportPackages/R2022a/3P.instrset/cmsis.instrset/CMSIS/RTOS/RTX/LIB/GCC/libRTX_CM4.a(rt_cmsis.o) (rt_evt_wait)
C:/ProgramData/MATLAB/SupportPackages/R2022a/3P.instrset/cmsis.instrset/CMSIS/RTOS/RTX/LIB/GCC/libRTX_CM4.a(rt_system.o)
                              C:/ProgramData/MATLAB/SupportPackages/R2022a/3P.instrset/cmsis.instrset/CMSIS/RTOS/RTX/LIB/GCC/libRTX_CM4.a(rt_cmsis.o) (rt_suspend)
C:/ProgramData/MATLAB/SupportPackages/R2022a/3P.instrset/cmsis.instrset/CMSIS/RTOS/RTX/LIB/GCC/libRTX_CM4.a(rt_task.o)
                              C:/ProgramData/MATLAB/SupportPackages/R2022a/3P.instrset/cmsis.instrset/CMSIS/RTOS/RTX/LIB/GCC/libRTX_CM4.a(rt_system.o) (rt_switch_req)
C:/ProgramData/MATLAB/SupportPackages/R2022a/3P.instrset/cmsis.instrset/CMSIS/RTOS/RTX/LIB/GCC/libRTX_CM4.a(hal_cm4.o)
                              C:/ProgramData/MATLAB/SupportPackages/R2022a/3P.instrset/cmsis.instrset/CMSIS/RTOS/RTX/LIB/GCC/libRTX_CM4.a(rt_task.o) (rt_get_PSP)
C:/ProgramData/MATLAB/SupportPackages/R2022a/3P.instrset/cmsis.instrset/CMSIS/RTOS/RTX/LIB/GCC/libRTX_CM4.a(svc_table.o)
                              C:/ProgramData/MATLAB/SupportPackages/R2022a/3P.instrset/cmsis.instrset/CMSIS/RTOS/RTX/LIB/GCC/libRTX_CM4.a(hal_cm4.o) (SVC_Table)
C:/ProgramData/MATLAB/SupportPackages/R2022a/3P.instrset/cmsis.instrset/CMSIS/RTOS/RTX/LIB/GCC/libRTX_CM4.a(rt_robin.o)
                              C:/ProgramData/MATLAB/SupportPackages/R2022a/3P.instrset/cmsis.instrset/CMSIS/RTOS/RTX/LIB/GCC/libRTX_CM4.a(rt_system.o) (os_robin)
C:/ProgramData/MATLAB/SupportPackages/R2022a/toolbox/target/supportpackages/freedomk64f/src/ksdk_armgcc_lib/bm/libksdk_platform.a(fsl_os_abstraction_bm.o)
                              MW_SCI.o (OSA_SemaPost)
C:/ProgramData/MATLAB/SupportPackages/R2022a/toolbox/target/supportpackages/freedomk64f/src/ksdk_armgcc_lib/bm/libksdk_platform.a(fsl_clock_manager.o)
                              board.o (CLOCK_SYS_OscInit)
C:/ProgramData/MATLAB/SupportPackages/R2022a/toolbox/target/supportpackages/freedomk64f/src/ksdk_armgcc_lib/bm/libksdk_platform.a(fsl_clock_manager_common.o)
[...]
Memory Configuration

Name             Origin             Length             Attributes
m_interrupts     0x00000000         0x00000400         xr
m_flash_config   0x00000400         0x00000010         xr
m_text           0x00000410         0x000ffbf0         xr
m_data_2         0x1fff0000         0x00010000         rw
m_data           0x20000000         0x00030000         rw
*default*        0x00000000         0xffffffff

Linker script and memory map

LOAD c:/progra~3/matlab/suppor~1/r2022a/3p778c~1.ins/gnuarm~1.ins/win/bin/../lib/gcc/arm-none-eabi/9.3.1/thumb/v7e-m+fp/hard/crti.o
LOAD c:/progra~3/matlab/suppor~1/r2022a/3p778c~1.ins/gnuarm~1.ins/win/bin/../lib/gcc/arm-none-eabi/9.3.1/thumb/v7e-m+fp/hard/crtbegin.o
LOAD c:/progra~3/matlab/suppor~1/r2022a/3p778c~1.ins/gnuarm~1.ins/win/bin/../lib/gcc/arm-none-eabi/9.3.1/../../../../arm-none-eabi/lib/thumb/v7e-m+fp/hard/crt0.o
LOAD MW_AnalogInput.o
LOAD mw_sdk_interface.o
LOAD MW_digitalIO.o
LOAD MW_SCI.o
LOAD MW_PWM.o
LOAD ert_main.o
LOAD Pacemaker_group11.o
LOAD Pacemaker_group11_data.o
LOAD Send_DCM.o
LOAD startup.o
LOAD system_MK64F12.o
LOAD startup_MK64F12.o
LOAD board.o
LOAD hardware_init.o
LOAD pin_mux.o
LOAD fsl_misc_utilities.o
LOAD fsl_edma_irq.o
LOAD fsl_uart_irq.o
LOAD irq_stub.o
LOAD sbrk.o
LOAD cmsis_rtos_init.o
LOAD RTX_Conf_CM.o
LOAD mw_thread.o
LOAD mw_semaphore.o
LOAD mw_timer.o
LOAD mw_signal.o
LOAD C:/Users/12791/OneDrive/Documents/GitHub/3k04-lab/simulink_group11/slprj/ert/_sharedutils/rtwshared.lib
LOAD C:/ProgramData/MATLAB/SupportPackages/R2022a/3P.instrset/cmsis.instrset/CMSIS/DSP/Lib/GCC/libarm_cortexM4lf_math.a
LOAD C:/ProgramData/MATLAB/SupportPackages/R2022a/3P.instrset/cmsis.instrset/CMSIS/RTOS/RTX/LIB/GCC/libRTX_CM4.a
LOAD C:/ProgramData/MATLAB/SupportPackages/R2022a/toolbox/target/supportpackages/freedomk64f/src/ksdk_armgcc_lib/bm/libksdk_platform.a
LOAD c:/progra~3/matlab/suppor~1/r2022a/3p778c~1.ins/gnuarm~1.ins/win/bin/../lib/gcc/arm-none-eabi/9.3.1/../../../../arm-none-eabi/lib/thumb/v7e-m+fp/hard\libstdc++.a
LOAD c:/progra~3/matlab/suppor~1/r2022a/3p778c~1.ins/gnuarm~1.ins/win/bin/../lib/gcc/arm-none-eabi/9.3.1/../../../../arm-none-eabi/lib/thumb/v7e-m+fp/hard\libm.a
START GROUP
LOAD c:/progra~3/matlab/suppor~1/r2022a/3p778c~1.ins/gnuarm~1.ins/win/bin/../lib/gcc/arm-none-eabi/9.3.1/thumb/v7e-m+fp/hard\libgcc.a
LOAD c:/progra~3/matlab/suppor~1/r2022a/3p778c~1.ins/gnuarm~1.ins/win/bin/../lib/gcc/arm-none-eabi/9.3.1/../../../../arm-none-eabi/lib/thumb/v7e-m+fp/hard\libg.a
LOAD c:/progra~3/matlab/suppor~1/r2022a/3p778c~1.ins/gnuarm~1.ins/win/bin/../lib/gcc/arm-none-eabi/9.3.1/../../../../arm-none-eabi/lib/thumb/v7e-m+fp/hard\libc.a
END GROUP
START GROUP
LOAD c:/progra~3/matlab/suppor~1/r2022a/3p778c~1.ins/gnuarm~1.ins/win/bin/../lib/gcc/arm-none-eabi/9.3.1/thumb/v7e-m+fp/hard\libgcc.a
LOAD c:/progra~3/matlab/suppor~1/r2022a/3p778c~1.ins/gnuarm~1.ins/win/bin/../lib/gcc/arm-none-eabi/9.3.1/../../../../arm-none-eabi/lib/thumb/v7e-m+fp/hard\libc.a
LOAD c:/progra~3/matlab/suppor~1/r2022a/3p778c~1.ins/gnuarm~1.ins/win/bin/../lib/gcc/arm-none-eabi/9.3.1/../../../../arm-none-eabi/lib/thumb/v7e-m+fp/hard\libnosys.a
END GROUP
LOAD c:/progra~3/matlab/suppor~1/r2022a/3p778c~1.ins/gnuarm~1.ins/win/bin/../lib/gcc/arm-none-eabi/9.3.1/thumb/v7e-m+fp/hard/crtend.o
LOAD c:/progra~3/matlab/suppor~1/r2022a/3p778c~1.ins/gnuarm~1.ins/win/bin/../lib/gcc/arm-none-eabi/9.3.1/thumb/v7e-m+fp/hard/crtn.o
                0x00000400                HEAP_SIZE = DEFINED (__heap_size__)?__heap_size__:0x400
                0x00000400                STACK_SIZE = DEFINED (__stack_size__)?__stack_size__:0x400
                0x00000000                M_VECTOR_RAM_SIZE = DEFINED (__ram_vector_table__)?0x400:0x0

.interrupts     0x00000000      0x400
                0x00000000                __VECTOR_TABLE = .
                0x00000000                . = ALIGN (0x4)
 *(.isr_vector)
 .isr_vector    0x00000000      0x400 startup_MK64F12.o
                0x00000000                __isr_vector
                0x00000400                . = ALIGN (0x4)

.flash_config   0x00000400       0x10
                0x00000400                . = ALIGN (0x4)
 *(.FlashConfig)
 .FlashConfig   0x00000400       0x10 startup_MK64F12.o
                0x00000410                . = ALIGN (0x4)

.text           0x00000440     0xefc4
                0x00000440                . = ALIGN (0x4)
 *(.text)
 .text          0x00000440       0x40 c:/progra~3/matlab/suppor~1/r2022a/3p778c~1.ins/gnuarm~1.ins/win/bin/../lib/gcc/arm-none-eabi/9.3.1/thumb/v7e-m+fp/hard/crtbegin.o
 .text          0x00000480       0x7c c:/progra~3/matlab/suppor~1/r2022a/3p778c~1.ins/gnuarm~1.ins/win/bin/../lib/gcc/arm-none-eabi/9.3.1/../../../../arm-none-eabi/lib/thumb/v7e-m+fp/hard/crt0.o
                0x00000480                _stack_init
                0x00000488                _start
                0x00000488                _mainCRTStartup
 .text          0x000004fc       0x14 startup_MK64F12.o
                0x000004fc                Reset_Handler
                0x0000050c                ENET_Receive_IRQHandler
                0x0000050c                ENET_1588_Timer_IRQHandler
                0x0000050c                DefaultISR
                0x0000050c                PIT2_IRQHandler
                0x0000050c                PIT0_IRQHandler
                0x0000050c                ENET_Error_IRQHandler
                0x0000050c                PIT3_IRQHandler
                0x0000050c                SDHC_IRQHandler
                0x0000050c                ENET_Transmit_IRQHandler
                0x0000050c                PIT1_IRQHandler
 .text          0x00000510      0x198 C:/ProgramData/MATLAB/SupportPackages/R2022a/3P.instrset/cmsis.instrset/CMSIS/RTOS/RTX/LIB/GCC/libRTX_CM4.a(hal_cm4.o)
                0x00000510                rt_set_PSP
                0x00000516                rt_get_PSP
                0x0000051c                os_set_env
                0x00000534                _alloc_box
                0x00000550                _free_box
                0x0000056c                SVC_Handler
                0x00000612                PendSV_Handler
                0x00000618                Sys_Switch
                0x00000672                SysTick_Handler
                0x0000067c                OS_Tick_Handler
 .text          0x000006a8      0x378 c:/progra~3/matlab/suppor~1/r2022a/3p778c~1.ins/gnuarm~1.ins/win/bin/../lib/gcc/arm-none-eabi/9.3.1/thumb/v7e-m+fp/hard\libgcc.a(_arm_addsubdf3.o)
                0x000006a8                __aeabi_drsub
                0x000006b0                __aeabi_dsub
                0x000006b0                __subdf3
                0x000006b4                __aeabi_dadd
                0x000006b4                __adddf3
                0x0000092c                __floatunsidf
                0x0000092c                __aeabi_ui2d
                0x0000094c                __floatsidf
                0x0000094c                __aeabi_i2d
                0x00000970                __aeabi_f2d
                0x00000970                __extendsfdf2
                0x000009b4                __floatundidf
                0x000009b4                __aeabi_ul2d
                0x000009c4                __floatdidf
                0x000009c4                __aeabi_l2d
 .text          0x00000a20      0x424 c:/progra~3/matlab/suppor~1/r2022a/3p778c~1.ins/gnuarm~1.ins/win/bin/../lib/gcc/arm-none-eabi/9.3.1/thumb/v7e-m+fp/hard\libgcc.a(_arm_muldivdf3.o)
                0x00000a20                __aeabi_dmul
                0x00000a20                __muldf3
                0x00000c74                __divdf3
                0x00000c74                __aeabi_ddiv
 .text          0x00000e44      0x110 c:/progra~3/matlab/suppor~1/r2022a/3p778c~1.ins/gnuarm~1.ins/win/bin/../lib/gcc/arm-none-eabi/9.3.1/thumb/v7e-m+fp/hard\libgcc.a(_arm_cmpdf2.o)
                0x00000e44                __gtdf2
                0x00000e44                __gedf2
                0x00000e4c                __ltdf2
                0x00000e4c                __ledf2
                0x00000e54                __nedf2
                0x00000e54                __eqdf2
                0x00000e54                __cmpdf2
                0x00000ed0                __aeabi_cdrcmple
                0x00000ee0                __aeabi_cdcmpeq
                0x00000ee0                __aeabi_cdcmple
                0x00000ef0                __aeabi_dcmpeq
                0x00000f04                __aeabi_dcmplt
                0x00000f18                __aeabi_dcmple
                0x00000f2c                __aeabi_dcmpge
                0x00000f40                __aeabi_dcmpgt
 .text          0x00000f54       0x40 c:/progra~3/matlab/suppor~1/r2022a/3p778c~1.ins/gnuarm~1.ins/win/bin/../lib/gcc/arm-none-eabi/9.3.1/thumb/v7e-m+fp/hard\libgcc.a(_arm_fixunsdfsi.o)
                0x00000f54                __aeabi_d2uiz
                0x00000f54                __fixunsdfsi
 .text          0x00000f94       0x30 c:/progra~3/matlab/suppor~1/r2022a/3p778c~1.ins/gnuarm~1.ins/win/bin/../lib/gcc/arm-none-eabi/9.3.1/thumb/v7e-m+fp/hard\libgcc.a(_aeabi_uldivmod.o)
                0x00000f94                __aeabi_uldivmod
 .text          0x00000fc4      0x2c4 c:/progra~3/matlab/suppor~1/r2022a/3p778c~1.ins/gnuarm~1.ins/win/bin/../lib/gcc/arm-none-eabi/9.3.1/thumb/v7e-m+fp/hard\libgcc.a(_udivmoddi4.o)
                0x00000fc4                __udivmoddi4
 .text          0x00001288      0x9b8 c:/progra~3/matlab/suppor~1/r2022a/3p778c~1.ins/gnuarm~1.ins/win/bin/../lib/gcc/arm-none-eabi/9.3.1/thumb/v7e-m+fp/hard\libgcc.a(unwind-arm.o)
                0x00001530                _Unwind_GetCFA
                0x00001534                __gnu_Unwind_RaiseException
                0x00001594                __gnu_Unwind_ForcedUnwind
                0x000015a8                __gnu_Unwind_Resume
                0x000015ec                __gnu_Unwind_Resume_or_Rethrow
                0x000015fc                _Unwind_Complete
                0x00001600                _Unwind_DeleteException
                0x0000160c                _Unwind_VRS_Get
                0x00001654                _Unwind_VRS_Set
                0x0000169c                __gnu_Unwind_Backtrace
                0x000019bc                __aeabi_unwind_cpp_pr0
                0x000019c0                __aeabi_unwind_cpp_pr1
                0x000019c4                __aeabi_unwind_cpp_pr2
                0x000019c8                _Unwind_VRS_Pop
 .text          0x00001c40      0x1ac c:/progra~3/matlab/suppor~1/r2022a/3p778c~1.ins/gnuarm~1.ins/win/bin/../lib/gcc/arm-none-eabi/9.3.1/thumb/v7e-m+fp/hard\libgcc.a(libunwind.o)
                0x00001c40                __restore_core_regs
                0x00001c40                restore_core_regs
                0x00001c58                __gnu_Unwind_Restore_VFP
                0x00001c60                __gnu_Unwind_Save_VFP
                0x00001c68                __gnu_Unwind_Restore_VFP_D
                0x00001c70                __gnu_Unwind_Save_VFP_D
                0x00001c78                __gnu_Unwind_Restore_VFP_D_16_to_31
                0x00001c80                __gnu_Unwind_Save_VFP_D_16_to_31
                0x00001c88                __gnu_Unwind_Restore_WMMXD
                0x00001ccc                __gnu_Unwind_Save_WMMXD
                0x00001d10                __gnu_Unwind_Restore_WMMXC
                0x00001d24                __gnu_Unwind_Save_WMMXC
                0x00001d38                ___Unwind_RaiseException
                0x00001d38                _Unwind_RaiseException
                0x00001d5c                _Unwind_Resume
                0x00001d5c                ___Unwind_Resume
                0x00001d80                _Unwind_Resume_or_Rethrow
                0x00001d80                ___Unwind_Resume_or_Rethrow
                0x00001da4                _Unwind_ForcedUnwind
                0x00001da4                ___Unwind_ForcedUnwind
                0x00001dc8                ___Unwind_Backtrace
                0x00001dc8                _Unwind_Backtrace
 .text          0x00001dec      0x340 c:/progra~3/matlab/suppor~1/r2022a/3p778c~1.ins/gnuarm~1.ins/win/bin/../lib/gcc/arm-none-eabi/9.3.1/thumb/v7e-m+fp/hard\libgcc.a(pr-support.o)
                0x00001e44                __gnu_unwind_execute
                0x000020e0                __gnu_unwind_frame
                0x0000210c                _Unwind_GetRegionStart
                0x00002118                _Unwind_GetLanguageSpecificData
 .text          0x0000212c        0x4 c:/progra~3/matlab/suppor~1/r2022a/3p778c~1.ins/gnuarm~1.ins/win/bin/../lib/gcc/arm-none-eabi/9.3.1/thumb/v7e-m+fp/hard\libgcc.a(_dvmd_tls.o)
                0x0000212c                __aeabi_idiv0
                0x0000212c                __aeabi_ldiv0
 .text          0x00002130      0x134 c:/progra~3/matlab/suppor~1/r2022a/3p778c~1.ins/gnuarm~1.ins/win/bin/../lib/gcc/arm-none-eabi/9.3.1/../../../../arm-none-eabi/lib/thumb/v7e-m+fp/hard\libg.a(lib_a-memcpy.o)
                0x00002130                memcpy
 *fill*         0x00002264        0xc 
 .text          0x00002270       0xa0 c:/progra~3/matlab/suppor~1/r2022a/3p778c~1.ins/gnuarm~1.ins/win/bin/../lib/gcc/arm-none-eabi/9.3.1/../../../../arm-none-eabi/lib/thumb/v7e-m+fp/hard\libg.a(lib_a-memchr.o)
                0x00002270                memchr
 *fill*         0x00002310       0x30 
 .text          0x00002340       0xdc c:/progra~3/matlab/suppor~1/r2022a/3p778c~1.ins/gnuarm~1.ins/win/bin/../lib/gcc/arm-none-eabi/9.3.1/../../../../arm-none-eabi/lib/thumb/v7e-m+fp/hard\libg.a(lib_a-strlen.o)
                0x00002340                strlen
 *(.text*)
 .text.MW_AnalogInSingle_Open
                0x0000241c       0xa8 MW_AnalogInput.o
                0x0000241c                MW_AnalogInSingle_Open
 .text.MW_AnalogIn_SetTriggerSource
                0x000024c4       0x1a MW_AnalogInput.o
                0x000024c4                MW_AnalogIn_SetTriggerSource
 *fill*         0x000024de        0x2 
 .text.MW_AnalogInSingle_ReadResult
                0x000024e0       0xb8 MW_AnalogInput.o
                0x000024e0                MW_AnalogInSingle_ReadResult
 .text.MW_AnalogIn_Start
                0x00002598       0x14 MW_AnalogInput.o
                0x00002598                MW_AnalogIn_Start
 .text.MW_AnalogIn_Stop
                0x000025ac       0x14 MW_AnalogInput.o
                0x000025ac                MW_AnalogIn_Stop
 .text.MW_AnalogIn_Close
                0x000025c0       0x14 MW_AnalogInput.o
                0x000025c0                MW_AnalogIn_Close
 .text.MW_digitalIO_open
                0x000025d4       0xe0 MW_digitalIO.o
                0x000025d4                MW_digitalIO_open
 .text.MW_digitalIO_read
                0x000026b4       0x70 MW_digitalIO.o
                0x000026b4                MW_digitalIO_read
 .text.MW_digitalIO_write
                0x00002724       0x7e MW_digitalIO.o
                0x00002724                MW_digitalIO_write
 .text.MW_digitalIO_close
                0x000027a2       0x3c MW_digitalIO.o
                0x000027a2                MW_digitalIO_close
 *fill*         0x000027de        0x2 
 .text.EDMA_HAL_HTCDSetDestAddr
                0x000027e0       0x48 MW_SCI.o
 .text.EDMA_HAL_HTCDSetIntCmd
                0x00002828       0x58 MW_SCI.o
 .text.MW_SCI_Open
                0x00002880      0x5b0 MW_SCI.o
                0x00002880                MW_SCI_Open
 .text.MW_SCI_SetBaudrate
                0x00002e30       0x18 MW_SCI.o
                0x00002e30                MW_SCI_SetBaudrate
 .text.MW_SCI_SetFrameFormat
                0x00002e48       0x28 MW_SCI.o
                0x00002e48                MW_SCI_SetFrameFormat
 .text.MW_SCI_Receive
                0x00002e70       0xa4 MW_SCI.o
                0x00002e70                MW_SCI_Receive
 .text.MW_SCI_Transmit
                0x00002f14       0x80 MW_SCI.o
                0x00002f14                MW_SCI_Transmit
 .text.MW_SCI_Close
                0x00002f94       0x14 MW_SCI.o
                0x00002f94                MW_SCI_Close
 .text.MW_UART_DRV_EdmaStartReceiveData
                0x00002fa8       0xac MW_SCI.o
 .text.MW_UART_DRV_EdmaRxCallback
                0x00003054       0x1c MW_SCI.o
 .text.MW_UART_DRV_EdmaCompleteReceiveData
                0x00003070      0x120 MW_SCI.o
 .text.PORT_HAL_SetMuxMode
                0x00003190       0x58 MW_PWM.o
 .text.FTM_HAL_SetClockSource
                0x000031e8       0x2e MW_PWM.o
 *fill*         0x00003216        0x2 
 .text.MW_PWM_Open
                0x00003218      0x164 MW_PWM.o
                0x00003218                MW_PWM_Open
 .text.MW_PWM_Start
                0x0000337c       0x14 MW_PWM.o
                0x0000337c                MW_PWM_Start
 .text.MW_PWM_SetDutyCycle
                0x00003390       0x7c MW_PWM.o
                0x00003390                MW_PWM_SetDutyCycle
 .text.MW_PWM_Stop
                0x0000340c       0x2c MW_PWM.o
                0x0000340c                MW_PWM_Stop
 .text.MW_PWM_Close
                0x00003438       0x14 MW_PWM.o
                0x00003438                MW_PWM_Close
 .text.baseRateTask
                0x0000344c       0x7c ert_main.o
                0x0000344c                baseRateTask
 .text.terminateTask
                0x000034c8       0x34 ert_main.o
                0x000034c8                terminateTask
 .text.main     0x000034fc       0x48 ert_main.o
                0x000034fc                main
 .text.Pa_enter_atomic_Charging_C22_f3
                0x00003544       0x74 Pacemaker_group11.o
 .text.Pacemaker_group11_Charging_C22
                0x000035b8      0x174 Pacemaker_group11.o
 .text.Pacem_enter_atomic_Charging_C22
                0x0000372c       0x74 Pacemaker_group11.o
 .text.Pacemaker_group1_Charging_C22_h
                0x000037a0      0x178 Pacemaker_group11.o
 .text.Pacemaker_group11_Pacing
                0x00003918      0x154 Pacemaker_group11.o
 .text.Pacemaker_group_Charging_C22_hw
                0x00003a6c       0xe0 Pacemaker_group11.o
 .text.Pacemaker_grou_Charging_C22_hwp
                0x00003b4c       0xdc Pacemaker_group11.o
 .text.Pacemaker_group11_Start
                0x00003c28      0x248 Pacemaker_group11.o
 .text.Pacemaker_gro_Charging_C22_hwpq
                0x00003e70       0xe0 Pacemaker_group11.o
 .text.Pacemaker_gr_Charging_C22_hwpqo
                0x00003f50       0xdc Pacemaker_group11.o
 .text.Pacemaker_g_Charging_C22_hwpqoa
                0x0000402c      0x174 Pacemaker_group11.o
 .text.Pacemaker_group11_Pacing_i
                0x000041a0      0x154 Pacemaker_group11.o
 .text.Pacemaker__Charging_C22_hwpqoa5
                0x000042f4      0x178 Pacemaker_group11.o
 .text.Pacemaker_group11_Pacing_iu
                0x0000446c      0x154 Pacemaker_group11.o
 .text.Pacemaker_gr_SystemCore_setup_d
                0x000045c0       0x88 Pacemaker_group11.o
 .text.Pacemaker_group11_step
                0x00004648      0xd14 Pacemaker_group11.o
                0x00004648                Pacemaker_group11_step
 *fill*         0x0000535c        0x4 
 .text.Pacemaker_group11_initialize
                0x00005360      0x5c8 Pacemaker_group11.o
                0x00005360                Pacemaker_group11_initialize
 .text.Pacemaker_group11_terminate
                0x00005928      0x3bc Pacemaker_group11.o
                0x00005928                Pacemaker_group11_terminate
 .text.Pacemaker_grou_SystemCore_setup
                0x00005ce4       0x64 Send_DCM.o
 .text.Send_DCM_Init
                0x00005d48       0x28 Send_DCM.o
                0x00005d48                Send_DCM_Init
 .text.Send_DCM
                0x00005d70      0x810 Send_DCM.o
                0x00005d70                Send_DCM
 .text.Send_DCM_Term
                0x00006580       0x40 Send_DCM.o
                0x00006580                Send_DCM_Term
 .text.init_data_bss
                0x000065c0       0xd0 startup.o
                0x000065c0                init_data_bss
 .text.SystemInit
                0x00006690      0x1dc system_MK64F12.o
                0x00006690                SystemInit
 .text.SystemCoreClockUpdate
                0x0000686c      0x290 system_MK64F12.o
                0x0000686c                SystemCoreClockUpdate
 .text.PORT_HAL_SetMuxMode
                0x00006afc       0x58 board.o
 .text.SMC_HAL_SetProtection
                0x00006b54       0x1e board.o
 *fill*         0x00006b72        0x2 
 .text.BOARD_InitOsc0
                0x00006b74       0x30 board.o
                0x00006b74                BOARD_InitOsc0
 .text.BOARD_InitRtcOsc
                0x00006ba4       0x28 board.o
                0x00006ba4                BOARD_InitRtcOsc
 .text.BOARD_ClockInit
                0x00006bcc       0x34 board.o
                0x00006bcc                BOARD_ClockInit
 .text.hardware_init
                0x00006c00       0x30 hardware_init.o
                0x00006c00                hardware_init
 .text.PORT_HAL_SetMuxMode
                0x00006c30       0x58 pin_mux.o
 .text.SIM_HAL_EnableClock
                0x00006c88       0x44 pin_mux.o
 .text.configure_uart_pins
                0x00006ccc      0x194 pin_mux.o
                0x00006ccc                configure_uart_pins
 .text.DMA0_IRQHandler
                0x00006e60        0xe fsl_edma_irq.o
                0x00006e60                DMA0_IRQHandler
 .text.DMA1_IRQHandler
                0x00006e6e        0xe fsl_edma_irq.o
                0x00006e6e                DMA1_IRQHandler
 .text.DMA2_IRQHandler
                0x00006e7c        0xe fsl_edma_irq.o
                0x00006e7c                DMA2_IRQHandler
 .text.DMA3_IRQHandler
                0x00006e8a        0xe fsl_edma_irq.o
                0x00006e8a                DMA3_IRQHandler
 .text.DMA4_IRQHandler
                0x00006e98        0xe fsl_edma_irq.o
                0x00006e98                DMA4_IRQHandler
 .text.DMA5_IRQHandler
                0x00006ea6        0xe fsl_edma_irq.o
                0x00006ea6                DMA5_IRQHandler
 .text.DMA6_IRQHandler
                0x00006eb4        0xe fsl_edma_irq.o
                0x00006eb4                DMA6_IRQHandler
 .text.DMA7_IRQHandler
                0x00006ec2        0xe fsl_edma_irq.o
                0x00006ec2                DMA7_IRQHandler
 .text.DMA8_IRQHandler
                0x00006ed0        0xe fsl_edma_irq.o
                0x00006ed0                DMA8_IRQHandler
 .text.DMA9_IRQHandler
                0x00006ede        0xe fsl_edma_irq.o
                0x00006ede                DMA9_IRQHandler
 .text.DMA10_IRQHandler
                0x00006eec        0xe fsl_edma_irq.o
                0x00006eec                DMA10_IRQHandler
 .text.DMA11_IRQHandler
                0x00006efa        0xe fsl_edma_irq.o
                0x00006efa                DMA11_IRQHandler
 .text.DMA12_IRQHandler
                0x00006f08        0xe fsl_edma_irq.o
                0x00006f08                DMA12_IRQHandler
 .text.DMA13_IRQHandler
                0x00006f16        0xe fsl_edma_irq.o
                0x00006f16                DMA13_IRQHandler
 .text.DMA14_IRQHandler
                0x00006f24        0xe fsl_edma_irq.o
                0x00006f24                DMA14_IRQHandler
 .text.DMA15_IRQHandler
                0x00006f32        0xe fsl_edma_irq.o
                0x00006f32                DMA15_IRQHandler
 .text.DMA_Error_IRQHandler
                0x00006f40        0xe fsl_edma_irq.o
                0x00006f40                DMA_Error_IRQHandler
 .text.UART0_RX_TX_IRQHandler
                0x00006f4e        0xe fsl_uart_irq.o
                0x00006f4e                UART0_RX_TX_IRQHandler
 .text.UART1_RX_TX_IRQHandler
                0x00006f5c        0xe fsl_uart_irq.o
                0x00006f5c                UART1_RX_TX_IRQHandler
 .text.UART2_RX_TX_IRQHandler
                0x00006f6a        0xe fsl_uart_irq.o
                0x00006f6a                UART2_RX_TX_IRQHandler
 .text.UART3_RX_TX_IRQHandler
                0x00006f78        0xe fsl_uart_irq.o
                0x00006f78                UART3_RX_TX_IRQHandler
 .text.UART4_RX_TX_IRQHandler
                0x00006f86        0xe fsl_uart_irq.o
                0x00006f86                UART4_RX_TX_IRQHandler
 .text.UART5_RX_TX_IRQHandler
                0x00006f94        0xe fsl_uart_irq.o
                0x00006f94                UART5_RX_TX_IRQHandler
 .text.NMI_Handler
                0x00006fa2        0x6 irq_stub.o
                0x00006fa2                NMI_Handler
 .text.HardFault_Handler
                0x00006fa8        0x6 irq_stub.o
                0x00006fa8                HardFault_Handler
 .text.MemManage_Handler
                0x00006fae        0x6 irq_stub.o
                0x00006fae                MemManage_Handler
 .text.BusFault_Handler
                0x00006fb4        0x6 irq_stub.o
                0x00006fb4                BusFault_Handler
 .text.UsageFault_Handler
                0x00006fba        0x6 irq_stub.o
                0x00006fba                UsageFault_Handler
 .text.DebugMon_Handler
                0x00006fc0        0x6 irq_stub.o
                0x00006fc0                DebugMon_Handler
 .text.MCM_IRQHandler
                0x00006fc6        0x6 irq_stub.o
                0x00006fc6                MCM_IRQHandler
 .text.FTFE_IRQHandler
                0x00006fcc        0x6 irq_stub.o
                0x00006fcc                FTFE_IRQHandler
 .text.Read_Collision_IRQHandler
                0x00006fd2        0x6 irq_stub.o
                0x00006fd2                Read_Collision_IRQHandler
 .text.LVD_LVW_IRQHandler
                0x00006fd8        0x6 irq_stub.o
                0x00006fd8                LVD_LVW_IRQHandler
 .text.LLWU_IRQHandler
                0x00006fde        0x6 irq_stub.o
                0x00006fde                LLWU_IRQHandler
 .text.WDOG_EWM_IRQHandler
                0x00006fe4        0x6 irq_stub.o
                0x00006fe4                WDOG_EWM_IRQHandler
 .text.RNG_IRQHandler
                0x00006fea        0x6 irq_stub.o
                0x00006fea                RNG_IRQHandler
 .text.I2C0_IRQHandler
                0x00006ff0        0x6 irq_stub.o
                0x00006ff0                I2C0_IRQHandler
 .text.I2C1_IRQHandler
                0x00006ff6        0x6 irq_stub.o
                0x00006ff6                I2C1_IRQHandler
 .text.SPI0_IRQHandler
                0x00006ffc        0x6 irq_stub.o
                0x00006ffc                SPI0_IRQHandler
 .text.SPI1_IRQHandler
                0x00007002        0x6 irq_stub.o
                0x00007002                SPI1_IRQHandler
 .text.I2S0_Tx_IRQHandler
                0x00007008        0x6 irq_stub.o
                0x00007008                I2S0_Tx_IRQHandler
 .text.I2S0_Rx_IRQHandler
                0x0000700e        0x6 irq_stub.o
                0x0000700e                I2S0_Rx_IRQHandler
 .text.UART0_LON_IRQHandler
                0x00007014        0x6 irq_stub.o
                0x00007014                UART0_LON_IRQHandler
 .text.UART0_ERR_IRQHandler
                0x0000701a        0x6 irq_stub.o
                0x0000701a                UART0_ERR_IRQHandler
 .text.UART1_ERR_IRQHandler
                0x00007020        0x6 irq_stub.o
                0x00007020                UART1_ERR_IRQHandler
 .text.UART2_ERR_IRQHandler
                0x00007026        0x6 irq_stub.o
                0x00007026                UART2_ERR_IRQHandler
 .text.UART3_ERR_IRQHandler
                0x0000702c        0x6 irq_stub.o
                0x0000702c                UART3_ERR_IRQHandler
 .text.ADC0_IRQHandler
                0x00007032        0x6 irq_stub.o
                0x00007032                ADC0_IRQHandler
 .text.CMP0_IRQHandler
                0x00007038        0x6 irq_stub.o
                0x00007038                CMP0_IRQHandler
 .text.CMP1_IRQHandler
                0x0000703e        0x6 irq_stub.o
                0x0000703e                CMP1_IRQHandler
 .text.FTM0_IRQHandler
                0x00007044        0x6 irq_stub.o
                0x00007044                FTM0_IRQHandler
 .text.FTM1_IRQHandler
                0x0000704a        0x6 irq_stub.o
                0x0000704a                FTM1_IRQHandler
 .text.FTM2_IRQHandler
                0x00007050        0x6 irq_stub.o
                0x00007050                FTM2_IRQHandler
 .text.CMT_IRQHandler
                0x00007056        0x6 irq_stub.o
                0x00007056                CMT_IRQHandler
 .text.RTC_IRQHandler
                0x0000705c        0x6 irq_stub.o
                0x0000705c                RTC_IRQHandler
 .text.RTC_Seconds_IRQHandler
                0x00007062        0x6 irq_stub.o
                0x00007062                RTC_Seconds_IRQHandler
 .text.PDB0_IRQHandler
                0x00007068        0x6 irq_stub.o
                0x00007068                PDB0_IRQHandler
 .text.USB0_IRQHandler
                0x0000706e        0x6 irq_stub.o
                0x0000706e                USB0_IRQHandler
 .text.USBDCD_IRQHandler
                0x00007074        0x6 irq_stub.o
                0x00007074                USBDCD_IRQHandler
 .text.Reserved71_IRQHandler
                0x0000707a        0x6 irq_stub.o
                0x0000707a                Reserved71_IRQHandler
 .text.DAC0_IRQHandler
                0x00007080        0x6 irq_stub.o
                0x00007080                DAC0_IRQHandler
 .text.MCG_IRQHandler
                0x00007086        0x6 irq_stub.o
                0x00007086                MCG_IRQHandler
 .text.LPTMR0_IRQHandler
                0x0000708c        0x6 irq_stub.o
                0x0000708c                LPTMR0_IRQHandler
 .text.PORTA_IRQHandler
                0x00007092        0x6 irq_stub.o
                0x00007092                PORTA_IRQHandler
 .text.PORTB_IRQHandler
                0x00007098        0x6 irq_stub.o
                0x00007098                PORTB_IRQHandler
 .text.PORTC_IRQHandler
                0x0000709e        0x6 irq_stub.o
                0x0000709e                PORTC_IRQHandler
 .text.PORTD_IRQHandler
                0x000070a4        0x6 irq_stub.o
                0x000070a4                PORTD_IRQHandler
 .text.PORTE_IRQHandler
                0x000070aa        0x6 irq_stub.o
                0x000070aa                PORTE_IRQHandler
 .text.SWI_IRQHandler
                0x000070b0        0x6 irq_stub.o
                0x000070b0                SWI_IRQHandler
 .text.SPI2_IRQHandler
                0x000070b6        0x6 irq_stub.o
                0x000070b6                SPI2_IRQHandler
 .text.UART4_ERR_IRQHandler
                0x000070bc        0x6 irq_stub.o
                0x000070bc                UART4_ERR_IRQHandler
 .text.UART5_ERR_IRQHandler
                0x000070c2        0x6 irq_stub.o
                0x000070c2                UART5_ERR_IRQHandler
 .text.CMP2_IRQHandler
                0x000070c8        0x6 irq_stub.o
                0x000070c8                CMP2_IRQHandler
 .text.FTM3_IRQHandler
                0x000070ce        0x6 irq_stub.o
                0x000070ce                FTM3_IRQHandler
 .text.DAC1_IRQHandler
                0x000070d4        0x6 irq_stub.o
                0x000070d4                DAC1_IRQHandler
 .text.ADC1_IRQHandler
                0x000070da        0x6 irq_stub.o
                0x000070da                ADC1_IRQHandler
 .text.I2C2_IRQHandler
                0x000070e0        0x6 irq_stub.o
                0x000070e0                I2C2_IRQHandler
 .text.CAN0_ORed_Message_buffer_IRQHandler
                0x000070e6        0x6 irq_stub.o
                0x000070e6                CAN0_ORed_Message_buffer_IRQHandler
 .text.CAN0_Bus_Off_IRQHandler
                0x000070ec        0x6 irq_stub.o
                0x000070ec                CAN0_Bus_Off_IRQHandler
 .text.CAN0_Error_IRQHandler
                0x000070f2        0x6 irq_stub.o
                0x000070f2                CAN0_Error_IRQHandler
 .text.CAN0_Tx_Warning_IRQHandler
                0x000070f8        0x6 irq_stub.o
                0x000070f8                CAN0_Tx_Warning_IRQHandler
 .text.CAN0_Rx_Warning_IRQHandler
                0x000070fe        0x6 irq_stub.o
                0x000070fe                CAN0_Rx_Warning_IRQHandler
 .text.CAN0_Wake_Up_IRQHandler
                0x00007104        0x6 irq_stub.o
                0x00007104                CAN0_Wake_Up_IRQHandler
 *fill*         0x0000710a        0x2 
 .text._sbrk    0x0000710c       0x5c sbrk.o
                0x0000710c                _sbrk
 .text.schedulerTask
                0x00007168       0x1c cmsis_rtos_init.o
                0x00007168                schedulerTask
 .text.mw_initSignalEvents
                0x00007184       0x40 cmsis_rtos_init.o
                0x00007184                mw_initSignalEvents
 .text.mw_RTOSInit
                0x000071c4       0x8c cmsis_rtos_init.o
                0x000071c4                mw_RTOSInit
 .text.os_idle_demon
                0x00007250        0x8 RTX_Conf_CM.o
                0x00007250                os_idle_demon
 .text.os_error
                0x00007258       0x2c RTX_Conf_CM.o
                0x00007258                os_error
 .text.rt_init_robin
                0x00007284        0x4 RTX_Conf_CM.o
                0x00007284                rt_init_robin
 .text.rt_chk_robin
                0x00007288        0x4 RTX_Conf_CM.o
                0x00007288                rt_chk_robin
 .text.software_init_hook
                0x0000728c       0x34 RTX_Conf_CM.o
                0x0000728c                software_init_hook
 .text.mw_osThreadCreate
                0x000072c0       0x52 mw_thread.o
                0x000072c0                mw_osThreadCreate
 .text.mw_osThreadGetId
                0x00007312        0xe mw_thread.o
                0x00007312                mw_osThreadGetId
 .text.mw_osThreadExit
                0x00007320       0x22 mw_thread.o
                0x00007320                mw_osThreadExit
 .text.mw_osTimerCreate
                0x00007342       0x4e mw_timer.o
                0x00007342                mw_osTimerCreate
 .text.mw_osTimerStart
                0x00007390       0x24 mw_timer.o
                0x00007390                mw_osTimerStart
 .text.mw_osSignalSet
                0x000073b4       0x2e mw_signal.o
                0x000073b4                mw_osSignalSet
 .text.mw_osSignalClear
                0x000073e2       0x26 mw_signal.o
                0x000073e2                mw_osSignalClear
 .text.mw_osSignalWaitEver
                0x00007408       0x20 mw_signal.o
                0x00007408                mw_osSignalWaitEver
 .text.mw_osSignalEventCreate
                0x00007428       0x20 mw_signal.o
                0x00007428                mw_osSignalEventCreate
 .text.mw_osSignalEventRelease
                0x00007448       0x26 mw_signal.o
                0x00007448                mw_osSignalEventRelease
 .text.mw_osSignalEventWaitEver
                0x0000746e       0x34 mw_signal.o
                0x0000746e                mw_osSignalEventWaitEver
 *fill*         0x000074a2        0x2 
 .text.rt_roundd_snf
                0x000074a4       0xf4 C:/Users/12791/OneDrive/Documents/GitHub/3k04-lab/simulink_group11/slprj/ert/_sharedutils/rtwshared.lib(rt_roundd_snf.o)
                0x000074a4                rt_roundd_snf
 .text.osThreadExit
                0x00007598       0x18 C:/ProgramData/MATLAB/SupportPackages/R2022a/3P.instrset/cmsis.instrset/CMSIS/RTOS/RTX/LIB/GCC/libRTX_CM4.a(rt_cmsis.o)
                0x00007598                osThreadExit
 .text.svcKernelInitialize
                0x000075b0      0x104 C:/ProgramData/MATLAB/SupportPackages/R2022a/3P.instrset/cmsis.instrset/CMSIS/RTOS/RTX/LIB/GCC/libRTX_CM4.a(rt_cmsis.o)
                0x000075b0                svcKernelInitialize
 .text.svcKernelStart
                0x000076b4       0x48 C:/ProgramData/MATLAB/SupportPackages/R2022a/3P.instrset/cmsis.instrset/CMSIS/RTOS/RTX/LIB/GCC/libRTX_CM4.a(rt_cmsis.o)
                0x000076b4                svcKernelStart
 .text.osKernelInitialize
                0x000076fc       0x28 C:/ProgramData/MATLAB/SupportPackages/R2022a/3P.instrset/cmsis.instrset/CMSIS/RTOS/RTX/LIB/GCC/libRTX_CM4.a(rt_cmsis.o)
                0x000076fc                osKernelInitialize
 .text.osKernelStart
                0x00007724       0x74 C:/ProgramData/MATLAB/SupportPackages/R2022a/3P.instrset/cmsis.instrset/CMSIS/RTOS/RTX/LIB/GCC/libRTX_CM4.a(rt_cmsis.o)
                0x00007724                osKernelStart
 .text.svcThreadCreate
                0x00007798       0x7c C:/ProgramData/MATLAB/SupportPackages/R2022a/3P.instrset/cmsis.instrset/CMSIS/RTOS/RTX/LIB/GCC/libRTX_CM4.a(rt_cmsis.o)
                0x00007798                svcThreadCreate
 .text.svcThreadGetId
                0x00007814       0x18 C:/ProgramData/MATLAB/SupportPackages/R2022a/3P.instrset/cmsis.instrset/CMSIS/RTOS/RTX/LIB/GCC/libRTX_CM4.a(rt_cmsis.o)
                0x00007814                svcThreadGetId
 .text.svcThreadTerminate
                0x0000782c       0x48 C:/ProgramData/MATLAB/SupportPackages/R2022a/3P.instrset/cmsis.instrset/CMSIS/RTOS/RTX/LIB/GCC/libRTX_CM4.a(rt_cmsis.o)
                0x0000782c                svcThreadTerminate
 .text.osThreadCreate
                0x00007874       0xa4 C:/ProgramData/MATLAB/SupportPackages/R2022a/3P.instrset/cmsis.instrset/CMSIS/RTOS/RTX/LIB/GCC/libRTX_CM4.a(rt_cmsis.o)
                0x00007874                osThreadCreate
 .text.osThreadGetId
                0x00007918       0x18 C:/ProgramData/MATLAB/SupportPackages/R2022a/3P.instrset/cmsis.instrset/CMSIS/RTOS/RTX/LIB/GCC/libRTX_CM4.a(rt_cmsis.o)
                0x00007918                osThreadGetId
 .text.osThreadTerminate
                0x00007930       0x18 C:/ProgramData/MATLAB/SupportPackages/R2022a/3P.instrset/cmsis.instrset/CMSIS/RTOS/RTX/LIB/GCC/libRTX_CM4.a(rt_cmsis.o)
                0x00007930                osThreadTerminate
 .text.svcTimerCreate
                0x00007948       0x40 C:/ProgramData/MATLAB/SupportPackages/R2022a/3P.instrset/cmsis.instrset/CMSIS/RTOS/RTX/LIB/GCC/libRTX_CM4.a(rt_cmsis.o)
                0x00007948                svcTimerCreate
 .text.svcTimerStart
                0x00007988       0xdc C:/ProgramData/MATLAB/SupportPackages/R2022a/3P.instrset/cmsis.instrset/CMSIS/RTOS/RTX/LIB/GCC/libRTX_CM4.a(rt_cmsis.o)
                0x00007988                svcTimerStart
 .text.svcTimerCall
                0x00007a64       0x18 C:/ProgramData/MATLAB/SupportPackages/R2022a/3P.instrset/cmsis.instrset/CMSIS/RTOS/RTX/LIB/GCC/libRTX_CM4.a(rt_cmsis.o)
                0x00007a64                svcTimerCall
 .text.sysTimerTick
                0x00007a7c       0xc8 C:/ProgramData/MATLAB/SupportPackages/R2022a/3P.instrset/cmsis.instrset/CMSIS/RTOS/RTX/LIB/GCC/libRTX_CM4.a(rt_cmsis.o)
                0x00007a7c                sysTimerTick
 .text.osTimerCreate
                0x00007b44       0x68 C:/ProgramData/MATLAB/SupportPackages/R2022a/3P.instrset/cmsis.instrset/CMSIS/RTOS/RTX/LIB/GCC/libRTX_CM4.a(rt_cmsis.o)
                0x00007b44                osTimerCreate
 .text.osTimerStart
                0x00007bac       0x18 C:/ProgramData/MATLAB/SupportPackages/R2022a/3P.instrset/cmsis.instrset/CMSIS/RTOS/RTX/LIB/GCC/libRTX_CM4.a(rt_cmsis.o)
                0x00007bac                osTimerStart
 .text.osTimerThread
                0x00007bc4       0x3c C:/ProgramData/MATLAB/SupportPackages/R2022a/3P.instrset/cmsis.instrset/CMSIS/RTOS/RTX/LIB/GCC/libRTX_CM4.a(rt_cmsis.o)
                0x00007bc4                osTimerThread
 .text.svcSignalSet
                0x00007c00       0x2c C:/ProgramData/MATLAB/SupportPackages/R2022a/3P.instrset/cmsis.instrset/CMSIS/RTOS/RTX/LIB/GCC/libRTX_CM4.a(rt_cmsis.o)
                0x00007c00                svcSignalSet
 .text.svcSignalClear
                0x00007c2c       0x2c C:/ProgramData/MATLAB/SupportPackages/R2022a/3P.instrset/cmsis.instrset/CMSIS/RTOS/RTX/LIB/GCC/libRTX_CM4.a(rt_cmsis.o)
                0x00007c2c                svcSignalClear
 .text.svcSignalWait
                0x00007c58      0x100 C:/ProgramData/MATLAB/SupportPackages/R2022a/3P.instrset/cmsis.instrset/CMSIS/RTOS/RTX/LIB/GCC/libRTX_CM4.a(rt_cmsis.o)
                0x00007c58                svcSignalWait
 .text.osSignalSet
                0x00007d58       0x40 C:/ProgramData/MATLAB/SupportPackages/R2022a/3P.instrset/cmsis.instrset/CMSIS/RTOS/RTX/LIB/GCC/libRTX_CM4.a(rt_cmsis.o)
                0x00007d58                osSignalSet
 .text.osSignalClear
                0x00007d98       0x1c C:/ProgramData/MATLAB/SupportPackages/R2022a/3P.instrset/cmsis.instrset/CMSIS/RTOS/RTX/LIB/GCC/libRTX_CM4.a(rt_cmsis.o)
                0x00007d98                osSignalClear
 .text.osSignalWait
                0x00007db4       0x2c C:/ProgramData/MATLAB/SupportPackages/R2022a/3P.instrset/cmsis.instrset/CMSIS/RTOS/RTX/LIB/GCC/libRTX_CM4.a(rt_cmsis.o)
                0x00007db4                osSignalWait
 .text.svcMessageGet
                0x00007de0       0xbc C:/ProgramData/MATLAB/SupportPackages/R2022a/3P.instrset/cmsis.instrset/CMSIS/RTOS/RTX/LIB/GCC/libRTX_CM4.a(rt_cmsis.o)
                0x00007de0                svcMessageGet
 .text.rt_init_stack
                0x00007e9c       0xa8 C:/ProgramData/MATLAB/SupportPackages/R2022a/3P.instrset/cmsis.instrset/CMSIS/RTOS/RTX/LIB/GCC/libRTX_CM4.a(hal_cm.o)
                0x00007e9c                rt_init_stack
 .text.rt_ret_val
                0x00007f44       0x14 C:/ProgramData/MATLAB/SupportPackages/R2022a/3P.instrset/cmsis.instrset/CMSIS/RTOS/RTX/LIB/GCC/libRTX_CM4.a(hal_cm.o)
                0x00007f44                rt_ret_val
 .text.rt_ret_val2
                0x00007f58       0x24 C:/ProgramData/MATLAB/SupportPackages/R2022a/3P.instrset/cmsis.instrset/CMSIS/RTOS/RTX/LIB/GCC/libRTX_CM4.a(hal_cm.o)
                0x00007f58                rt_ret_val2
 .text.dbg_init
                0x00007f7c       0x34 C:/ProgramData/MATLAB/SupportPackages/R2022a/3P.instrset/cmsis.instrset/CMSIS/RTOS/RTX/LIB/GCC/libRTX_CM4.a(hal_cm.o)
                0x00007f7c                dbg_init
 .text.dbg_task_notify
                0x00007fb0       0x2c C:/ProgramData/MATLAB/SupportPackages/R2022a/3P.instrset/cmsis.instrset/CMSIS/RTOS/RTX/LIB/GCC/libRTX_CM4.a(hal_cm.o)
                0x00007fb0                dbg_task_notify
 .text.dbg_task_switch
                0x00007fdc       0x14 C:/ProgramData/MATLAB/SupportPackages/R2022a/3P.instrset/cmsis.instrset/CMSIS/RTOS/RTX/LIB/GCC/libRTX_CM4.a(hal_cm.o)
                0x00007fdc                dbg_task_switch
 .text.rt_init_mem
                0x00007ff0       0x1c C:/ProgramData/MATLAB/SupportPackages/R2022a/3P.instrset/cmsis.instrset/CMSIS/RTOS/RTX/LIB/GCC/libRTX_CM4.a(rt_memory.o)
                0x00007ff0                rt_init_mem
 .text.rt_alloc_mem
                0x0000800c       0x48 C:/ProgramData/MATLAB/SupportPackages/R2022a/3P.instrset/cmsis.instrset/CMSIS/RTOS/RTX/LIB/GCC/libRTX_CM4.a(rt_memory.o)
                0x0000800c                rt_alloc_mem
 .text.rt_free_mem
                0x00008054       0x54 C:/ProgramData/MATLAB/SupportPackages/R2022a/3P.instrset/cmsis.instrset/CMSIS/RTOS/RTX/LIB/GCC/libRTX_CM4.a(rt_memory.o)
                0x00008054                rt_free_mem
 .text._init_box
                0x000080a8       0x58 C:/ProgramData/MATLAB/SupportPackages/R2022a/3P.instrset/cmsis.instrset/CMSIS/RTOS/RTX/LIB/GCC/libRTX_CM4.a(rt_membox.o)
                0x000080a8                _init_box
 .text.rt_alloc_box
                0x00008100       0x1c C:/ProgramData/MATLAB/SupportPackages/R2022a/3P.instrset/cmsis.instrset/CMSIS/RTOS/RTX/LIB/GCC/libRTX_CM4.a(rt_membox.o)
                0x00008100                rt_alloc_box
 .text.rt_free_box
                0x0000811c       0x28 C:/ProgramData/MATLAB/SupportPackages/R2022a/3P.instrset/cmsis.instrset/CMSIS/RTOS/RTX/LIB/GCC/libRTX_CM4.a(rt_membox.o)
                0x0000811c                rt_free_box
 .text.rt_sem_psh
                0x00008144       0x34 C:/ProgramData/MATLAB/SupportPackages/R2022a/3P.instrset/cmsis.instrset/CMSIS/RTOS/RTX/LIB/GCC/libRTX_CM4.a(rt_semaphore.o)
                0x00008144                rt_sem_psh
 .text.rt_mbx_init
                0x00008178       0x18 C:/ProgramData/MATLAB/SupportPackages/R2022a/3P.instrset/cmsis.instrset/CMSIS/RTOS/RTX/LIB/GCC/libRTX_CM4.a(rt_mailbox.o)
                0x00008178                rt_mbx_init
 .text.rt_mbx_wait
                0x00008190       0xa8 C:/ProgramData/MATLAB/SupportPackages/R2022a/3P.instrset/cmsis.instrset/CMSIS/RTOS/RTX/LIB/GCC/libRTX_CM4.a(rt_mailbox.o)
                0x00008190                rt_mbx_wait
 .text.rt_mbx_check
                0x00008238        0x8 C:/ProgramData/MATLAB/SupportPackages/R2022a/3P.instrset/cmsis.instrset/CMSIS/RTOS/RTX/LIB/GCC/libRTX_CM4.a(rt_mailbox.o)
                0x00008238                rt_mbx_check
 .text.isr_mbx_send
                0x00008240       0x10 C:/ProgramData/MATLAB/SupportPackages/R2022a/3P.instrset/cmsis.instrset/CMSIS/RTOS/RTX/LIB/GCC/libRTX_CM4.a(rt_mailbox.o)
                0x00008240                isr_mbx_send
 .text.rt_mbx_psh
                0x00008250       0xe8 C:/ProgramData/MATLAB/SupportPackages/R2022a/3P.instrset/cmsis.instrset/CMSIS/RTOS/RTX/LIB/GCC/libRTX_CM4.a(rt_mailbox.o)
                0x00008250                rt_mbx_psh
 .text.rt_put_prio
                0x00008338       0x50 C:/ProgramData/MATLAB/SupportPackages/R2022a/3P.instrset/cmsis.instrset/CMSIS/RTOS/RTX/LIB/GCC/libRTX_CM4.a(rt_list.o)
                0x00008338                rt_put_prio
 .text.rt_get_first
                0x00008388       0x28 C:/ProgramData/MATLAB/SupportPackages/R2022a/3P.instrset/cmsis.instrset/CMSIS/RTOS/RTX/LIB/GCC/libRTX_CM4.a(rt_list.o)
                0x00008388                rt_get_first
 .text.rt_put_rdy_first
                0x000083b0       0x14 C:/ProgramData/MATLAB/SupportPackages/R2022a/3P.instrset/cmsis.instrset/CMSIS/RTOS/RTX/LIB/GCC/libRTX_CM4.a(rt_list.o)
                0x000083b0                rt_put_rdy_first
 .text.rt_resort_prio
                0x000083c4       0xac C:/ProgramData/MATLAB/SupportPackages/R2022a/3P.instrset/cmsis.instrset/CMSIS/RTOS/RTX/LIB/GCC/libRTX_CM4.a(rt_list.o)
                0x000083c4                rt_resort_prio
 .text.rt_put_dly
                0x00008470       0x60 C:/ProgramData/MATLAB/SupportPackages/R2022a/3P.instrset/cmsis.instrset/CMSIS/RTOS/RTX/LIB/GCC/libRTX_CM4.a(rt_list.o)
                0x00008470                rt_put_dly
 .text.rt_dec_dly
                0x000084d0       0xbc C:/ProgramData/MATLAB/SupportPackages/R2022a/3P.instrset/cmsis.instrset/CMSIS/RTOS/RTX/LIB/GCC/libRTX_CM4.a(rt_list.o)
                0x000084d0                rt_dec_dly
 .text.rt_rmv_list
                0x0000858c       0x2c C:/ProgramData/MATLAB/SupportPackages/R2022a/3P.instrset/cmsis.instrset/CMSIS/RTOS/RTX/LIB/GCC/libRTX_CM4.a(rt_list.o)
                0x0000858c                rt_rmv_list
 .text.rt_rmv_dly
                0x000085b8       0x30 C:/ProgramData/MATLAB/SupportPackages/R2022a/3P.instrset/cmsis.instrset/CMSIS/RTOS/RTX/LIB/GCC/libRTX_CM4.a(rt_list.o)
                0x000085b8                rt_rmv_dly
 .text.rt_psq_enq
                0x000085e8       0x44 C:/ProgramData/MATLAB/SupportPackages/R2022a/3P.instrset/cmsis.instrset/CMSIS/RTOS/RTX/LIB/GCC/libRTX_CM4.a(rt_list.o)
                0x000085e8                rt_psq_enq
 .text.rt_evt_wait
                0x0000862c       0x44 C:/ProgramData/MATLAB/SupportPackages/R2022a/3P.instrset/cmsis.instrset/CMSIS/RTOS/RTX/LIB/GCC/libRTX_CM4.a(rt_event.o)
                0x0000862c                rt_evt_wait
 .text.rt_evt_set
                0x00008670       0x58 C:/ProgramData/MATLAB/SupportPackages/R2022a/3P.instrset/cmsis.instrset/CMSIS/RTOS/RTX/LIB/GCC/libRTX_CM4.a(rt_event.o)
                0x00008670                rt_evt_set
 .text.rt_evt_clr
                0x000086c8       0x18 C:/ProgramData/MATLAB/SupportPackages/R2022a/3P.instrset/cmsis.instrset/CMSIS/RTOS/RTX/LIB/GCC/libRTX_CM4.a(rt_event.o)
                0x000086c8                rt_evt_clr
 .text.isr_evt_set
                0x000086e0       0x24 C:/ProgramData/MATLAB/SupportPackages/R2022a/3P.instrset/cmsis.instrset/CMSIS/RTOS/RTX/LIB/GCC/libRTX_CM4.a(rt_event.o)
                0x000086e0                isr_evt_set
 .text.rt_evt_psh
                0x00008704       0x50 C:/ProgramData/MATLAB/SupportPackages/R2022a/3P.instrset/cmsis.instrset/CMSIS/RTOS/RTX/LIB/GCC/libRTX_CM4.a(rt_event.o)
                0x00008704                rt_evt_psh
 .text.rt_psh_req
                0x00008754       0x20 C:/ProgramData/MATLAB/SupportPackages/R2022a/3P.instrset/cmsis.instrset/CMSIS/RTOS/RTX/LIB/GCC/libRTX_CM4.a(rt_system.o)
                0x00008754                rt_psh_req
 .text.rt_pop_req
                0x00008774       0x9c C:/ProgramData/MATLAB/SupportPackages/R2022a/3P.instrset/cmsis.instrset/CMSIS/RTOS/RTX/LIB/GCC/libRTX_CM4.a(rt_system.o)
                0x00008774                rt_pop_req
 .text.os_tick_init
                0x00008810       0x40 C:/ProgramData/MATLAB/SupportPackages/R2022a/3P.instrset/cmsis.instrset/CMSIS/RTOS/RTX/LIB/GCC/libRTX_CM4.a(rt_system.o)
                0x00008810                os_tick_init
 .text.os_tick_irqack
                0x00008850        0x4 C:/ProgramData/MATLAB/SupportPackages/R2022a/3P.instrset/cmsis.instrset/CMSIS/RTOS/RTX/LIB/GCC/libRTX_CM4.a(rt_system.o)
                0x00008850                os_tick_irqack
 .text.rt_systick
                0x00008854       0x3c C:/ProgramData/MATLAB/SupportPackages/R2022a/3P.instrset/cmsis.instrset/CMSIS/RTOS/RTX/LIB/GCC/libRTX_CM4.a(rt_system.o)
                0x00008854                rt_systick
 .text.rt_stk_check
                0x00008890       0x24 C:/ProgramData/MATLAB/SupportPackages/R2022a/3P.instrset/cmsis.instrset/CMSIS/RTOS/RTX/LIB/GCC/libRTX_CM4.a(rt_system.o)
                0x00008890                rt_stk_check
 .text.rt_switch_req
                0x000088b4       0x24 C:/ProgramData/MATLAB/SupportPackages/R2022a/3P.instrset/cmsis.instrset/CMSIS/RTOS/RTX/LIB/GCC/libRTX_CM4.a(rt_task.o)
                0x000088b4                rt_switch_req
 .text.rt_dispatch
                0x000088d8       0x78 C:/ProgramData/MATLAB/SupportPackages/R2022a/3P.instrset/cmsis.instrset/CMSIS/RTOS/RTX/LIB/GCC/libRTX_CM4.a(rt_task.o)
                0x000088d8                rt_dispatch
 .text.rt_block
                0x00008950       0x50 C:/ProgramData/MATLAB/SupportPackages/R2022a/3P.instrset/cmsis.instrset/CMSIS/RTOS/RTX/LIB/GCC/libRTX_CM4.a(rt_task.o)
                0x00008950                rt_block
 .text.rt_tsk_self
                0x000089a0       0x10 C:/ProgramData/MATLAB/SupportPackages/R2022a/3P.instrset/cmsis.instrset/CMSIS/RTOS/RTX/LIB/GCC/libRTX_CM4.a(rt_task.o)
                0x000089a0                rt_tsk_self
 .text.rt_tsk_prio
                0x000089b0       0xa0 C:/ProgramData/MATLAB/SupportPackages/R2022a/3P.instrset/cmsis.instrset/CMSIS/RTOS/RTX/LIB/GCC/libRTX_CM4.a(rt_task.o)
                0x000089b0                rt_tsk_prio
 .text.rt_tsk_create
                0x00008a50       0xc8 C:/ProgramData/MATLAB/SupportPackages/R2022a/3P.instrset/cmsis.instrset/CMSIS/RTOS/RTX/LIB/GCC/libRTX_CM4.a(rt_task.o)
                0x00008a50                rt_tsk_create
 .text.rt_tsk_delete
                0x00008b18      0x1bc C:/ProgramData/MATLAB/SupportPackages/R2022a/3P.instrset/cmsis.instrset/CMSIS/RTOS/RTX/LIB/GCC/libRTX_CM4.a(rt_task.o)
                0x00008b18                rt_tsk_delete
 .text.rt_sys_init
                0x00008cd4       0xdc C:/ProgramData/MATLAB/SupportPackages/R2022a/3P.instrset/cmsis.instrset/CMSIS/RTOS/RTX/LIB/GCC/libRTX_CM4.a(rt_task.o)
                0x00008cd4                rt_sys_init
 .text.rt_sys_start
                0x00008db0       0x8c C:/ProgramData/MATLAB/SupportPackages/R2022a/3P.instrset/cmsis.instrset/CMSIS/RTOS/RTX/LIB/GCC/libRTX_CM4.a(rt_task.o)
                0x00008db0                rt_sys_start
 .text.OSA_TimeInit
                0x00008e3c       0x40 C:/ProgramData/MATLAB/SupportPackages/R2022a/toolbox/target/supportpackages/freedomk64f/src/ksdk_armgcc_lib/bm/libksdk_platform.a(fsl_os_abstraction_bm.o)
                0x00008e3c                OSA_TimeInit
 .text.OSA_SemaCreate
                0x00008e7c       0x2c C:/ProgramData/MATLAB/SupportPackages/R2022a/toolbox/target/supportpackages/freedomk64f/src/ksdk_armgcc_lib/bm/libksdk_platform.a(fsl_os_abstraction_bm.o)
                0x00008e7c                OSA_SemaCreate
 .text.OSA_SemaPost
                0x00008ea8       0x3c C:/ProgramData/MATLAB/SupportPackages/R2022a/toolbox/target/supportpackages/freedomk64f/src/ksdk_armgcc_lib/bm/libksdk_platform.a(fsl_os_abstraction_bm.o)
                0x00008ea8                OSA_SemaPost
 .text.task_init
                0x00008ee4       0x38 C:/ProgramData/MATLAB/SupportPackages/R2022a/toolbox/target/supportpackages/freedomk64f/src/ksdk_armgcc_lib/bm/libksdk_platform.a(fsl_os_abstraction_bm.o)
                0x00008ee4                task_init
 .text.OSA_Init
                0x00008f1c        0xe C:/ProgramData/MATLAB/SupportPackages/R2022a/toolbox/target/supportpackages/freedomk64f/src/ksdk_armgcc_lib/bm/libksdk_platform.a(fsl_os_abstraction_bm.o)
                0x00008f1c                OSA_Init
 *fill*         0x00008f2a        0x2 
 .text.CLOCK_SYS_SetMcgPeeToFbe
                0x00008f2c       0x34 C:/ProgramData/MATLAB/SupportPackages/R2022a/toolbox/target/supportpackages/freedomk64f/src/ksdk_armgcc_lib/bm/libksdk_platform.a(fsl_clock_manager.o)
 .text.CLOCK_SYS_SetMcgMode
                0x00008f60      0x124 C:/ProgramData/MATLAB/SupportPackages/R2022a/toolbox/target/supportpackages/freedomk64f/src/ksdk_armgcc_lib/bm/libksdk_platform.a(fsl_clock_manager.o)
                0x00008f60                CLOCK_SYS_SetMcgMode
 .text.CLOCK_SYS_SetOscerConfigration
                0x00009084       0x20 C:/ProgramData/MATLAB/SupportPackages/R2022a/toolbox/target/supportpackages/freedomk64f/src/ksdk_armgcc_lib/bm/libksdk_platform.a(fsl_clock_manager.o)
                0x00009084                CLOCK_SYS_SetOscerConfigration
 .text.CLOCK_SYS_OscInit
                0x000090a4       0x98 C:/ProgramData/MATLAB/SupportPackages/R2022a/toolbox/target/supportpackages/freedomk64f/src/ksdk_armgcc_lib/bm/libksdk_platform.a(fsl_clock_manager.o)
                0x000090a4                CLOCK_SYS_OscInit
 .text.CLOCK_SYS_RtcOscInit
                0x0000913c       0x6c C:/ProgramData/MATLAB/SupportPackages/R2022a/toolbox/target/supportpackages/freedomk64f/src/ksdk_armgcc_lib/bm/libksdk_platform.a(fsl_clock_manager.o)
                0x0000913c                CLOCK_SYS_RtcOscInit
 .text.SIM_HAL_EnableClock.constprop.0
                0x000091a8       0x1c C:/ProgramData/MATLAB/SupportPackages/R2022a/toolbox/target/supportpackages/freedomk64f/src/ksdk_armgcc_lib/bm/libksdk_platform.a(fsl_clock_MK64F12.o)
 .text.CLOCK_SYS_GetCoreClockFreq
                0x000091c4       0x24 C:/ProgramData/MATLAB/SupportPackages/R2022a/toolbox/target/supportpackages/freedomk64f/src/ksdk_armgcc_lib/bm/libksdk_platform.a(fsl_clock_MK64F12.o)
                0x000091c4                CLOCK_SYS_GetCoreClockFreq
 .text.CLOCK_SYS_SetConfiguration
                0x000091e8       0x94 C:/ProgramData/MATLAB/SupportPackages/R2022a/toolbox/target/supportpackages/freedomk64f/src/ksdk_armgcc_lib/bm/libksdk_platform.a(fsl_clock_MK64F12.o)
                0x000091e8                CLOCK_SYS_SetConfiguration
 .text.CLOCK_SYS_FllStableDelay
                0x0000927c       0x18 C:/ProgramData/MATLAB/SupportPackages/R2022a/toolbox/target/supportpackages/freedomk64f/src/ksdk_armgcc_lib/bm/libksdk_platform.a(fsl_clock_MK64F12.o)
 .text.CLOCK_SYS_GetBusClockFreq
                0x00009294       0x24 C:/ProgramData/MATLAB/SupportPackages/R2022a/toolbox/target/supportpackages/freedomk64f/src/ksdk_armgcc_lib/bm/libksdk_platform.a(fsl_clock_MK64F12.o)
                0x00009294                CLOCK_SYS_GetBusClockFreq
 .text.CLOCK_SYS_GetUartFreq
                0x000092b8       0x16 C:/ProgramData/MATLAB/SupportPackages/R2022a/toolbox/target/supportpackages/freedomk64f/src/ksdk_armgcc_lib/bm/libksdk_platform.a(fsl_clock_MK64F12.o)
                0x000092b8                CLOCK_SYS_GetUartFreq
 *fill*         0x000092ce        0x2 
 .text.CLOCK_SYS_GetFtmExternalFreq
                0x000092d0       0x20 C:/ProgramData/MATLAB/SupportPackages/R2022a/toolbox/target/supportpackages/freedomk64f/src/ksdk_armgcc_lib/bm/libksdk_platform.a(fsl_clock_MK64F12.o)
                0x000092d0                CLOCK_SYS_GetFtmExternalFreq
 .text.CLOCK_SYS_EnablePortClock
                0x000092f0       0x30 C:/ProgramData/MATLAB/SupportPackages/R2022a/toolbox/target/supportpackages/freedomk64f/src/ksdk_armgcc_lib/bm/libksdk_platform.a(fsl_clock_MK64F12.o)
                0x000092f0                CLOCK_SYS_EnablePortClock
 .text.CLOCK_SYS_EnableAdcClock
                0x00009320       0x30 C:/ProgramData/MATLAB/SupportPackages/R2022a/toolbox/target/supportpackages/freedomk64f/src/ksdk_armgcc_lib/bm/libksdk_platform.a(fsl_clock_MK64F12.o)
                0x00009320                CLOCK_SYS_EnableAdcClock
 .text.CLOCK_SYS_EnableFtmClock
                0x00009350       0x30 C:/ProgramData/MATLAB/SupportPackages/R2022a/toolbox/target/supportpackages/freedomk64f/src/ksdk_armgcc_lib/bm/libksdk_platform.a(fsl_clock_MK64F12.o)
                0x00009350                CLOCK_SYS_EnableFtmClock
 .text.CLOCK_SYS_EnableUartClock
                0x00009380       0x30 C:/ProgramData/MATLAB/SupportPackages/R2022a/toolbox/target/supportpackages/freedomk64f/src/ksdk_armgcc_lib/bm/libksdk_platform.a(fsl_clock_MK64F12.o)
                0x00009380                CLOCK_SYS_EnableUartClock
 .text.INT_SYS_EnableIRQGlobal
                0x000093b0       0x14 C:/ProgramData/MATLAB/SupportPackages/R2022a/toolbox/target/supportpackages/freedomk64f/src/ksdk_armgcc_lib/bm/libksdk_platform.a(fsl_interrupt_manager.o)
                0x000093b0                INT_SYS_EnableIRQGlobal
 .text.INT_SYS_DisableIRQGlobal
                0x000093c4       0x10 C:/ProgramData/MATLAB/SupportPackages/R2022a/toolbox/target/supportpackages/freedomk64f/src/ksdk_armgcc_lib/bm/libksdk_platform.a(fsl_interrupt_manager.o)
                0x000093c4                INT_SYS_DisableIRQGlobal
 .text.ADC16_HAL_GetChnConvCompletedFlag.part.0
                0x000093d4       0x1c C:/ProgramData/MATLAB/SupportPackages/R2022a/toolbox/target/supportpackages/freedomk64f/src/ksdk_armgcc_lib/bm/libksdk_platform.a(fsl_adc16_driver.o)
 .text.ADC16_DRV_StructInitUserConfigDefault
                0x000093f0       0x24 C:/ProgramData/MATLAB/SupportPackages/R2022a/toolbox/target/supportpackages/freedomk64f/src/ksdk_armgcc_lib/bm/libksdk_platform.a(fsl_adc16_driver.o)
                0x000093f0                ADC16_DRV_StructInitUserConfigDefault
 .text.ADC16_DRV_Init
                0x00009414       0x90 C:/ProgramData/MATLAB/SupportPackages/R2022a/toolbox/target/supportpackages/freedomk64f/src/ksdk_armgcc_lib/bm/libksdk_platform.a(fsl_adc16_driver.o)
                0x00009414                ADC16_DRV_Init
 .text.ADC16_DRV_SetChnMux
                0x000094a4       0x40 C:/ProgramData/MATLAB/SupportPackages/R2022a/toolbox/target/supportpackages/freedomk64f/src/ksdk_armgcc_lib/bm/libksdk_platform.a(fsl_adc16_driver.o)
                0x000094a4                ADC16_DRV_SetChnMux
 .text.ADC16_DRV_ConfigConvChn
                0x000094e4       0x38 C:/ProgramData/MATLAB/SupportPackages/R2022a/toolbox/target/supportpackages/freedomk64f/src/ksdk_armgcc_lib/bm/libksdk_platform.a(fsl_adc16_driver.o)
                0x000094e4                ADC16_DRV_ConfigConvChn
 .text.ADC16_DRV_WaitConvDone
                0x0000951c       0x48 C:/ProgramData/MATLAB/SupportPackages/R2022a/toolbox/target/supportpackages/freedomk64f/src/ksdk_armgcc_lib/bm/libksdk_platform.a(fsl_adc16_driver.o)
                0x0000951c                ADC16_DRV_WaitConvDone
 .text.ADC16_DRV_GetConvValueRAW
                0x00009564       0x50 C:/ProgramData/MATLAB/SupportPackages/R2022a/toolbox/target/supportpackages/freedomk64f/src/ksdk_armgcc_lib/bm/libksdk_platform.a(fsl_adc16_driver.o)
                0x00009564                ADC16_DRV_GetConvValueRAW
 .text.EDMA_HAL_SetErrorIntCmd
                0x000095b4        0xa C:/ProgramData/MATLAB/SupportPackages/R2022a/toolbox/target/supportpackages/freedomk64f/src/ksdk_armgcc_lib/bm/libksdk_platform.a(fsl_edma_hal.o)
                0x000095b4                EDMA_HAL_SetErrorIntCmd
 .text.EDMA_HAL_SetDmaRequestCmd
                0x000095be        0xa C:/ProgramData/MATLAB/SupportPackages/R2022a/toolbox/target/supportpackages/freedomk64f/src/ksdk_armgcc_lib/bm/libksdk_platform.a(fsl_edma_hal.o)
                0x000095be                EDMA_HAL_SetDmaRequestCmd
 .text.EDMA_HAL_HTCDClearReg
                0x000095c8       0x4a C:/ProgramData/MATLAB/SupportPackages/R2022a/toolbox/target/supportpackages/freedomk64f/src/ksdk_armgcc_lib/bm/libksdk_platform.a(fsl_edma_hal.o)
                0x000095c8                EDMA_HAL_HTCDClearReg
 .text.EDMA_HAL_Init
                0x00009612       0x28 C:/ProgramData/MATLAB/SupportPackages/R2022a/toolbox/target/supportpackages/freedomk64f/src/ksdk_armgcc_lib/bm/libksdk_platform.a(fsl_edma_hal.o)
                0x00009612                EDMA_HAL_Init
 *fill*         0x0000963a        0x2 
 .text.EDMA_HAL_HTCDSetAttribute
                0x0000963c       0x48 C:/ProgramData/MATLAB/SupportPackages/R2022a/toolbox/target/supportpackages/freedomk64f/src/ksdk_armgcc_lib/bm/libksdk_platform.a(fsl_edma_hal.o)
                0x0000963c                EDMA_HAL_HTCDSetAttribute
 .text.EDMA_HAL_HTCDSetNbytes
                0x00009684       0x7c C:/ProgramData/MATLAB/SupportPackages/R2022a/toolbox/target/supportpackages/freedomk64f/src/ksdk_armgcc_lib/bm/libksdk_platform.a(fsl_edma_hal.o)
                0x00009684                EDMA_HAL_HTCDSetNbytes
 .text.EDMA_HAL_HTCDGetNbytes
                0x00009700       0x68 C:/ProgramData/MATLAB/SupportPackages/R2022a/toolbox/target/supportpackages/freedomk64f/src/ksdk_armgcc_lib/bm/libksdk_platform.a(fsl_edma_hal.o)
                0x00009700                EDMA_HAL_HTCDGetNbytes
 .text.EDMA_HAL_HTCDSetChannelMinorLink
                0x00009768       0x80 C:/ProgramData/MATLAB/SupportPackages/R2022a/toolbox/target/supportpackages/freedomk64f/src/ksdk_armgcc_lib/bm/libksdk_platform.a(fsl_edma_hal.o)
                0x00009768                EDMA_HAL_HTCDSetChannelMinorLink
 .text.EDMA_HAL_HTCDSetMajorCount
                0x000097e8       0x78 C:/ProgramData/MATLAB/SupportPackages/R2022a/toolbox/target/supportpackages/freedomk64f/src/ksdk_armgcc_lib/bm/libksdk_platform.a(fsl_edma_hal.o)
                0x000097e8                EDMA_HAL_HTCDSetMajorCount
 .text.EDMA_HAL_HTCDGetUnfinishedBytes
                0x00009860       0x54 C:/ProgramData/MATLAB/SupportPackages/R2022a/toolbox/target/supportpackages/freedomk64f/src/ksdk_armgcc_lib/bm/libksdk_platform.a(fsl_edma_hal.o)
                0x00009860                EDMA_HAL_HTCDGetUnfinishedBytes
 .text.INT_SYS_EnableIRQ
                0x000098b4       0x48 C:/ProgramData/MATLAB/SupportPackages/R2022a/toolbox/target/supportpackages/freedomk64f/src/ksdk_armgcc_lib/bm/libksdk_platform.a(fsl_edma_driver.o)
 .text.EDMA_DRV_ClaimChannel
                0x000098fc       0x70 C:/ProgramData/MATLAB/SupportPackages/R2022a/toolbox/target/supportpackages/freedomk64f/src/ksdk_armgcc_lib/bm/libksdk_platform.a(fsl_edma_driver.o)
 .text.EDMA_DRV_Init
                0x0000996c       0x84 C:/ProgramData/MATLAB/SupportPackages/R2022a/toolbox/target/supportpackages/freedomk64f/src/ksdk_armgcc_lib/bm/libksdk_platform.a(fsl_edma_driver.o)
                0x0000996c                EDMA_DRV_Init
 .text.EDMA_DRV_InstallCallback
                0x000099f0        0x8 C:/ProgramData/MATLAB/SupportPackages/R2022a/toolbox/target/supportpackages/freedomk64f/src/ksdk_armgcc_lib/bm/libksdk_platform.a(fsl_edma_driver.o)
                0x000099f0                EDMA_DRV_InstallCallback
 .text.EDMA_DRV_RequestChannel
                0x000099f8       0x70 C:/ProgramData/MATLAB/SupportPackages/R2022a/toolbox/target/supportpackages/freedomk64f/src/ksdk_armgcc_lib/bm/libksdk_platform.a(fsl_edma_driver.o)
                0x000099f8                EDMA_DRV_RequestChannel
 .text.EDMA_DRV_IRQHandler
                0x00009a68       0x30 C:/ProgramData/MATLAB/SupportPackages/R2022a/toolbox/target/supportpackages/freedomk64f/src/ksdk_armgcc_lib/bm/libksdk_platform.a(fsl_edma_driver.o)
                0x00009a68                EDMA_DRV_IRQHandler
 .text.EDMA_DRV_ErrorIRQHandler
                0x00009a98       0x8c C:/ProgramData/MATLAB/SupportPackages/R2022a/toolbox/target/supportpackages/freedomk64f/src/ksdk_armgcc_lib/bm/libksdk_platform.a(fsl_edma_driver.o)
                0x00009a98                EDMA_DRV_ErrorIRQHandler
 .text.FTM_HAL_SetClockSource
                0x00009b24       0x12 C:/ProgramData/MATLAB/SupportPackages/R2022a/toolbox/target/supportpackages/freedomk64f/src/ksdk_armgcc_lib/bm/libksdk_platform.a(fsl_ftm_driver.o)
 *fill*         0x00009b36        0x2 
 .text.FTM_HAL_SetChnCountVal.part.0
                0x00009b38       0x1c C:/ProgramData/MATLAB/SupportPackages/R2022a/toolbox/target/supportpackages/freedomk64f/src/ksdk_armgcc_lib/bm/libksdk_platform.a(fsl_ftm_driver.o)
 .text.FTM_DRV_Init
                0x00009b54      0x10c C:/ProgramData/MATLAB/SupportPackages/R2022a/toolbox/target/supportpackages/freedomk64f/src/ksdk_armgcc_lib/bm/libksdk_platform.a(fsl_ftm_driver.o)
                0x00009b54                FTM_DRV_Init
 .text.FTM_DRV_SetClock
                0x00009c60       0x54 C:/ProgramData/MATLAB/SupportPackages/R2022a/toolbox/target/supportpackages/freedomk64f/src/ksdk_armgcc_lib/bm/libksdk_platform.a(fsl_ftm_driver.o)
                0x00009c60                FTM_DRV_SetClock
 .text.FTM_DRV_GetClock
                0x00009cb4       0x68 C:/ProgramData/MATLAB/SupportPackages/R2022a/toolbox/target/supportpackages/freedomk64f/src/ksdk_armgcc_lib/bm/libksdk_platform.a(fsl_ftm_driver.o)
                0x00009cb4                FTM_DRV_GetClock
 .text.FTM_DRV_PwmStart
                0x00009d1c      0x1cc C:/ProgramData/MATLAB/SupportPackages/R2022a/toolbox/target/supportpackages/freedomk64f/src/ksdk_armgcc_lib/bm/libksdk_platform.a(fsl_ftm_driver.o)
                0x00009d1c                FTM_DRV_PwmStart
 .text.PORT_HAL_SetMuxMode.part.0
                0x00009ee8       0x1c C:/ProgramData/MATLAB/SupportPackages/R2022a/toolbox/target/supportpackages/freedomk64f/src/ksdk_armgcc_lib/bm/libksdk_platform.a(fsl_gpio_driver.o)
 .text.GPIO_DRV_InputPinInit
                0x00009f04       0xe4 C:/ProgramData/MATLAB/SupportPackages/R2022a/toolbox/target/supportpackages/freedomk64f/src/ksdk_armgcc_lib/bm/libksdk_platform.a(fsl_gpio_driver.o)
                0x00009f04                GPIO_DRV_InputPinInit
 .text.GPIO_DRV_OutputPinInit
                0x00009fe8       0x78 C:/ProgramData/MATLAB/SupportPackages/R2022a/toolbox/target/supportpackages/freedomk64f/src/ksdk_armgcc_lib/bm/libksdk_platform.a(fsl_gpio_driver.o)
                0x00009fe8                GPIO_DRV_OutputPinInit
 .text.GPIO_DRV_WritePinOutput
                0x0000a060       0x1c C:/ProgramData/MATLAB/SupportPackages/R2022a/toolbox/target/supportpackages/freedomk64f/src/ksdk_armgcc_lib/bm/libksdk_platform.a(fsl_gpio_driver.o)
                0x0000a060                GPIO_DRV_WritePinOutput
 .text.GPIO_DRV_ReadPinInput
                0x0000a07c       0x3c C:/ProgramData/MATLAB/SupportPackages/R2022a/toolbox/target/supportpackages/freedomk64f/src/ksdk_armgcc_lib/bm/libksdk_platform.a(fsl_gpio_driver.o)
                0x0000a07c                GPIO_DRV_ReadPinInput
 .text.LPTMR_HAL_SetTimerWorkingMode
                0x0000a0b8       0x3c C:/ProgramData/MATLAB/SupportPackages/R2022a/toolbox/target/supportpackages/freedomk64f/src/ksdk_armgcc_lib/bm/libksdk_platform.a(fsl_lptmr_hal.o)
                0x0000a0b8                LPTMR_HAL_SetTimerWorkingMode
 .text.LPTMR_HAL_SetPrescalerMode
                0x0000a0f4       0x1c C:/ProgramData/MATLAB/SupportPackages/R2022a/toolbox/target/supportpackages/freedomk64f/src/ksdk_armgcc_lib/bm/libksdk_platform.a(fsl_lptmr_hal.o)
                0x0000a0f4                LPTMR_HAL_SetPrescalerMode
 .text.CLOCK_HAL_TestOscFreq
                0x0000a110       0x28 C:/ProgramData/MATLAB/SupportPackages/R2022a/toolbox/target/supportpackages/freedomk64f/src/ksdk_armgcc_lib/bm/libksdk_platform.a(fsl_mcg_hal.o)
                0x0000a110                CLOCK_HAL_TestOscFreq
 .text.CLOCK_HAL_GetMcgExternalClkFreq
                0x0000a138        0xa C:/ProgramData/MATLAB/SupportPackages/R2022a/toolbox/target/supportpackages/freedomk64f/src/ksdk_armgcc_lib/bm/libksdk_platform.a(fsl_mcg_hal.o)
 .text.CLOCK_HAL_TestFllExternalRefFreq
                0x0000a142       0x2c C:/ProgramData/MATLAB/SupportPackages/R2022a/toolbox/target/supportpackages/freedomk64f/src/ksdk_armgcc_lib/bm/libksdk_platform.a(fsl_mcg_hal.o)
                0x0000a142                CLOCK_HAL_TestFllExternalRefFreq
 *fill*         0x0000a16e        0x2 
 .text.CLOCK_HAL_GetFllRefClk
                0x0000a170       0x40 C:/ProgramData/MATLAB/SupportPackages/R2022a/toolbox/target/supportpackages/freedomk64f/src/ksdk_armgcc_lib/bm/libksdk_platform.a(fsl_mcg_hal.o)
                0x0000a170                CLOCK_HAL_GetFllRefClk
 .text.CLOCK_HAL_TestFllFreq
                0x0000a1b0       0x34 C:/ProgramData/MATLAB/SupportPackages/R2022a/toolbox/target/supportpackages/freedomk64f/src/ksdk_armgcc_lib/bm/libksdk_platform.a(fsl_mcg_hal.o)
                0x0000a1b0                CLOCK_HAL_TestFllFreq
 .text.CLOCK_HAL_GetFllClk
                0x0000a1e4       0x3c C:/ProgramData/MATLAB/SupportPackages/R2022a/toolbox/target/supportpackages/freedomk64f/src/ksdk_armgcc_lib/bm/libksdk_platform.a(fsl_mcg_hal.o)
                0x0000a1e4                CLOCK_HAL_GetFllClk
 .text.CLOCK_HAL_UpdateFastClkInternalRefDiv
                0x0000a220       0x58 C:/ProgramData/MATLAB/SupportPackages/R2022a/toolbox/target/supportpackages/freedomk64f/src/ksdk_armgcc_lib/bm/libksdk_platform.a(fsl_mcg_hal.o)
                0x0000a220                CLOCK_HAL_UpdateFastClkInternalRefDiv
 .text.CLOCK_HAL_GetPll0Clk
                0x0000a278       0x48 C:/ProgramData/MATLAB/SupportPackages/R2022a/toolbox/target/supportpackages/freedomk64f/src/ksdk_armgcc_lib/bm/libksdk_platform.a(fsl_mcg_hal.o)
                0x0000a278                CLOCK_HAL_GetPll0Clk
 .text.CLOCK_HAL_EnablePll0InFllMode
                0x0000a2c0       0x38 C:/ProgramData/MATLAB/SupportPackages/R2022a/toolbox/target/supportpackages/freedomk64f/src/ksdk_armgcc_lib/bm/libksdk_platform.a(fsl_mcg_hal.o)
                0x0000a2c0                CLOCK_HAL_EnablePll0InFllMode
 .text.CLOCK_HAL_GetInternalRefClk
                0x0000a2f8       0x40 C:/ProgramData/MATLAB/SupportPackages/R2022a/toolbox/target/supportpackages/freedomk64f/src/ksdk_armgcc_lib/bm/libksdk_platform.a(fsl_mcg_hal.o)
                0x0000a2f8                CLOCK_HAL_GetInternalRefClk
 .text.CLOCK_HAL_GetOutClk
                0x0000a338       0x22 C:/ProgramData/MATLAB/SupportPackages/R2022a/toolbox/target/supportpackages/freedomk64f/src/ksdk_armgcc_lib/bm/libksdk_platform.a(fsl_mcg_hal.o)
                0x0000a338                CLOCK_HAL_GetOutClk
 .text.CLOCK_HAL_GetFixedFreqClk
                0x0000a35a       0x20 C:/ProgramData/MATLAB/SupportPackages/R2022a/toolbox/target/supportpackages/freedomk64f/src/ksdk_armgcc_lib/bm/libksdk_platform.a(fsl_mcg_hal.o)
                0x0000a35a                CLOCK_HAL_GetFixedFreqClk
 .text.CLOCK_HAL_SetOsc0Mode
                0x0000a37a       0x24 C:/ProgramData/MATLAB/SupportPackages/R2022a/toolbox/target/supportpackages/freedomk64f/src/ksdk_armgcc_lib/bm/libksdk_platform.a(fsl_mcg_hal.o)
                0x0000a37a                CLOCK_HAL_SetOsc0Mode
 *fill*         0x0000a39e        0x2 
 .text.CLOCK_HAL_PrepareOsc
                0x0000a3a0       0x30 C:/ProgramData/MATLAB/SupportPackages/R2022a/toolbox/target/supportpackages/freedomk64f/src/ksdk_armgcc_lib/bm/libksdk_platform.a(fsl_mcg_hal_modes.o)
 .text.CLOCK_HAL_GetMcgMode
                0x0000a3d0       0x7c C:/ProgramData/MATLAB/SupportPackages/R2022a/toolbox/target/supportpackages/freedomk64f/src/ksdk_armgcc_lib/bm/libksdk_platform.a(fsl_mcg_hal_modes.o)
                0x0000a3d0                CLOCK_HAL_GetMcgMode
 .text.CLOCK_HAL_SetFbiMode
                0x0000a44c       0xc0 C:/ProgramData/MATLAB/SupportPackages/R2022a/toolbox/target/supportpackages/freedomk64f/src/ksdk_armgcc_lib/bm/libksdk_platform.a(fsl_mcg_hal_modes.o)
                0x0000a44c                CLOCK_HAL_SetFbiMode
 .text.CLOCK_HAL_SetFbeMode
                0x0000a50c       0xf0 C:/ProgramData/MATLAB/SupportPackages/R2022a/toolbox/target/supportpackages/freedomk64f/src/ksdk_armgcc_lib/bm/libksdk_platform.a(fsl_mcg_hal_modes.o)
                0x0000a50c                CLOCK_HAL_SetFbeMode
 .text.CLOCK_HAL_SetPbeMode
                0x0000a5fc       0xd8 C:/ProgramData/MATLAB/SupportPackages/R2022a/toolbox/target/supportpackages/freedomk64f/src/ksdk_armgcc_lib/bm/libksdk_platform.a(fsl_mcg_hal_modes.o)
                0x0000a5fc                CLOCK_HAL_SetPbeMode
 .text.OSC_HAL_SetCapacitor
                0x0000a6d4        0xe C:/ProgramData/MATLAB/SupportPackages/R2022a/toolbox/target/supportpackages/freedomk64f/src/ksdk_armgcc_lib/bm/libksdk_platform.a(fsl_osc_hal.o)
                0x0000a6d4                OSC_HAL_SetCapacitor
 .text.CLOCK_HAL_SetOutDiv
                0x0000a6e2       0x28 C:/ProgramData/MATLAB/SupportPackages/R2022a/toolbox/target/supportpackages/freedomk64f/src/ksdk_armgcc_lib/bm/libksdk_platform.a(fsl_sim_hal_MK64F12.o)
                0x0000a6e2                CLOCK_HAL_SetOutDiv
 *fill*         0x0000a70a        0x2 
 .text.SIM_HAL_GetFtmExternalClkPinMode
                0x0000a70c       0x70 C:/ProgramData/MATLAB/SupportPackages/R2022a/toolbox/target/supportpackages/freedomk64f/src/ksdk_armgcc_lib/bm/libksdk_platform.a(fsl_sim_hal_MK64F12.o)
                0x0000a70c                SIM_HAL_GetFtmExternalClkPinMode
 .text.UART_DRV_CompleteSendData
                0x0000a77c       0x54 C:/ProgramData/MATLAB/SupportPackages/R2022a/toolbox/target/supportpackages/freedomk64f/src/ksdk_armgcc_lib/bm/libksdk_platform.a(fsl_uart_driver.o)
 .text.UART_DRV_CompleteReceiveData
                0x0000a7d0       0x5c C:/ProgramData/MATLAB/SupportPackages/R2022a/toolbox/target/supportpackages/freedomk64f/src/ksdk_armgcc_lib/bm/libksdk_platform.a(fsl_uart_driver.o)
 .text.UART_DRV_IRQHandler
                0x0000a82c       0xdc C:/ProgramData/MATLAB/SupportPackages/R2022a/toolbox/target/supportpackages/freedomk64f/src/ksdk_armgcc_lib/bm/libksdk_platform.a(fsl_uart_driver.o)
                0x0000a82c                UART_DRV_IRQHandler
 .text.EDMA_HAL_HTCDSetIntCmd
                0x0000a908       0x14 C:/ProgramData/MATLAB/SupportPackages/R2022a/toolbox/target/supportpackages/freedomk64f/src/ksdk_armgcc_lib/bm/libksdk_platform.a(fsl_uart_edma_driver.o)
 .text.UART_DRV_EdmaCompleteSendData
                0x0000a91c       0x60 C:/ProgramData/MATLAB/SupportPackages/R2022a/toolbox/target/supportpackages/freedomk64f/src/ksdk_armgcc_lib/bm/libksdk_platform.a(fsl_uart_edma_driver.o)
 .text.UART_DRV_EdmaTxCallback
                0x0000a97c        0x4 C:/ProgramData/MATLAB/SupportPackages/R2022a/toolbox/target/supportpackages/freedomk64f/src/ksdk_armgcc_lib/bm/libksdk_platform.a(fsl_uart_edma_driver.o)
 .text.UART_DRV_EdmaCompleteReceiveData
                0x0000a980       0x64 C:/ProgramData/MATLAB/SupportPackages/R2022a/toolbox/target/supportpackages/freedomk64f/src/ksdk_armgcc_lib/bm/libksdk_platform.a(fsl_uart_edma_driver.o)
 .text.UART_DRV_EdmaRxCallback
                0x0000a9e4        0x4 C:/ProgramData/MATLAB/SupportPackages/R2022a/toolbox/target/supportpackages/freedomk64f/src/ksdk_armgcc_lib/bm/libksdk_platform.a(fsl_uart_edma_driver.o)
 .text.UART_DRV_EdmaStartSendData
                0x0000a9e8       0x78 C:/ProgramData/MATLAB/SupportPackages/R2022a/toolbox/target/supportpackages/freedomk64f/src/ksdk_armgcc_lib/bm/libksdk_platform.a(fsl_uart_edma_driver.o)
 .text.UART_DRV_EdmaInit
                0x0000aa60      0x260 C:/ProgramData/MATLAB/SupportPackages/R2022a/toolbox/target/supportpackages/freedomk64f/src/ksdk_armgcc_lib/bm/libksdk_platform.a(fsl_uart_edma_driver.o)
                0x0000aa60                UART_DRV_EdmaInit
 .text.UART_DRV_EdmaSendData
                0x0000acc0       0x48 C:/ProgramData/MATLAB/SupportPackages/R2022a/toolbox/target/supportpackages/freedomk64f/src/ksdk_armgcc_lib/bm/libksdk_platform.a(fsl_uart_edma_driver.o)
                0x0000acc0                UART_DRV_EdmaSendData
 .text.UART_DRV_EdmaGetTransmitStatus
                0x0000ad08       0x58 C:/ProgramData/MATLAB/SupportPackages/R2022a/toolbox/target/supportpackages/freedomk64f/src/ksdk_armgcc_lib/bm/libksdk_platform.a(fsl_uart_edma_driver.o)
                0x0000ad08                UART_DRV_EdmaGetTransmitStatus
 .text.ADC16_HAL_Init
                0x0000ad60       0x10 C:/ProgramData/MATLAB/SupportPackages/R2022a/toolbox/target/supportpackages/freedomk64f/src/ksdk_armgcc_lib/bm/libksdk_platform.a(fsl_adc16_hal.o)
                0x0000ad60                ADC16_HAL_Init
 .text.ADC16_HAL_ConfigChn
                0x0000ad70       0x40 C:/ProgramData/MATLAB/SupportPackages/R2022a/toolbox/target/supportpackages/freedomk64f/src/ksdk_armgcc_lib/bm/libksdk_platform.a(fsl_adc16_hal.o)
                0x0000ad70                ADC16_HAL_ConfigChn
 .text.ADC16_HAL_ConfigConverter
                0x0000adb0       0x92 C:/ProgramData/MATLAB/SupportPackages/R2022a/toolbox/target/supportpackages/freedomk64f/src/ksdk_armgcc_lib/bm/libksdk_platform.a(fsl_adc16_hal.o)
                0x0000adb0                ADC16_HAL_ConfigConverter
 .text.DMAMUX_HAL_Init
                0x0000ae42       0x22 C:/ProgramData/MATLAB/SupportPackages/R2022a/toolbox/target/supportpackages/freedomk64f/src/ksdk_armgcc_lib/bm/libksdk_platform.a(fsl_dmamux_hal.o)
                0x0000ae42                DMAMUX_HAL_Init
 .text.FTM_HAL_SetChnEdgeLevel.part.0
                0x0000ae64       0x1c C:/ProgramData/MATLAB/SupportPackages/R2022a/toolbox/target/supportpackages/freedomk64f/src/ksdk_armgcc_lib/bm/libksdk_platform.a(fsl_ftm_hal.o)
 .text.FTM_HAL_Init
                0x0000ae80       0x3c C:/ProgramData/MATLAB/SupportPackages/R2022a/toolbox/target/supportpackages/freedomk64f/src/ksdk_armgcc_lib/bm/libksdk_platform.a(fsl_ftm_hal.o)
                0x0000ae80                FTM_HAL_Init
 .text.FTM_HAL_SetSyncMode
                0x0000aebc       0x98 C:/ProgramData/MATLAB/SupportPackages/R2022a/toolbox/target/supportpackages/freedomk64f/src/ksdk_armgcc_lib/bm/libksdk_platform.a(fsl_ftm_hal.o)
                0x0000aebc                FTM_HAL_SetSyncMode
 .text.FTM_HAL_Reset
                0x0000af54       0x3e C:/ProgramData/MATLAB/SupportPackages/R2022a/toolbox/target/supportpackages/freedomk64f/src/ksdk_armgcc_lib/bm/libksdk_platform.a(fsl_ftm_hal.o)
                0x0000af54                FTM_HAL_Reset
 .text.FTM_HAL_GetChnPairIndex
                0x0000af92       0x1e C:/ProgramData/MATLAB/SupportPackages/R2022a/toolbox/target/supportpackages/freedomk64f/src/ksdk_armgcc_lib/bm/libksdk_platform.a(fsl_ftm_hal.o)
                0x0000af92                FTM_HAL_GetChnPairIndex
 .text.FTM_HAL_EnablePwmMode
                0x0000afb0       0xd8 C:/ProgramData/MATLAB/SupportPackages/R2022a/toolbox/target/supportpackages/freedomk64f/src/ksdk_armgcc_lib/bm/libksdk_platform.a(fsl_ftm_hal.o)
                0x0000afb0                FTM_HAL_EnablePwmMode
 .text.GPIO_HAL_SetPinDir
                0x0000b088       0x34 C:/ProgramData/MATLAB/SupportPackages/R2022a/toolbox/target/supportpackages/freedomk64f/src/ksdk_armgcc_lib/bm/libksdk_platform.a(fsl_gpio_hal.o)
                0x0000b088                GPIO_HAL_SetPinDir
 .text.GPIO_HAL_WritePinOutput
                0x0000b0bc       0x30 C:/ProgramData/MATLAB/SupportPackages/R2022a/toolbox/target/supportpackages/freedomk64f/src/ksdk_armgcc_lib/bm/libksdk_platform.a(fsl_gpio_hal.o)
                0x0000b0bc                GPIO_HAL_WritePinOutput
 .text.UART_HAL_Init
                0x0000b0ec       0x2a C:/ProgramData/MATLAB/SupportPackages/R2022a/toolbox/target/supportpackages/freedomk64f/src/ksdk_armgcc_lib/bm/libksdk_platform.a(fsl_uart_hal.o)
                0x0000b0ec                UART_HAL_Init
 .text.UART_HAL_SetBaudRate
                0x0000b116       0x42 C:/ProgramData/MATLAB/SupportPackages/R2022a/toolbox/target/supportpackages/freedomk64f/src/ksdk_armgcc_lib/bm/libksdk_platform.a(fsl_uart_hal.o)
                0x0000b116                UART_HAL_SetBaudRate
 .text.UART_HAL_SetParityMode
                0x0000b158       0x18 C:/ProgramData/MATLAB/SupportPackages/R2022a/toolbox/target/supportpackages/freedomk64f/src/ksdk_armgcc_lib/bm/libksdk_platform.a(fsl_uart_hal.o)
                0x0000b158                UART_HAL_SetParityMode
 .text.UART_HAL_Putchar
                0x0000b170        0x6 C:/ProgramData/MATLAB/SupportPackages/R2022a/toolbox/target/supportpackages/freedomk64f/src/ksdk_armgcc_lib/bm/libksdk_platform.a(fsl_uart_hal.o)
                0x0000b170                UART_HAL_Putchar
 .text.UART_HAL_Getchar
                0x0000b176        0x8 C:/ProgramData/MATLAB/SupportPackages/R2022a/toolbox/target/supportpackages/freedomk64f/src/ksdk_armgcc_lib/bm/libksdk_platform.a(fsl_uart_hal.o)
                0x0000b176                UART_HAL_Getchar
 .text.UART_HAL_SetIntMode
                0x0000b17e       0x66 C:/ProgramData/MATLAB/SupportPackages/R2022a/toolbox/target/supportpackages/freedomk64f/src/ksdk_armgcc_lib/bm/libksdk_platform.a(fsl_uart_hal.o)
                0x0000b17e                UART_HAL_SetIntMode
 .text.UART_HAL_SetTxDmaCmd
                0x0000b1e4       0x28 C:/ProgramData/MATLAB/SupportPackages/R2022a/toolbox/target/supportpackages/freedomk64f/src/ksdk_armgcc_lib/bm/libksdk_platform.a(fsl_uart_hal.o)
                0x0000b1e4                UART_HAL_SetTxDmaCmd
 .text.UART_HAL_SetRxDmaCmd
                0x0000b20c       0x1c C:/ProgramData/MATLAB/SupportPackages/R2022a/toolbox/target/supportpackages/freedomk64f/src/ksdk_armgcc_lib/bm/libksdk_platform.a(fsl_uart_hal.o)
                0x0000b20c                UART_HAL_SetRxDmaCmd
 .text.UART_HAL_GetStatusFlag
                0x0000b228       0x30 C:/ProgramData/MATLAB/SupportPackages/R2022a/toolbox/target/supportpackages/freedomk64f/src/ksdk_armgcc_lib/bm/libksdk_platform.a(fsl_uart_hal.o)
                0x0000b228                UART_HAL_GetStatusFlag
 .text.UART_HAL_ClearStatusFlag
                0x0000b258       0x7a C:/ProgramData/MATLAB/SupportPackages/R2022a/toolbox/target/supportpackages/freedomk64f/src/ksdk_armgcc_lib/bm/libksdk_platform.a(fsl_uart_hal.o)
                0x0000b258                UART_HAL_ClearStatusFlag
 *fill*         0x0000b2d2        0x6 
 .text.ceil     0x0000b2d8      0x100 c:/progra~3/matlab/suppor~1/r2022a/3p778c~1.ins/gnuarm~1.ins/win/bin/../lib/gcc/arm-none-eabi/9.3.1/../../../../arm-none-eabi/lib/thumb/v7e-m+fp/hard\libm.a(lib_a-s_ceil.o)
                0x0000b2d8                ceil
 .text.fabs     0x0000b3d8       0x14 c:/progra~3/matlab/suppor~1/r2022a/3p778c~1.ins/gnuarm~1.ins/win/bin/../lib/gcc/arm-none-eabi/9.3.1/../../../../arm-none-eabi/lib/thumb/v7e-m+fp/hard\libm.a(lib_a-s_fabs.o)
                0x0000b3d8                fabs
 *fill*         0x0000b3ec        0x4 
 .text.floor    0x0000b3f0      0x108 c:/progra~3/matlab/suppor~1/r2022a/3p778c~1.ins/gnuarm~1.ins/win/bin/../lib/gcc/arm-none-eabi/9.3.1/../../../../arm-none-eabi/lib/thumb/v7e-m+fp/hard\libm.a(lib_a-s_floor.o)
                0x0000b3f0                floor
 .text.abort    0x0000b4f8       0x10 c:/progra~3/matlab/suppor~1/r2022a/3p778c~1.ins/gnuarm~1.ins/win/bin/../lib/gcc/arm-none-eabi/9.3.1/../../../../arm-none-eabi/lib/thumb/v7e-m+fp/hard\libg.a(lib_a-abort.o)
                0x0000b4f8                abort
 .text.__assert_func
                0x0000b508       0x3c c:/progra~3/matlab/suppor~1/r2022a/3p778c~1.ins/gnuarm~1.ins/win/bin/../lib/gcc/arm-none-eabi/9.3.1/../../../../arm-none-eabi/lib/thumb/v7e-m+fp/hard\libg.a(lib_a-assert.o)
                0x0000b508                __assert_func
 .text.atexit   0x0000b544        0xc c:/progra~3/matlab/suppor~1/r2022a/3p778c~1.ins/gnuarm~1.ins/win/bin/../lib/gcc/arm-none-eabi/9.3.1/../../../../arm-none-eabi/lib/thumb/v7e-m+fp/hard\libg.a(lib_a-atexit.o)
                0x0000b544                atexit
 .text.__errno  0x0000b550        0xc c:/progra~3/matlab/suppor~1/r2022a/3p778c~1.ins/gnuarm~1.ins/win/bin/../lib/gcc/arm-none-eabi/9.3.1/../../../../arm-none-eabi/lib/thumb/v7e-m+fp/hard\libg.a(lib_a-errno.o)
                0x0000b550                __errno
 .text.exit     0x0000b55c       0x20 c:/progra~3/matlab/suppor~1/r2022a/3p778c~1.ins/gnuarm~1.ins/win/bin/../lib/gcc/arm-none-eabi/9.3.1/../../../../arm-none-eabi/lib/thumb/v7e-m+fp/hard\libg.a(lib_a-exit.o)
                0x0000b55c                exit
 .text.__libc_fini_array
                0x0000b57c       0x2c c:/progra~3/matlab/suppor~1/r2022a/3p778c~1.ins/gnuarm~1.ins/win/bin/../lib/gcc/arm-none-eabi/9.3.1/../../../../arm-none-eabi/lib/thumb/v7e-m+fp/hard\libg.a(lib_a-fini.o)
                0x0000b57c                __libc_fini_array
 .text.fiprintf
                0x0000b5a8       0x28 c:/progra~3/matlab/suppor~1/r2022a/3p778c~1.ins/gnuarm~1.ins/win/bin/../lib/gcc/arm-none-eabi/9.3.1/../../../../arm-none-eabi/lib/thumb/v7e-m+fp/hard\libg.a(lib_a-fiprintf.o)
                0x0000b5a8                fiprintf
 .text.__libc_init_array
                0x0000b5d0       0x48 c:/progra~3/matlab/suppor~1/r2022a/3p778c~1.ins/gnuarm~1.ins/win/bin/../lib/gcc/arm-none-eabi/9.3.1/../../../../arm-none-eabi/lib/thumb/v7e-m+fp/hard\libg.a(lib_a-init.o)
                0x0000b5d0                __libc_init_array
 .text._malloc_r
                0x0000b618      0x574 c:/progra~3/matlab/suppor~1/r2022a/3p778c~1.ins/gnuarm~1.ins/win/bin/../lib/gcc/arm-none-eabi/9.3.1/../../../../arm-none-eabi/lib/thumb/v7e-m+fp/hard\libg.a(lib_a-mallocr.o)
                0x0000b618                _malloc_r
 .text.memset   0x0000bb8c       0xa0 c:/progra~3/matlab/suppor~1/r2022a/3p778c~1.ins/gnuarm~1.ins/win/bin/../lib/gcc/arm-none-eabi/9.3.1/../../../../arm-none-eabi/lib/thumb/v7e-m+fp/hard\libg.a(lib_a-memset.o)
                0x0000bb8c                memset
 .text.__malloc_lock
                0x0000bc2c        0xc c:/progra~3/matlab/suppor~1/r2022a/3p778c~1.ins/gnuarm~1.ins/win/bin/../lib/gcc/arm-none-eabi/9.3.1/../../../../arm-none-eabi/lib/thumb/v7e-m+fp/hard\libg.a(lib_a-mlock.o)
                0x0000bc2c                __malloc_lock
 .text.__malloc_unlock
                0x0000bc38        0xc c:/progra~3/matlab/suppor~1/r2022a/3p778c~1.ins/gnuarm~1.ins/win/bin/../lib/gcc/arm-none-eabi/9.3.1/../../../../arm-none-eabi/lib/thumb/v7e-m+fp/hard\libg.a(lib_a-mlock.o)
                0x0000bc38                __malloc_unlock
 .text._sbrk_r  0x0000bc44       0x24 c:/progra~3/matlab/suppor~1/r2022a/3p778c~1.ins/gnuarm~1.ins/win/bin/../lib/gcc/arm-none-eabi/9.3.1/../../../../arm-none-eabi/lib/thumb/v7e-m+fp/hard\libg.a(lib_a-sbrkr.o)
                0x0000bc44                _sbrk_r
 .text._raise_r
                0x0000bc68       0x58 c:/progra~3/matlab/suppor~1/r2022a/3p778c~1.ins/gnuarm~1.ins/win/bin/../lib/gcc/arm-none-eabi/9.3.1/../../../../arm-none-eabi/lib/thumb/v7e-m+fp/hard\libg.a(lib_a-signal.o)
                0x0000bc68                _raise_r
 .text.raise    0x0000bcc0       0x10 c:/progra~3/matlab/suppor~1/r2022a/3p778c~1.ins/gnuarm~1.ins/win/bin/../lib/gcc/arm-none-eabi/9.3.1/../../../../arm-none-eabi/lib/thumb/v7e-m+fp/hard\libg.a(lib_a-signal.o)
                0x0000bcc0                raise
 .text._kill_r  0x0000bcd0       0x2c c:/progra~3/matlab/suppor~1/r2022a/3p778c~1.ins/gnuarm~1.ins/win/bin/../lib/gcc/arm-none-eabi/9.3.1/../../../../arm-none-eabi/lib/thumb/v7e-m+fp/hard\libg.a(lib_a-signalr.o)
                0x0000bcd0                _kill_r
 .text._getpid_r
                0x0000bcfc        0x4 c:/progra~3/matlab/suppor~1/r2022a/3p778c~1.ins/gnuarm~1.ins/win/bin/../lib/gcc/arm-none-eabi/9.3.1/../../../../arm-none-eabi/lib/thumb/v7e-m+fp/hard\libg.a(lib_a-signalr.o)
                0x0000bcfc                _getpid_r
 .text.__sprint_r.part.0
                0x0000bd00       0x78 c:/progra~3/matlab/suppor~1/r2022a/3p778c~1.ins/gnuarm~1.ins/win/bin/../lib/gcc/arm-none-eabi/9.3.1/../../../../arm-none-eabi/lib/thumb/v7e-m+fp/hard\libg.a(lib_a-vfiprintf.o)
 .text._vfiprintf_r
                0x0000bd78      0xd4c c:/progra~3/matlab/suppor~1/r2022a/3p778c~1.ins/gnuarm~1.ins/win/bin/../lib/gcc/arm-none-eabi/9.3.1/../../../../arm-none-eabi/lib/thumb/v7e-m+fp/hard\libg.a(lib_a-vfiprintf.o)
                0x0000bd78                _vfiprintf_r
 .text.__sbprintf
                0x0000cac4       0x84 c:/progra~3/matlab/suppor~1/r2022a/3p778c~1.ins/gnuarm~1.ins/win/bin/../lib/gcc/arm-none-eabi/9.3.1/../../../../arm-none-eabi/lib/thumb/v7e-m+fp/hard\libg.a(lib_a-vfiprintf.o)
 .text.__swsetup_r
                0x0000cb48       0xd0 c:/progra~3/matlab/suppor~1/r2022a/3p778c~1.ins/gnuarm~1.ins/win/bin/../lib/gcc/arm-none-eabi/9.3.1/../../../../arm-none-eabi/lib/thumb/v7e-m+fp/hard\libg.a(lib_a-wsetup.o)
                0x0000cb48                __swsetup_r
 .text.__register_exitproc
                0x0000cc18       0x8c c:/progra~3/matlab/suppor~1/r2022a/3p778c~1.ins/gnuarm~1.ins/win/bin/../lib/gcc/arm-none-eabi/9.3.1/../../../../arm-none-eabi/lib/thumb/v7e-m+fp/hard\libg.a(lib_a-__atexit.o)
                0x0000cc18                __register_exitproc
 .text.startup.register_fini
                0x0000cca4       0x14 c:/progra~3/matlab/suppor~1/r2022a/3p778c~1.ins/gnuarm~1.ins/win/bin/../lib/gcc/arm-none-eabi/9.3.1/../../../../arm-none-eabi/lib/thumb/v7e-m+fp/hard\libg.a(lib_a-__call_atexit.o)
 .text.__call_exitprocs
                0x0000ccb8       0xcc c:/progra~3/matlab/suppor~1/r2022a/3p778c~1.ins/gnuarm~1.ins/win/bin/../lib/gcc/arm-none-eabi/9.3.1/../../../../arm-none-eabi/lib/thumb/v7e-m+fp/hard\libg.a(lib_a-__call_atexit.o)
                0x0000ccb8                __call_exitprocs
 .text.__sflush_r
                0x0000cd84      0x130 c:/progra~3/matlab/suppor~1/r2022a/3p778c~1.ins/gnuarm~1.ins/win/bin/../lib/gcc/arm-none-eabi/9.3.1/../../../../arm-none-eabi/lib/thumb/v7e-m+fp/hard\libg.a(lib_a-fflush.o)
                0x0000cd84                __sflush_r
 .text._fflush_r
                0x0000ceb4       0x5c c:/progra~3/matlab/suppor~1/r2022a/3p778c~1.ins/gnuarm~1.ins/win/bin/../lib/gcc/arm-none-eabi/9.3.1/../../../../arm-none-eabi/lib/thumb/v7e-m+fp/hard\libg.a(lib_a-fflush.o)
                0x0000ceb4                _fflush_r
 .text.std      0x0000cf10       0x50 c:/progra~3/matlab/suppor~1/r2022a/3p778c~1.ins/gnuarm~1.ins/win/bin/../lib/gcc/arm-none-eabi/9.3.1/../../../../arm-none-eabi/lib/thumb/v7e-m+fp/hard\libg.a(lib_a-findfp.o)
 .text._cleanup_r
                0x0000cf60        0xc c:/progra~3/matlab/suppor~1/r2022a/3p778c~1.ins/gnuarm~1.ins/win/bin/../lib/gcc/arm-none-eabi/9.3.1/../../../../arm-none-eabi/lib/thumb/v7e-m+fp/hard\libg.a(lib_a-findfp.o)
                0x0000cf60                _cleanup_r
 .text.__sinit  0x0000cf6c       0x54 c:/progra~3/matlab/suppor~1/r2022a/3p778c~1.ins/gnuarm~1.ins/win/bin/../lib/gcc/arm-none-eabi/9.3.1/../../../../arm-none-eabi/lib/thumb/v7e-m+fp/hard\libg.a(lib_a-findfp.o)
                0x0000cf6c                __sinit
 .text.__sfp_lock_acquire
                0x0000cfc0        0xc c:/progra~3/matlab/suppor~1/r2022a/3p778c~1.ins/gnuarm~1.ins/win/bin/../lib/gcc/arm-none-eabi/9.3.1/../../../../arm-none-eabi/lib/thumb/v7e-m+fp/hard\libg.a(lib_a-findfp.o)
                0x0000cfc0                __sfp_lock_acquire
 .text.__sfp_lock_release
                0x0000cfcc        0xc c:/progra~3/matlab/suppor~1/r2022a/3p778c~1.ins/gnuarm~1.ins/win/bin/../lib/gcc/arm-none-eabi/9.3.1/../../../../arm-none-eabi/lib/thumb/v7e-m+fp/hard\libg.a(lib_a-findfp.o)
                0x0000cfcc                __sfp_lock_release
 .text.__fputwc
                0x0000cfd8       0xa8 c:/progra~3/matlab/suppor~1/r2022a/3p778c~1.ins/gnuarm~1.ins/win/bin/../lib/gcc/arm-none-eabi/9.3.1/../../../../arm-none-eabi/lib/thumb/v7e-m+fp/hard\libg.a(lib_a-fputwc.o)
                0x0000cfd8                __fputwc
 .text._fputwc_r
                0x0000d080       0x68 c:/progra~3/matlab/suppor~1/r2022a/3p778c~1.ins/gnuarm~1.ins/win/bin/../lib/gcc/arm-none-eabi/9.3.1/../../../../arm-none-eabi/lib/thumb/v7e-m+fp/hard\libg.a(lib_a-fputwc.o)
                0x0000d080                _fputwc_r
 .text._malloc_trim_r
                0x0000d0e8       0xa0 c:/progra~3/matlab/suppor~1/r2022a/3p778c~1.ins/gnuarm~1.ins/win/bin/../lib/gcc/arm-none-eabi/9.3.1/../../../../arm-none-eabi/lib/thumb/v7e-m+fp/hard\libg.a(lib_a-freer.o)
                0x0000d0e8                _malloc_trim_r
 .text._free_r  0x0000d188      0x208 c:/progra~3/matlab/suppor~1/r2022a/3p778c~1.ins/gnuarm~1.ins/win/bin/../lib/gcc/arm-none-eabi/9.3.1/../../../../arm-none-eabi/lib/thumb/v7e-m+fp/hard\libg.a(lib_a-freer.o)
                0x0000d188                _free_r
 .text.__sfvwrite_r
                0x0000d390      0x2e0 c:/progra~3/matlab/suppor~1/r2022a/3p778c~1.ins/gnuarm~1.ins/win/bin/../lib/gcc/arm-none-eabi/9.3.1/../../../../arm-none-eabi/lib/thumb/v7e-m+fp/hard\libg.a(lib_a-fvwrite.o)
                0x0000d390                __sfvwrite_r
 .text._fwalk_reent
                0x0000d670       0x48 c:/progra~3/matlab/suppor~1/r2022a/3p778c~1.ins/gnuarm~1.ins/win/bin/../lib/gcc/arm-none-eabi/9.3.1/../../../../arm-none-eabi/lib/thumb/v7e-m+fp/hard\libg.a(lib_a-fwalk.o)
                0x0000d670                _fwalk_reent
 .text.__locale_mb_cur_max