Archive member included to satisfy reference by file (symbol)

C:/ProgramData/MATLAB/SupportPackages/R2022a/3P.instrset/cmsis.instrset/CMSIS/RTOS/RTX/LIB/GCC/libRTX_CM4.a(rt_cmsis.o)
                              RTX_Conf_CM.o (osKernelInitialize)
C:/ProgramData/MATLAB/SupportPackages/R2022a/3P.instrset/cmsis.instrset/CMSIS/RTOS/RTX/LIB/GCC/libRTX_CM4.a(hal_cm.o)
                              C:/ProgramData/MATLAB/SupportPackages/R2022a/3P.instrset/cmsis.instrset/CMSIS/RTOS/RTX/LIB/GCC/libRTX_CM4.a(rt_cmsis.o) (rt_ret_val)
C:/ProgramData/MATLAB/SupportPackages/R2022a/3P.instrset/cmsis.instrset/CMSIS/RTOS/RTX/LIB/GCC/libRTX_CM4.a(rt_memory.o)
                              C:/ProgramData/MATLAB/SupportPackages/R2022a/3P.instrset/cmsis.instrset/CMSIS/RTOS/RTX/LIB/GCC/libRTX_CM4.a(rt_cmsis.o) (rt_init_mem)
C:/ProgramData/MATLAB/SupportPackages/R2022a/3P.instrset/cmsis.instrset/CMSIS/RTOS/RTX/LIB/GCC/libRTX_CM4.a(rt_membox.o)
                              C:/ProgramData/MATLAB/SupportPackages/R2022a/3P.instrset/cmsis.instrset/CMSIS/RTOS/RTX/LIB/GCC/libRTX_CM4.a(rt_cmsis.o) (_init_box)
C:/ProgramData/MATLAB/SupportPackages/R2022a/3P.instrset/cmsis.instrset/CMSIS/RTOS/RTX/LIB/GCC/libRTX_CM4.a(rt_mutex.o)
                              C:/ProgramData/MATLAB/SupportPackages/R2022a/3P.instrset/cmsis.instrset/CMSIS/RTOS/RTX/LIB/GCC/libRTX_CM4.a(rt_cmsis.o) (rt_mut_init)
C:/ProgramData/MATLAB/SupportPackages/R2022a/3P.instrset/cmsis.instrset/CMSIS/RTOS/RTX/LIB/GCC/libRTX_CM4.a(rt_time.o)
                              C:/ProgramData/MATLAB/SupportPackages/R2022a/3P.instrset/cmsis.instrset/CMSIS/RTOS/RTX/LIB/GCC/libRTX_CM4.a(rt_cmsis.o) (os_time)
C:/ProgramData/MATLAB/SupportPackages/R2022a/3P.instrset/cmsis.instrset/CMSIS/RTOS/RTX/LIB/GCC/libRTX_CM4.a(rt_semaphore.o)
                              C:/ProgramData/MATLAB/SupportPackages/R2022a/3P.instrset/cmsis.instrset/CMSIS/RTOS/RTX/LIB/GCC/libRTX_CM4.a(rt_cmsis.o) (rt_sem_init)
C:/ProgramData/MATLAB/SupportPackages/R2022a/3P.instrset/cmsis.instrset/CMSIS/RTOS/RTX/LIB/GCC/libRTX_CM4.a(rt_mailbox.o)
                              C:/ProgramData/MATLAB/SupportPackages/R2022a/3P.instrset/cmsis.instrset/CMSIS/RTOS/RTX/LIB/GCC/libRTX_CM4.a(rt_cmsis.o) (rt_mbx_init)
C:/ProgramData/MATLAB/SupportPackages/R2022a/3P.instrset/cmsis.instrset/CMSIS/RTOS/RTX/LIB/GCC/libRTX_CM4.a(rt_list.o)
                              C:/ProgramData/MATLAB/SupportPackages/R2022a/3P.instrset/cmsis.instrset/CMSIS/RTOS/RTX/LIB/GCC/libRTX_CM4.a(rt_cmsis.o) (rt_put_prio)
C:/ProgramData/MATLAB/SupportPackages/R2022a/3P.instrset/cmsis.instrset/CMSIS/RTOS/RTX/LIB/GCC/libRTX_CM4.a(rt_event.o)
                              C:/ProgramData/MATLAB/SupportPackages/R2022a/3P.instrset/cmsis.instrset/CMSIS/RTOS/RTX/LIB/GCC/libRTX_CM4.a(rt_cmsis.o) (rt_evt_wait)
C:/ProgramData/MATLAB/SupportPackages/R2022a/3P.instrset/cmsis.instrset/CMSIS/RTOS/RTX/LIB/GCC/libRTX_CM4.a(rt_system.o)
                              C:/ProgramData/MATLAB/SupportPackages/R2022a/3P.instrset/cmsis.instrset/CMSIS/RTOS/RTX/LIB/GCC/libRTX_CM4.a(rt_cmsis.o) (rt_suspend)
C:/ProgramData/MATLAB/SupportPackages/R2022a/3P.instrset/cmsis.instrset/CMSIS/RTOS/RTX/LIB/GCC/libRTX_CM4.a(rt_task.o)
                              C:/ProgramData/MATLAB/SupportPackages/R2022a/3P.instrset/cmsis.instrset/CMSIS/RTOS/RTX/LIB/GCC/libRTX_CM4.a(rt_system.o) (rt_switch_req)
C:/ProgramData/MATLAB/SupportPackages/R2022a/3P.instrset/cmsis.instrset/CMSIS/RTOS/RTX/LIB/GCC/libRTX_CM4.a(hal_cm4.o)
                              C:/ProgramData/MATLAB/SupportPackages/R2022a/3P.instrset/cmsis.instrset/CMSIS/RTOS/RTX/LIB/GCC/libRTX_CM4.a(rt_task.o) (rt_get_PSP)
C:/ProgramData/MATLAB/SupportPackages/R2022a/3P.instrset/cmsis.instrset/CMSIS/RTOS/RTX/LIB/GCC/libRTX_CM4.a(svc_table.o)
                              C:/ProgramData/MATLAB/SupportPackages/R2022a/3P.instrset/cmsis.instrset/CMSIS/RTOS/RTX/LIB/GCC/libRTX_CM4.a(hal_cm4.o) (SVC_Table)
C:/ProgramData/MATLAB/SupportPackages/R2022a/3P.instrset/cmsis.instrset/CMSIS/RTOS/RTX/LIB/GCC/libRTX_CM4.a(rt_robin.o)
                              C:/ProgramData/MATLAB/SupportPackages/R2022a/3P.instrset/cmsis.instrset/CMSIS/RTOS/RTX/LIB/GCC/libRTX_CM4.a(rt_system.o) (os_robin)
C:/ProgramData/MATLAB/SupportPackages/R2022a/toolbox/target/supportpackages/freedomk64f/src/ksdk_armgcc_lib/bm/libksdk_platform.a(fsl_os_abstraction_bm.o)
                              MW_SCI.o (OSA_SemaPost)
C:/ProgramData/MATLAB/SupportPackages/R2022a/toolbox/target/supportpackages/freedomk64f/src/ksdk_armgcc_lib/bm/libksdk_platform.a(fsl_clock_manager.o)
                              board.o (CLOCK_SYS_OscInit)
C:/ProgramData/MATLAB/SupportPackages/R2022a/toolbox/target/supportpackages/freedomk64f/src/ksdk_armgcc_lib/bm/libksdk_platform.a(fsl_clock_manager_common.o)
                              C:/ProgramData/MATLAB/SupportPackages/R2022a/toolbox/target/supportpackages/freedomk64f/src/ksdk_armgcc_lib/bm/libksdk_platform.a(fsl_clock_manager.o) (g_oscBase)
[...]
Memory Configuration

Name             Origin             Length             Attributes
m_interrupts     0x00000000         0x00000400         xr
m_flash_config   0x00000400         0x00000010         xr
m_text           0x00000410         0x000ffbf0         xr
m_data_2         0x1fff0000         0x00010000         rw
m_data           0x20000000         0x00030000         rw
*default*        0x00000000         0xffffffff

Linker script and memory map

LOAD c:/progra~3/matlab/suppor~1/r2022a/3p778c~1.ins/gnuarm~1.ins/win/bin/../lib/gcc/arm-none-eabi/9.3.1/thumb/v7e-m+fp/hard/crti.o
LOAD c:/progra~3/matlab/suppor~1/r2022a/3p778c~1.ins/gnuarm~1.ins/win/bin/../lib/gcc/arm-none-eabi/9.3.1/thumb/v7e-m+fp/hard/crtbegin.o
LOAD c:/progra~3/matlab/suppor~1/r2022a/3p778c~1.ins/gnuarm~1.ins/win/bin/../lib/gcc/arm-none-eabi/9.3.1/../../../../arm-none-eabi/lib/thumb/v7e-m+fp/hard/crt0.o
LOAD MW_AnalogInput.o
LOAD mw_sdk_interface.o
LOAD MW_digitalIO.o
LOAD MW_SCI.o
LOAD ert_main.o
LOAD Send_DCM.o
LOAD text.o
LOAD text_data.o
LOAD startup.o
LOAD system_MK64F12.o
LOAD startup_MK64F12.o
LOAD board.o
LOAD hardware_init.o
LOAD pin_mux.o
LOAD fsl_misc_utilities.o
LOAD fsl_edma_irq.o
LOAD fsl_uart_irq.o
LOAD irq_stub.o
LOAD sbrk.o
LOAD cmsis_rtos_init.o
LOAD RTX_Conf_CM.o
LOAD mw_thread.o
LOAD mw_semaphore.o
LOAD mw_timer.o
LOAD mw_signal.o
LOAD C:/ProgramData/MATLAB/SupportPackages/R2022a/3P.instrset/cmsis.instrset/CMSIS/DSP/Lib/GCC/libarm_cortexM4lf_math.a
LOAD C:/ProgramData/MATLAB/SupportPackages/R2022a/3P.instrset/cmsis.instrset/CMSIS/RTOS/RTX/LIB/GCC/libRTX_CM4.a
LOAD C:/ProgramData/MATLAB/SupportPackages/R2022a/toolbox/target/supportpackages/freedomk64f/src/ksdk_armgcc_lib/bm/libksdk_platform.a
LOAD c:/progra~3/matlab/suppor~1/r2022a/3p778c~1.ins/gnuarm~1.ins/win/bin/../lib/gcc/arm-none-eabi/9.3.1/../../../../arm-none-eabi/lib/thumb/v7e-m+fp/hard\libstdc++.a
LOAD c:/progra~3/matlab/suppor~1/r2022a/3p778c~1.ins/gnuarm~1.ins/win/bin/../lib/gcc/arm-none-eabi/9.3.1/../../../../arm-none-eabi/lib/thumb/v7e-m+fp/hard\libm.a
START GROUP
LOAD c:/progra~3/matlab/suppor~1/r2022a/3p778c~1.ins/gnuarm~1.ins/win/bin/../lib/gcc/arm-none-eabi/9.3.1/thumb/v7e-m+fp/hard\libgcc.a
LOAD c:/progra~3/matlab/suppor~1/r2022a/3p778c~1.ins/gnuarm~1.ins/win/bin/../lib/gcc/arm-none-eabi/9.3.1/../../../../arm-none-eabi/lib/thumb/v7e-m+fp/hard\libg.a
LOAD c:/progra~3/matlab/suppor~1/r2022a/3p778c~1.ins/gnuarm~1.ins/win/bin/../lib/gcc/arm-none-eabi/9.3.1/../../../../arm-none-eabi/lib/thumb/v7e-m+fp/hard\libc.a
END GROUP
START GROUP
LOAD c:/progra~3/matlab/suppor~1/r2022a/3p778c~1.ins/gnuarm~1.ins/win/bin/../lib/gcc/arm-none-eabi/9.3.1/thumb/v7e-m+fp/hard\libgcc.a
LOAD c:/progra~3/matlab/suppor~1/r2022a/3p778c~1.ins/gnuarm~1.ins/win/bin/../lib/gcc/arm-none-eabi/9.3.1/../../../../arm-none-eabi/lib/thumb/v7e-m+fp/hard\libc.a
LOAD c:/progra~3/matlab/suppor~1/r2022a/3p778c~1.ins/gnuarm~1.ins/win/bin/../lib/gcc/arm-none-eabi/9.3.1/../../../../arm-none-eabi/lib/thumb/v7e-m+fp/hard\libnosys.a
END GROUP
LOAD c:/progra~3/matlab/suppor~1/r2022a/3p778c~1.ins/gnuarm~1.ins/win/bin/../lib/gcc/arm-none-eabi/9.3.1/thumb/v7e-m+fp/hard/crtend.o
LOAD c:/progra~3/matlab/suppor~1/r2022a/3p778c~1.ins/gnuarm~1.ins/win/bin/../lib/gcc/arm-none-eabi/9.3.1/thumb/v7e-m+fp/hard/crtn.o
                0x00000400                HEAP_SIZE = DEFINED (__heap_size__)?__heap_size__:0x400
                0x00000400                STACK_SIZE = DEFINED (__stack_size__)?__stack_size__:0x400
                0x00000000                M_VECTOR_RAM_SIZE = DEFINED (__ram_vector_table__)?0x400:0x0

.interrupts     0x00000000      0x400
                0x00000000                __VECTOR_TABLE = .
                0x00000000                . = ALIGN (0x4)
 *(.isr_vector)
 .isr_vector    0x00000000      0x400 startup_MK64F12.o
                0x00000000                __isr_vector
                0x00000400                . = ALIGN (0x4)

.flash_config   0x00000400       0x10
                0x00000400                . = ALIGN (0x4)
 *(.FlashConfig)
 .FlashConfig   0x00000400       0x10 startup_MK64F12.o
                0x00000410                . = ALIGN (0x4)

.text           0x00000440     0xb66c
                0x00000440                . = ALIGN (0x4)
 *(.text)
 .text          0x00000440       0x40 c:/progra~3/matlab/suppor~1/r2022a/3p778c~1.ins/gnuarm~1.ins/win/bin/../lib/gcc/arm-none-eabi/9.3.1/thumb/v7e-m+fp/hard/crtbegin.o
 .text          0x00000480       0x7c c:/progra~3/matlab/suppor~1/r2022a/3p778c~1.ins/gnuarm~1.ins/win/bin/../lib/gcc/arm-none-eabi/9.3.1/../../../../arm-none-eabi/lib/thumb/v7e-m+fp/hard/crt0.o
                0x00000480                _stack_init
                0x00000488                _start
                0x00000488                _mainCRTStartup
 .text          0x000004fc       0x14 startup_MK64F12.o
                0x000004fc                Reset_Handler
                0x0000050c                ENET_Receive_IRQHandler
                0x0000050c                ENET_1588_Timer_IRQHandler
                0x0000050c                DefaultISR
                0x0000050c                PIT2_IRQHandler
                0x0000050c                PIT0_IRQHandler
                0x0000050c                ENET_Error_IRQHandler
                0x0000050c                PIT3_IRQHandler
                0x0000050c                SDHC_IRQHandler
                0x0000050c                ENET_Transmit_IRQHandler
                0x0000050c                PIT1_IRQHandler
 .text          0x00000510      0x198 C:/ProgramData/MATLAB/SupportPackages/R2022a/3P.instrset/cmsis.instrset/CMSIS/RTOS/RTX/LIB/GCC/libRTX_CM4.a(hal_cm4.o)
                0x00000510                rt_set_PSP
                0x00000516                rt_get_PSP
                0x0000051c                os_set_env
                0x00000534                _alloc_box
                0x00000550                _free_box
                0x0000056c                SVC_Handler
                0x00000612                PendSV_Handler
                0x00000618                Sys_Switch
                0x00000672                SysTick_Handler
                0x0000067c                OS_Tick_Handler
 .text          0x000006a8      0x254 c:/progra~3/matlab/suppor~1/r2022a/3p778c~1.ins/gnuarm~1.ins/win/bin/../lib/gcc/arm-none-eabi/9.3.1/thumb/v7e-m+fp/hard\libgcc.a(_arm_muldf3.o)
                0x000006a8                __muldf3
                0x000006a8                __aeabi_dmul
 .text          0x000008fc      0x378 c:/progra~3/matlab/suppor~1/r2022a/3p778c~1.ins/gnuarm~1.ins/win/bin/../lib/gcc/arm-none-eabi/9.3.1/thumb/v7e-m+fp/hard\libgcc.a(_arm_addsubdf3.o)
                0x000008fc                __aeabi_drsub
                0x00000904                __aeabi_dsub
                0x00000904                __subdf3
                0x00000908                __aeabi_dadd
                0x00000908                __adddf3
                0x00000b80                __floatunsidf
                0x00000b80                __aeabi_ui2d
                0x00000ba0                __floatsidf
                0x00000ba0                __aeabi_i2d
                0x00000bc4                __aeabi_f2d
                0x00000bc4                __extendsfdf2
                0x00000c08                __floatundidf
                0x00000c08                __aeabi_ul2d
                0x00000c18                __floatdidf
                0x00000c18                __aeabi_l2d
 .text          0x00000c74      0x110 c:/progra~3/matlab/suppor~1/r2022a/3p778c~1.ins/gnuarm~1.ins/win/bin/../lib/gcc/arm-none-eabi/9.3.1/thumb/v7e-m+fp/hard\libgcc.a(_arm_cmpdf2.o)
                0x00000c74                __gtdf2
                0x00000c74                __gedf2
                0x00000c7c                __ltdf2
                0x00000c7c                __ledf2
                0x00000c84                __nedf2
                0x00000c84                __eqdf2
                0x00000c84                __cmpdf2
                0x00000d00                __aeabi_cdrcmple
                0x00000d10                __aeabi_cdcmpeq
                0x00000d10                __aeabi_cdcmple
                0x00000d20                __aeabi_dcmpeq
                0x00000d34                __aeabi_dcmplt
                0x00000d48                __aeabi_dcmple
                0x00000d5c                __aeabi_dcmpge
                0x00000d70                __aeabi_dcmpgt
 .text          0x00000d84       0x30 c:/progra~3/matlab/suppor~1/r2022a/3p778c~1.ins/gnuarm~1.ins/win/bin/../lib/gcc/arm-none-eabi/9.3.1/thumb/v7e-m+fp/hard\libgcc.a(_aeabi_uldivmod.o)
                0x00000d84                __aeabi_uldivmod
 .text          0x00000db4      0x2c4 c:/progra~3/matlab/suppor~1/r2022a/3p778c~1.ins/gnuarm~1.ins/win/bin/../lib/gcc/arm-none-eabi/9.3.1/thumb/v7e-m+fp/hard\libgcc.a(_udivmoddi4.o)
                0x00000db4                __udivmoddi4
 .text          0x00001078      0x9b8 c:/progra~3/matlab/suppor~1/r2022a/3p778c~1.ins/gnuarm~1.ins/win/bin/../lib/gcc/arm-none-eabi/9.3.1/thumb/v7e-m+fp/hard\libgcc.a(unwind-arm.o)
                0x00001320                _Unwind_GetCFA
                0x00001324                __gnu_Unwind_RaiseException
                0x00001384                __gnu_Unwind_ForcedUnwind
                0x00001398                __gnu_Unwind_Resume
                0x000013dc                __gnu_Unwind_Resume_or_Rethrow
                0x000013ec                _Unwind_Complete
                0x000013f0                _Unwind_DeleteException
                0x000013fc                _Unwind_VRS_Get
                0x00001444                _Unwind_VRS_Set
                0x0000148c                __gnu_Unwind_Backtrace
                0x000017ac                __aeabi_unwind_cpp_pr0
                0x000017b0                __aeabi_unwind_cpp_pr1
                0x000017b4                __aeabi_unwind_cpp_pr2
                0x000017b8                _Unwind_VRS_Pop
 .text          0x00001a30      0x1ac c:/progra~3/matlab/suppor~1/r2022a/3p778c~1.ins/gnuarm~1.ins/win/bin/../lib/gcc/arm-none-eabi/9.3.1/thumb/v7e-m+fp/hard\libgcc.a(libunwind.o)
                0x00001a30                __restore_core_regs
                0x00001a30                restore_core_regs
                0x00001a48                __gnu_Unwind_Restore_VFP
                0x00001a50                __gnu_Unwind_Save_VFP
                0x00001a58                __gnu_Unwind_Restore_VFP_D
                0x00001a60                __gnu_Unwind_Save_VFP_D
                0x00001a68                __gnu_Unwind_Restore_VFP_D_16_to_31
                0x00001a70                __gnu_Unwind_Save_VFP_D_16_to_31
                0x00001a78                __gnu_Unwind_Restore_WMMXD
                0x00001abc                __gnu_Unwind_Save_WMMXD
                0x00001b00                __gnu_Unwind_Restore_WMMXC
                0x00001b14                __gnu_Unwind_Save_WMMXC
                0x00001b28                ___Unwind_RaiseException
                0x00001b28                _Unwind_RaiseException
                0x00001b4c                _Unwind_Resume
                0x00001b4c                ___Unwind_Resume
                0x00001b70                _Unwind_Resume_or_Rethrow
                0x00001b70                ___Unwind_Resume_or_Rethrow
                0x00001b94                _Unwind_ForcedUnwind
                0x00001b94                ___Unwind_ForcedUnwind
                0x00001bb8                ___Unwind_Backtrace
                0x00001bb8                _Unwind_Backtrace
 .text          0x00001bdc      0x340 c:/progra~3/matlab/suppor~1/r2022a/3p778c~1.ins/gnuarm~1.ins/win/bin/../lib/gcc/arm-none-eabi/9.3.1/thumb/v7e-m+fp/hard\libgcc.a(pr-support.o)
                0x00001c34                __gnu_unwind_execute
                0x00001ed0                __gnu_unwind_frame
                0x00001efc                _Unwind_GetRegionStart
                0x00001f08                _Unwind_GetLanguageSpecificData
 .text          0x00001f1c        0x4 c:/progra~3/matlab/suppor~1/r2022a/3p778c~1.ins/gnuarm~1.ins/win/bin/../lib/gcc/arm-none-eabi/9.3.1/thumb/v7e-m+fp/hard\libgcc.a(_dvmd_tls.o)
                0x00001f1c                __aeabi_idiv0
                0x00001f1c                __aeabi_ldiv0
 .text          0x00001f20      0x134 c:/progra~3/matlab/suppor~1/r2022a/3p778c~1.ins/gnuarm~1.ins/win/bin/../lib/gcc/arm-none-eabi/9.3.1/../../../../arm-none-eabi/lib/thumb/v7e-m+fp/hard\libg.a(lib_a-memcpy.o)
                0x00001f20                memcpy
 *fill*         0x00002054        0xc 
 .text          0x00002060       0xa0 c:/progra~3/matlab/suppor~1/r2022a/3p778c~1.ins/gnuarm~1.ins/win/bin/../lib/gcc/arm-none-eabi/9.3.1/../../../../arm-none-eabi/lib/thumb/v7e-m+fp/hard\libg.a(lib_a-memchr.o)
                0x00002060                memchr
 .text          0x00002100       0xdc c:/progra~3/matlab/suppor~1/r2022a/3p778c~1.ins/gnuarm~1.ins/win/bin/../lib/gcc/arm-none-eabi/9.3.1/../../../../arm-none-eabi/lib/thumb/v7e-m+fp/hard\libg.a(lib_a-strlen.o)
                0x00002100                strlen
 *(.text*)
 .text.MW_AnalogInSingle_Open
                0x000021dc       0xa8 MW_AnalogInput.o
                0x000021dc                MW_AnalogInSingle_Open
 .text.MW_AnalogIn_SetTriggerSource
                0x00002284       0x1a MW_AnalogInput.o
                0x00002284                MW_AnalogIn_SetTriggerSource
 *fill*         0x0000229e        0x2 
 .text.MW_AnalogInSingle_ReadResult
                0x000022a0       0xb8 MW_AnalogInput.o
                0x000022a0                MW_AnalogInSingle_ReadResult
 .text.MW_AnalogIn_Start
                0x00002358       0x14 MW_AnalogInput.o
                0x00002358                MW_AnalogIn_Start
 .text.MW_AnalogIn_Stop
                0x0000236c       0x14 MW_AnalogInput.o
                0x0000236c                MW_AnalogIn_Stop
 .text.MW_AnalogIn_Close
                0x00002380       0x14 MW_AnalogInput.o
                0x00002380                MW_AnalogIn_Close
 .text.MW_digitalIO_open
                0x00002394       0xe0 MW_digitalIO.o
                0x00002394                MW_digitalIO_open
 .text.MW_digitalIO_read
                0x00002474       0x70 MW_digitalIO.o
                0x00002474                MW_digitalIO_read
 .text.MW_digitalIO_close
                0x000024e4       0x3c MW_digitalIO.o
                0x000024e4                MW_digitalIO_close
 .text.EDMA_HAL_HTCDSetDestAddr
                0x00002520       0x48 MW_SCI.o
 .text.EDMA_HAL_HTCDSetIntCmd
                0x00002568       0x58 MW_SCI.o
 .text.MW_SCI_Open
                0x000025c0      0x5b0 MW_SCI.o
                0x000025c0                MW_SCI_Open
 .text.MW_SCI_SetBaudrate
                0x00002b70       0x18 MW_SCI.o
                0x00002b70                MW_SCI_SetBaudrate
 .text.MW_SCI_SetFrameFormat
                0x00002b88       0x28 MW_SCI.o
                0x00002b88                MW_SCI_SetFrameFormat
 .text.MW_SCI_Receive
                0x00002bb0       0xa4 MW_SCI.o
                0x00002bb0                MW_SCI_Receive
 .text.MW_SCI_Transmit
                0x00002c54       0x80 MW_SCI.o
                0x00002c54                MW_SCI_Transmit
 .text.MW_SCI_Close
                0x00002cd4       0x14 MW_SCI.o
                0x00002cd4                MW_SCI_Close
 .text.MW_UART_DRV_EdmaStartReceiveData
                0x00002ce8       0xac MW_SCI.o
 .text.MW_UART_DRV_EdmaRxCallback
                0x00002d94       0x1c MW_SCI.o
 .text.MW_UART_DRV_EdmaCompleteReceiveData
                0x00002db0      0x120 MW_SCI.o
 .text.baseRateTask
                0x00002ed0       0x7c ert_main.o
                0x00002ed0                baseRateTask
 .text.terminateTask
                0x00002f4c       0x34 ert_main.o
                0x00002f4c                terminateTask
 .text.main     0x00002f80       0x48 ert_main.o
                0x00002f80                main
 .text.text_SystemCore_setup
                0x00002fc8       0x64 Send_DCM.o
 .text.Send_DCM_Init
                0x0000302c       0x28 Send_DCM.o
                0x0000302c                Send_DCM_Init
 .text.Send_DCM
                0x00003054      0x39c Send_DCM.o
                0x00003054                Send_DCM
 .text.Send_DCM_Term
                0x000033f0       0x40 Send_DCM.o
                0x000033f0                Send_DCM_Term
 .text.text_SystemCore_setup_m
                0x00003430       0x78 text.o
 .text.text_step
                0x000034a8      0x3a8 text.o
                0x000034a8                text_step
 .text.text_initialize
                0x00003850      0x1d4 text.o
                0x00003850                text_initialize
 .text.text_terminate
                0x00003a24      0x108 text.o
                0x00003a24                text_terminate
 .text.init_data_bss
                0x00003b2c       0xd0 startup.o
                0x00003b2c                init_data_bss
 .text.SystemInit
                0x00003bfc      0x1dc system_MK64F12.o
                0x00003bfc                SystemInit
 .text.SystemCoreClockUpdate
                0x00003dd8      0x290 system_MK64F12.o
                0x00003dd8                SystemCoreClockUpdate
 .text.PORT_HAL_SetMuxMode
                0x00004068       0x58 board.o
 .text.SMC_HAL_SetProtection
                0x000040c0       0x1e board.o
 *fill*         0x000040de        0x2 
 .text.BOARD_InitOsc0
                0x000040e0       0x30 board.o
                0x000040e0                BOARD_InitOsc0
 .text.BOARD_InitRtcOsc
                0x00004110       0x28 board.o
                0x00004110                BOARD_InitRtcOsc
 .text.BOARD_ClockInit
                0x00004138       0x34 board.o
                0x00004138                BOARD_ClockInit
 .text.hardware_init
                0x0000416c       0x30 hardware_init.o
                0x0000416c                hardware_init
 .text.PORT_HAL_SetMuxMode
                0x0000419c       0x58 pin_mux.o
 .text.SIM_HAL_EnableClock
                0x000041f4       0x44 pin_mux.o
 .text.configure_uart_pins
                0x00004238      0x194 pin_mux.o
                0x00004238                configure_uart_pins
 .text.DMA0_IRQHandler
                0x000043cc        0xe fsl_edma_irq.o
                0x000043cc                DMA0_IRQHandler
 .text.DMA1_IRQHandler
                0x000043da        0xe fsl_edma_irq.o
                0x000043da                DMA1_IRQHandler
 .text.DMA2_IRQHandler
                0x000043e8        0xe fsl_edma_irq.o
                0x000043e8                DMA2_IRQHandler
 .text.DMA3_IRQHandler
                0x000043f6        0xe fsl_edma_irq.o
                0x000043f6                DMA3_IRQHandler
 .text.DMA4_IRQHandler
                0x00004404        0xe fsl_edma_irq.o
                0x00004404                DMA4_IRQHandler
 .text.DMA5_IRQHandler
                0x00004412        0xe fsl_edma_irq.o
                0x00004412                DMA5_IRQHandler
 .text.DMA6_IRQHandler
                0x00004420        0xe fsl_edma_irq.o
                0x00004420                DMA6_IRQHandler
 .text.DMA7_IRQHandler
                0x0000442e        0xe fsl_edma_irq.o
                0x0000442e                DMA7_IRQHandler
 .text.DMA8_IRQHandler
                0x0000443c        0xe fsl_edma_irq.o
                0x0000443c                DMA8_IRQHandler
 .text.DMA9_IRQHandler
                0x0000444a        0xe fsl_edma_irq.o
                0x0000444a                DMA9_IRQHandler
 .text.DMA10_IRQHandler
                0x00004458        0xe fsl_edma_irq.o
                0x00004458                DMA10_IRQHandler
 .text.DMA11_IRQHandler
                0x00004466        0xe fsl_edma_irq.o
                0x00004466                DMA11_IRQHandler
 .text.DMA12_IRQHandler
                0x00004474        0xe fsl_edma_irq.o
                0x00004474                DMA12_IRQHandler
 .text.DMA13_IRQHandler
                0x00004482        0xe fsl_edma_irq.o
                0x00004482                DMA13_IRQHandler
 .text.DMA14_IRQHandler
                0x00004490        0xe fsl_edma_irq.o
                0x00004490                DMA14_IRQHandler
 .text.DMA15_IRQHandler
                0x0000449e        0xe fsl_edma_irq.o
                0x0000449e                DMA15_IRQHandler
 .text.DMA_Error_IRQHandler
                0x000044ac        0xe fsl_edma_irq.o
                0x000044ac                DMA_Error_IRQHandler
 .text.UART0_RX_TX_IRQHandler
                0x000044ba        0xe fsl_uart_irq.o
                0x000044ba                UART0_RX_TX_IRQHandler
 .text.UART1_RX_TX_IRQHandler
                0x000044c8        0xe fsl_uart_irq.o
                0x000044c8                UART1_RX_TX_IRQHandler
 .text.UART2_RX_TX_IRQHandler
                0x000044d6        0xe fsl_uart_irq.o
                0x000044d6                UART2_RX_TX_IRQHandler
 .text.UART3_RX_TX_IRQHandler
                0x000044e4        0xe fsl_uart_irq.o
                0x000044e4                UART3_RX_TX_IRQHandler
 .text.UART4_RX_TX_IRQHandler
                0x000044f2        0xe fsl_uart_irq.o
                0x000044f2                UART4_RX_TX_IRQHandler
 .text.UART5_RX_TX_IRQHandler
                0x00004500        0xe fsl_uart_irq.o
                0x00004500                UART5_RX_TX_IRQHandler
 .text.NMI_Handler
                0x0000450e        0x6 irq_stub.o
                0x0000450e                NMI_Handler
 .text.HardFault_Handler
                0x00004514        0x6 irq_stub.o
                0x00004514                HardFault_Handler
 .text.MemManage_Handler
                0x0000451a        0x6 irq_stub.o
                0x0000451a                MemManage_Handler
 .text.BusFault_Handler
                0x00004520        0x6 irq_stub.o
                0x00004520                BusFault_Handler
 .text.UsageFault_Handler
                0x00004526        0x6 irq_stub.o
                0x00004526                UsageFault_Handler
 .text.DebugMon_Handler
                0x0000452c        0x6 irq_stub.o
                0x0000452c                DebugMon_Handler
 .text.MCM_IRQHandler
                0x00004532        0x6 irq_stub.o
                0x00004532                MCM_IRQHandler
 .text.FTFE_IRQHandler
                0x00004538        0x6 irq_stub.o
                0x00004538                FTFE_IRQHandler
 .text.Read_Collision_IRQHandler
                0x0000453e        0x6 irq_stub.o
                0x0000453e                Read_Collision_IRQHandler
 .text.LVD_LVW_IRQHandler
                0x00004544        0x6 irq_stub.o
                0x00004544                LVD_LVW_IRQHandler
 .text.LLWU_IRQHandler
                0x0000454a        0x6 irq_stub.o
                0x0000454a                LLWU_IRQHandler
 .text.WDOG_EWM_IRQHandler
                0x00004550        0x6 irq_stub.o
                0x00004550                WDOG_EWM_IRQHandler
 .text.RNG_IRQHandler
                0x00004556        0x6 irq_stub.o
                0x00004556                RNG_IRQHandler
 .text.I2C0_IRQHandler
                0x0000455c        0x6 irq_stub.o
                0x0000455c                I2C0_IRQHandler
 .text.I2C1_IRQHandler
                0x00004562        0x6 irq_stub.o
                0x00004562                I2C1_IRQHandler
 .text.SPI0_IRQHandler
                0x00004568        0x6 irq_stub.o
                0x00004568                SPI0_IRQHandler
 .text.SPI1_IRQHandler
                0x0000456e        0x6 irq_stub.o
                0x0000456e                SPI1_IRQHandler
 .text.I2S0_Tx_IRQHandler
                0x00004574        0x6 irq_stub.o
                0x00004574                I2S0_Tx_IRQHandler
 .text.I2S0_Rx_IRQHandler
                0x0000457a        0x6 irq_stub.o
                0x0000457a                I2S0_Rx_IRQHandler
 .text.UART0_LON_IRQHandler
                0x00004580        0x6 irq_stub.o
                0x00004580                UART0_LON_IRQHandler
 .text.UART0_ERR_IRQHandler
                0x00004586        0x6 irq_stub.o
                0x00004586                UART0_ERR_IRQHandler
 .text.UART1_ERR_IRQHandler
                0x0000458c        0x6 irq_stub.o
                0x0000458c                UART1_ERR_IRQHandler
 .text.UART2_ERR_IRQHandler
                0x00004592        0x6 irq_stub.o
                0x00004592                UART2_ERR_IRQHandler
 .text.UART3_ERR_IRQHandler
                0x00004598        0x6 irq_stub.o
                0x00004598                UART3_ERR_IRQHandler
 .text.ADC0_IRQHandler
                0x0000459e        0x6 irq_stub.o
                0x0000459e                ADC0_IRQHandler
 .text.CMP0_IRQHandler
                0x000045a4        0x6 irq_stub.o
                0x000045a4                CMP0_IRQHandler
 .text.CMP1_IRQHandler
                0x000045aa        0x6 irq_stub.o
                0x000045aa                CMP1_IRQHandler
 .text.FTM0_IRQHandler
                0x000045b0        0x6 irq_stub.o
                0x000045b0                FTM0_IRQHandler
 .text.FTM1_IRQHandler
                0x000045b6        0x6 irq_stub.o
                0x000045b6                FTM1_IRQHandler
 .text.FTM2_IRQHandler
                0x000045bc        0x6 irq_stub.o
                0x000045bc                FTM2_IRQHandler
 .text.CMT_IRQHandler
                0x000045c2        0x6 irq_stub.o
                0x000045c2                CMT_IRQHandler
 .text.RTC_IRQHandler
                0x000045c8        0x6 irq_stub.o
                0x000045c8                RTC_IRQHandler
 .text.RTC_Seconds_IRQHandler
                0x000045ce        0x6 irq_stub.o
                0x000045ce                RTC_Seconds_IRQHandler
 .text.PDB0_IRQHandler
                0x000045d4        0x6 irq_stub.o
                0x000045d4                PDB0_IRQHandler
 .text.USB0_IRQHandler
                0x000045da        0x6 irq_stub.o
                0x000045da                USB0_IRQHandler
 .text.USBDCD_IRQHandler
                0x000045e0        0x6 irq_stub.o
                0x000045e0                USBDCD_IRQHandler
 .text.Reserved71_IRQHandler
                0x000045e6        0x6 irq_stub.o
                0x000045e6                Reserved71_IRQHandler
 .text.DAC0_IRQHandler
                0x000045ec        0x6 irq_stub.o
                0x000045ec                DAC0_IRQHandler
 .text.MCG_IRQHandler
                0x000045f2        0x6 irq_stub.o
                0x000045f2                MCG_IRQHandler
 .text.LPTMR0_IRQHandler
                0x000045f8        0x6 irq_stub.o
                0x000045f8                LPTMR0_IRQHandler
 .text.PORTA_IRQHandler
                0x000045fe        0x6 irq_stub.o
                0x000045fe                PORTA_IRQHandler
 .text.PORTB_IRQHandler
                0x00004604        0x6 irq_stub.o
                0x00004604                PORTB_IRQHandler
 .text.PORTC_IRQHandler
                0x0000460a        0x6 irq_stub.o
                0x0000460a                PORTC_IRQHandler
 .text.PORTD_IRQHandler
                0x00004610        0x6 irq_stub.o
                0x00004610                PORTD_IRQHandler
 .text.PORTE_IRQHandler
                0x00004616        0x6 irq_stub.o
                0x00004616                PORTE_IRQHandler
 .text.SWI_IRQHandler
                0x0000461c        0x6 irq_stub.o
                0x0000461c                SWI_IRQHandler
 .text.SPI2_IRQHandler
                0x00004622        0x6 irq_stub.o
                0x00004622                SPI2_IRQHandler
 .text.UART4_ERR_IRQHandler
                0x00004628        0x6 irq_stub.o
                0x00004628                UART4_ERR_IRQHandler
 .text.UART5_ERR_IRQHandler
                0x0000462e        0x6 irq_stub.o
                0x0000462e                UART5_ERR_IRQHandler
 .text.CMP2_IRQHandler
                0x00004634        0x6 irq_stub.o
                0x00004634                CMP2_IRQHandler
 .text.FTM3_IRQHandler
                0x0000463a        0x6 irq_stub.o
                0x0000463a                FTM3_IRQHandler
 .text.DAC1_IRQHandler
                0x00004640        0x6 irq_stub.o
                0x00004640                DAC1_IRQHandler
 .text.ADC1_IRQHandler
                0x00004646        0x6 irq_stub.o
                0x00004646                ADC1_IRQHandler
 .text.I2C2_IRQHandler
                0x0000464c        0x6 irq_stub.o
                0x0000464c                I2C2_IRQHandler
 .text.CAN0_ORed_Message_buffer_IRQHandler
                0x00004652        0x6 irq_stub.o
                0x00004652                CAN0_ORed_Message_buffer_IRQHandler
 .text.CAN0_Bus_Off_IRQHandler
                0x00004658        0x6 irq_stub.o
                0x00004658                CAN0_Bus_Off_IRQHandler
 .text.CAN0_Error_IRQHandler
                0x0000465e        0x6 irq_stub.o
                0x0000465e                CAN0_Error_IRQHandler
 .text.CAN0_Tx_Warning_IRQHandler
                0x00004664        0x6 irq_stub.o
                0x00004664                CAN0_Tx_Warning_IRQHandler
 .text.CAN0_Rx_Warning_IRQHandler
                0x0000466a        0x6 irq_stub.o
                0x0000466a                CAN0_Rx_Warning_IRQHandler
 .text.CAN0_Wake_Up_IRQHandler
                0x00004670        0x6 irq_stub.o
                0x00004670                CAN0_Wake_Up_IRQHandler
 *fill*         0x00004676        0x2 
 .text._sbrk    0x00004678       0x5c sbrk.o
                0x00004678                _sbrk
 .text.schedulerTask
                0x000046d4       0x1c cmsis_rtos_init.o
                0x000046d4                schedulerTask
 .text.mw_initSignalEvents
                0x000046f0       0x40 cmsis_rtos_init.o
                0x000046f0                mw_initSignalEvents
 .text.mw_RTOSInit
                0x00004730       0x8c cmsis_rtos_init.o
                0x00004730                mw_RTOSInit
 .text.os_idle_demon
                0x000047bc        0x8 RTX_Conf_CM.o
                0x000047bc                os_idle_demon
 .text.os_error
                0x000047c4       0x2c RTX_Conf_CM.o
                0x000047c4                os_error
 .text.rt_init_robin
                0x000047f0        0x4 RTX_Conf_CM.o
                0x000047f0                rt_init_robin
 .text.rt_chk_robin
                0x000047f4        0x4 RTX_Conf_CM.o
                0x000047f4                rt_chk_robin
 .text.software_init_hook
                0x000047f8       0x34 RTX_Conf_CM.o
                0x000047f8                software_init_hook
 .text.mw_osThreadCreate
                0x0000482c       0x52 mw_thread.o
                0x0000482c                mw_osThreadCreate
 .text.mw_osThreadGetId
                0x0000487e        0xe mw_thread.o
                0x0000487e                mw_osThreadGetId
 .text.mw_osThreadExit
                0x0000488c       0x22 mw_thread.o
                0x0000488c                mw_osThreadExit
 .text.mw_osTimerCreate
                0x000048ae       0x4e mw_timer.o
                0x000048ae                mw_osTimerCreate
 .text.mw_osTimerStart
                0x000048fc       0x24 mw_timer.o
                0x000048fc                mw_osTimerStart
 .text.mw_osSignalSet
                0x00004920       0x2e mw_signal.o
                0x00004920                mw_osSignalSet
 .text.mw_osSignalClear
                0x0000494e       0x26 mw_signal.o
                0x0000494e                mw_osSignalClear
 .text.mw_osSignalWaitEver
                0x00004974       0x20 mw_signal.o
                0x00004974                mw_osSignalWaitEver
 .text.mw_osSignalEventCreate
                0x00004994       0x20 mw_signal.o
                0x00004994                mw_osSignalEventCreate
 .text.mw_osSignalEventRelease
                0x000049b4       0x26 mw_signal.o
                0x000049b4                mw_osSignalEventRelease
 .text.mw_osSignalEventWaitEver
                0x000049da       0x34 mw_signal.o
                0x000049da                mw_osSignalEventWaitEver
 *fill*         0x00004a0e        0x2 
 .text.osThreadExit
                0x00004a10       0x18 C:/ProgramData/MATLAB/SupportPackages/R2022a/3P.instrset/cmsis.instrset/CMSIS/RTOS/RTX/LIB/GCC/libRTX_CM4.a(rt_cmsis.o)
                0x00004a10                osThreadExit
 .text.svcKernelInitialize
                0x00004a28      0x104 C:/ProgramData/MATLAB/SupportPackages/R2022a/3P.instrset/cmsis.instrset/CMSIS/RTOS/RTX/LIB/GCC/libRTX_CM4.a(rt_cmsis.o)
                0x00004a28                svcKernelInitialize
 .text.svcKernelStart
                0x00004b2c       0x48 C:/ProgramData/MATLAB/SupportPackages/R2022a/3P.instrset/cmsis.instrset/CMSIS/RTOS/RTX/LIB/GCC/libRTX_CM4.a(rt_cmsis.o)
                0x00004b2c                svcKernelStart
 .text.osKernelInitialize
                0x00004b74       0x28 C:/ProgramData/MATLAB/SupportPackages/R2022a/3P.instrset/cmsis.instrset/CMSIS/RTOS/RTX/LIB/GCC/libRTX_CM4.a(rt_cmsis.o)
                0x00004b74                osKernelInitialize
 .text.osKernelStart
                0x00004b9c       0x74 C:/ProgramData/MATLAB/SupportPackages/R2022a/3P.instrset/cmsis.instrset/CMSIS/RTOS/RTX/LIB/GCC/libRTX_CM4.a(rt_cmsis.o)
                0x00004b9c                osKernelStart
 .text.svcThreadCreate
                0x00004c10       0x7c C:/ProgramData/MATLAB/SupportPackages/R2022a/3P.instrset/cmsis.instrset/CMSIS/RTOS/RTX/LIB/GCC/libRTX_CM4.a(rt_cmsis.o)
                0x00004c10                svcThreadCreate
 .text.svcThreadGetId
                0x00004c8c       0x18 C:/ProgramData/MATLAB/SupportPackages/R2022a/3P.instrset/cmsis.instrset/CMSIS/RTOS/RTX/LIB/GCC/libRTX_CM4.a(rt_cmsis.o)
                0x00004c8c                svcThreadGetId
 .text.svcThreadTerminate
                0x00004ca4       0x48 C:/ProgramData/MATLAB/SupportPackages/R2022a/3P.instrset/cmsis.instrset/CMSIS/RTOS/RTX/LIB/GCC/libRTX_CM4.a(rt_cmsis.o)
                0x00004ca4                svcThreadTerminate
 .text.osThreadCreate
                0x00004cec       0xa4 C:/ProgramData/MATLAB/SupportPackages/R2022a/3P.instrset/cmsis.instrset/CMSIS/RTOS/RTX/LIB/GCC/libRTX_CM4.a(rt_cmsis.o)
                0x00004cec                osThreadCreate
 .text.osThreadGetId
                0x00004d90       0x18 C:/ProgramData/MATLAB/SupportPackages/R2022a/3P.instrset/cmsis.instrset/CMSIS/RTOS/RTX/LIB/GCC/libRTX_CM4.a(rt_cmsis.o)
                0x00004d90                osThreadGetId
 .text.osThreadTerminate
                0x00004da8       0x18 C:/ProgramData/MATLAB/SupportPackages/R2022a/3P.instrset/cmsis.instrset/CMSIS/RTOS/RTX/LIB/GCC/libRTX_CM4.a(rt_cmsis.o)
                0x00004da8                osThreadTerminate
 .text.svcTimerCreate
                0x00004dc0       0x40 C:/ProgramData/MATLAB/SupportPackages/R2022a/3P.instrset/cmsis.instrset/CMSIS/RTOS/RTX/LIB/GCC/libRTX_CM4.a(rt_cmsis.o)
                0x00004dc0                svcTimerCreate
 .text.svcTimerStart
                0x00004e00       0xdc C:/ProgramData/MATLAB/SupportPackages/R2022a/3P.instrset/cmsis.instrset/CMSIS/RTOS/RTX/LIB/GCC/libRTX_CM4.a(rt_cmsis.o)
                0x00004e00                svcTimerStart
 .text.svcTimerCall
                0x00004edc       0x18 C:/ProgramData/MATLAB/SupportPackages/R2022a/3P.instrset/cmsis.instrset/CMSIS/RTOS/RTX/LIB/GCC/libRTX_CM4.a(rt_cmsis.o)
                0x00004edc                svcTimerCall
 .text.sysTimerTick
                0x00004ef4       0xc8 C:/ProgramData/MATLAB/SupportPackages/R2022a/3P.instrset/cmsis.instrset/CMSIS/RTOS/RTX/LIB/GCC/libRTX_CM4.a(rt_cmsis.o)
                0x00004ef4                sysTimerTick
 .text.osTimerCreate
                0x00004fbc       0x68 C:/ProgramData/MATLAB/SupportPackages/R2022a/3P.instrset/cmsis.instrset/CMSIS/RTOS/RTX/LIB/GCC/libRTX_CM4.a(rt_cmsis.o)
                0x00004fbc                osTimerCreate
 .text.osTimerStart
                0x00005024       0x18 C:/ProgramData/MATLAB/SupportPackages/R2022a/3P.instrset/cmsis.instrset/CMSIS/RTOS/RTX/LIB/GCC/libRTX_CM4.a(rt_cmsis.o)
                0x00005024                osTimerStart
 .text.osTimerThread
                0x0000503c       0x3c C:/ProgramData/MATLAB/SupportPackages/R2022a/3P.instrset/cmsis.instrset/CMSIS/RTOS/RTX/LIB/GCC/libRTX_CM4.a(rt_cmsis.o)
                0x0000503c                osTimerThread
 .text.svcSignalSet
                0x00005078       0x2c C:/ProgramData/MATLAB/SupportPackages/R2022a/3P.instrset/cmsis.instrset/CMSIS/RTOS/RTX/LIB/GCC/libRTX_CM4.a(rt_cmsis.o)
                0x00005078                svcSignalSet
 .text.svcSignalClear
                0x000050a4       0x2c C:/ProgramData/MATLAB/SupportPackages/R2022a/3P.instrset/cmsis.instrset/CMSIS/RTOS/RTX/LIB/GCC/libRTX_CM4.a(rt_cmsis.o)
                0x000050a4                svcSignalClear
 .text.svcSignalWait
                0x000050d0      0x100 C:/ProgramData/MATLAB/SupportPackages/R2022a/3P.instrset/cmsis.instrset/CMSIS/RTOS/RTX/LIB/GCC/libRTX_CM4.a(rt_cmsis.o)
                0x000050d0                svcSignalWait
 .text.osSignalSet
                0x000051d0       0x40 C:/ProgramData/MATLAB/SupportPackages/R2022a/3P.instrset/cmsis.instrset/CMSIS/RTOS/RTX/LIB/GCC/libRTX_CM4.a(rt_cmsis.o)
                0x000051d0                osSignalSet
 .text.osSignalClear
                0x00005210       0x1c C:/ProgramData/MATLAB/SupportPackages/R2022a/3P.instrset/cmsis.instrset/CMSIS/RTOS/RTX/LIB/GCC/libRTX_CM4.a(rt_cmsis.o)
                0x00005210                osSignalClear
 .text.osSignalWait
                0x0000522c       0x2c C:/ProgramData/MATLAB/SupportPackages/R2022a/3P.instrset/cmsis.instrset/CMSIS/RTOS/RTX/LIB/GCC/libRTX_CM4.a(rt_cmsis.o)
                0x0000522c                osSignalWait
 .text.svcMessageGet
                0x00005258       0xbc C:/ProgramData/MATLAB/SupportPackages/R2022a/3P.instrset/cmsis.instrset/CMSIS/RTOS/RTX/LIB/GCC/libRTX_CM4.a(rt_cmsis.o)
                0x00005258                svcMessageGet
 .text.rt_init_stack
                0x00005314       0xa8 C:/ProgramData/MATLAB/SupportPackages/R2022a/3P.instrset/cmsis.instrset/CMSIS/RTOS/RTX/LIB/GCC/libRTX_CM4.a(hal_cm.o)
                0x00005314                rt_init_stack
 .text.rt_ret_val
                0x000053bc       0x14 C:/ProgramData/MATLAB/SupportPackages/R2022a/3P.instrset/cmsis.instrset/CMSIS/RTOS/RTX/LIB/GCC/libRTX_CM4.a(hal_cm.o)
                0x000053bc                rt_ret_val
 .text.rt_ret_val2
                0x000053d0       0x24 C:/ProgramData/MATLAB/SupportPackages/R2022a/3P.instrset/cmsis.instrset/CMSIS/RTOS/RTX/LIB/GCC/libRTX_CM4.a(hal_cm.o)
                0x000053d0                rt_ret_val2
 .text.dbg_init
                0x000053f4       0x34 C:/ProgramData/MATLAB/SupportPackages/R2022a/3P.instrset/cmsis.instrset/CMSIS/RTOS/RTX/LIB/GCC/libRTX_CM4.a(hal_cm.o)
                0x000053f4                dbg_init
 .text.dbg_task_notify
                0x00005428       0x2c C:/ProgramData/MATLAB/SupportPackages/R2022a/3P.instrset/cmsis.instrset/CMSIS/RTOS/RTX/LIB/GCC/libRTX_CM4.a(hal_cm.o)
                0x00005428                dbg_task_notify
 .text.dbg_task_switch
                0x00005454       0x14 C:/ProgramData/MATLAB/SupportPackages/R2022a/3P.instrset/cmsis.instrset/CMSIS/RTOS/RTX/LIB/GCC/libRTX_CM4.a(hal_cm.o)
                0x00005454                dbg_task_switch
 .text.rt_init_mem
                0x00005468       0x1c C:/ProgramData/MATLAB/SupportPackages/R2022a/3P.instrset/cmsis.instrset/CMSIS/RTOS/RTX/LIB/GCC/libRTX_CM4.a(rt_memory.o)
                0x00005468                rt_init_mem
 .text.rt_alloc_mem
                0x00005484       0x48 C:/ProgramData/MATLAB/SupportPackages/R2022a/3P.instrset/cmsis.instrset/CMSIS/RTOS/RTX/LIB/GCC/libRTX_CM4.a(rt_memory.o)
                0x00005484                rt_alloc_mem
 .text.rt_free_mem
                0x000054cc       0x54 C:/ProgramData/MATLAB/SupportPackages/R2022a/3P.instrset/cmsis.instrset/CMSIS/RTOS/RTX/LIB/GCC/libRTX_CM4.a(rt_memory.o)
                0x000054cc                rt_free_mem
 .text._init_box
                0x00005520       0x58 C:/ProgramData/MATLAB/SupportPackages/R2022a/3P.instrset/cmsis.instrset/CMSIS/RTOS/RTX/LIB/GCC/libRTX_CM4.a(rt_membox.o)
                0x00005520                _init_box
 .text.rt_alloc_box
                0x00005578       0x1c C:/ProgramData/MATLAB/SupportPackages/R2022a/3P.instrset/cmsis.instrset/CMSIS/RTOS/RTX/LIB/GCC/libRTX_CM4.a(rt_membox.o)
                0x00005578                rt_alloc_box
 .text.rt_free_box
                0x00005594       0x28 C:/ProgramData/MATLAB/SupportPackages/R2022a/3P.instrset/cmsis.instrset/CMSIS/RTOS/RTX/LIB/GCC/libRTX_CM4.a(rt_membox.o)
                0x00005594                rt_free_box
 .text.rt_sem_psh
                0x000055bc       0x34 C:/ProgramData/MATLAB/SupportPackages/R2022a/3P.instrset/cmsis.instrset/CMSIS/RTOS/RTX/LIB/GCC/libRTX_CM4.a(rt_semaphore.o)
                0x000055bc                rt_sem_psh
 .text.rt_mbx_init
                0x000055f0       0x18 C:/ProgramData/MATLAB/SupportPackages/R2022a/3P.instrset/cmsis.instrset/CMSIS/RTOS/RTX/LIB/GCC/libRTX_CM4.a(rt_mailbox.o)
                0x000055f0                rt_mbx_init
 .text.rt_mbx_wait
                0x00005608       0xa8 C:/ProgramData/MATLAB/SupportPackages/R2022a/3P.instrset/cmsis.instrset/CMSIS/RTOS/RTX/LIB/GCC/libRTX_CM4.a(rt_mailbox.o)
                0x00005608                rt_mbx_wait
 .text.rt_mbx_check
                0x000056b0        0x8 C:/ProgramData/MATLAB/SupportPackages/R2022a/3P.instrset/cmsis.instrset/CMSIS/RTOS/RTX/LIB/GCC/libRTX_CM4.a(rt_mailbox.o)
                0x000056b0                rt_mbx_check
 .text.isr_mbx_send
                0x000056b8       0x10 C:/ProgramData/MATLAB/SupportPackages/R2022a/3P.instrset/cmsis.instrset/CMSIS/RTOS/RTX/LIB/GCC/libRTX_CM4.a(rt_mailbox.o)
                0x000056b8                isr_mbx_send
 .text.rt_mbx_psh
                0x000056c8       0xe8 C:/ProgramData/MATLAB/SupportPackages/R2022a/3P.instrset/cmsis.instrset/CMSIS/RTOS/RTX/LIB/GCC/libRTX_CM4.a(rt_mailbox.o)
                0x000056c8                rt_mbx_psh
 .text.rt_put_prio
                0x000057b0       0x50 C:/ProgramData/MATLAB/SupportPackages/R2022a/3P.instrset/cmsis.instrset/CMSIS/RTOS/RTX/LIB/GCC/libRTX_CM4.a(rt_list.o)
                0x000057b0                rt_put_prio
 .text.rt_get_first
                0x00005800       0x28 C:/ProgramData/MATLAB/SupportPackages/R2022a/3P.instrset/cmsis.instrset/CMSIS/RTOS/RTX/LIB/GCC/libRTX_CM4.a(rt_list.o)
                0x00005800                rt_get_first
 .text.rt_put_rdy_first
                0x00005828       0x14 C:/ProgramData/MATLAB/SupportPackages/R2022a/3P.instrset/cmsis.instrset/CMSIS/RTOS/RTX/LIB/GCC/libRTX_CM4.a(rt_list.o)
                0x00005828                rt_put_rdy_first
 .text.rt_resort_prio
                0x0000583c       0xac C:/ProgramData/MATLAB/SupportPackages/R2022a/3P.instrset/cmsis.instrset/CMSIS/RTOS/RTX/LIB/GCC/libRTX_CM4.a(rt_list.o)
                0x0000583c                rt_resort_prio
 .text.rt_put_dly
                0x000058e8       0x60 C:/ProgramData/MATLAB/SupportPackages/R2022a/3P.instrset/cmsis.instrset/CMSIS/RTOS/RTX/LIB/GCC/libRTX_CM4.a(rt_list.o)
                0x000058e8                rt_put_dly
 .text.rt_dec_dly
                0x00005948       0xbc C:/ProgramData/MATLAB/SupportPackages/R2022a/3P.instrset/cmsis.instrset/CMSIS/RTOS/RTX/LIB/GCC/libRTX_CM4.a(rt_list.o)
                0x00005948                rt_dec_dly
 .text.rt_rmv_list
                0x00005a04       0x2c C:/ProgramData/MATLAB/SupportPackages/R2022a/3P.instrset/cmsis.instrset/CMSIS/RTOS/RTX/LIB/GCC/libRTX_CM4.a(rt_list.o)
                0x00005a04                rt_rmv_list
 .text.rt_rmv_dly
                0x00005a30       0x30 C:/ProgramData/MATLAB/SupportPackages/R2022a/3P.instrset/cmsis.instrset/CMSIS/RTOS/RTX/LIB/GCC/libRTX_CM4.a(rt_list.o)
                0x00005a30                rt_rmv_dly
 .text.rt_psq_enq
                0x00005a60       0x44 C:/ProgramData/MATLAB/SupportPackages/R2022a/3P.instrset/cmsis.instrset/CMSIS/RTOS/RTX/LIB/GCC/libRTX_CM4.a(rt_list.o)
                0x00005a60                rt_psq_enq
 .text.rt_evt_wait
                0x00005aa4       0x44 C:/ProgramData/MATLAB/SupportPackages/R2022a/3P.instrset/cmsis.instrset/CMSIS/RTOS/RTX/LIB/GCC/libRTX_CM4.a(rt_event.o)
                0x00005aa4                rt_evt_wait
 .text.rt_evt_set
                0x00005ae8       0x58 C:/ProgramData/MATLAB/SupportPackages/R2022a/3P.instrset/cmsis.instrset/CMSIS/RTOS/RTX/LIB/GCC/libRTX_CM4.a(rt_event.o)
                0x00005ae8                rt_evt_set
 .text.rt_evt_clr
                0x00005b40       0x18 C:/ProgramData/MATLAB/SupportPackages/R2022a/3P.instrset/cmsis.instrset/CMSIS/RTOS/RTX/LIB/GCC/libRTX_CM4.a(rt_event.o)
                0x00005b40                rt_evt_clr
 .text.isr_evt_set
                0x00005b58       0x24 C:/ProgramData/MATLAB/SupportPackages/R2022a/3P.instrset/cmsis.instrset/CMSIS/RTOS/RTX/LIB/GCC/libRTX_CM4.a(rt_event.o)
                0x00005b58                isr_evt_set
 .text.rt_evt_psh
                0x00005b7c       0x50 C:/ProgramData/MATLAB/SupportPackages/R2022a/3P.instrset/cmsis.instrset/CMSIS/RTOS/RTX/LIB/GCC/libRTX_CM4.a(rt_event.o)
                0x00005b7c                rt_evt_psh
 .text.rt_psh_req
                0x00005bcc       0x20 C:/ProgramData/MATLAB/SupportPackages/R2022a/3P.instrset/cmsis.instrset/CMSIS/RTOS/RTX/LIB/GCC/libRTX_CM4.a(rt_system.o)
                0x00005bcc                rt_psh_req
 .text.rt_pop_req
                0x00005bec       0x9c C:/ProgramData/MATLAB/SupportPackages/R2022a/3P.instrset/cmsis.instrset/CMSIS/RTOS/RTX/LIB/GCC/libRTX_CM4.a(rt_system.o)
                0x00005bec                rt_pop_req
 .text.os_tick_init
                0x00005c88       0x40 C:/ProgramData/MATLAB/SupportPackages/R2022a/3P.instrset/cmsis.instrset/CMSIS/RTOS/RTX/LIB/GCC/libRTX_CM4.a(rt_system.o)
                0x00005c88                os_tick_init
 .text.os_tick_irqack
                0x00005cc8        0x4 C:/ProgramData/MATLAB/SupportPackages/R2022a/3P.instrset/cmsis.instrset/CMSIS/RTOS/RTX/LIB/GCC/libRTX_CM4.a(rt_system.o)
                0x00005cc8                os_tick_irqack
 .text.rt_systick
                0x00005ccc       0x3c C:/ProgramData/MATLAB/SupportPackages/R2022a/3P.instrset/cmsis.instrset/CMSIS/RTOS/RTX/LIB/GCC/libRTX_CM4.a(rt_system.o)
                0x00005ccc                rt_systick
 .text.rt_stk_check
                0x00005d08       0x24 C:/ProgramData/MATLAB/SupportPackages/R2022a/3P.instrset/cmsis.instrset/CMSIS/RTOS/RTX/LIB/GCC/libRTX_CM4.a(rt_system.o)
                0x00005d08                rt_stk_check
 .text.rt_switch_req
                0x00005d2c       0x24 C:/ProgramData/MATLAB/SupportPackages/R2022a/3P.instrset/cmsis.instrset/CMSIS/RTOS/RTX/LIB/GCC/libRTX_CM4.a(rt_task.o)
                0x00005d2c                rt_switch_req
 .text.rt_dispatch
                0x00005d50       0x78 C:/ProgramData/MATLAB/SupportPackages/R2022a/3P.instrset/cmsis.instrset/CMSIS/RTOS/RTX/LIB/GCC/libRTX_CM4.a(rt_task.o)
                0x00005d50                rt_dispatch
 .text.rt_block
                0x00005dc8       0x50 C:/ProgramData/MATLAB/SupportPackages/R2022a/3P.instrset/cmsis.instrset/CMSIS/RTOS/RTX/LIB/GCC/libRTX_CM4.a(rt_task.o)
                0x00005dc8                rt_block
 .text.rt_tsk_self
                0x00005e18       0x10 C:/ProgramData/MATLAB/SupportPackages/R2022a/3P.instrset/cmsis.instrset/CMSIS/RTOS/RTX/LIB/GCC/libRTX_CM4.a(rt_task.o)
                0x00005e18                rt_tsk_self
 .text.rt_tsk_prio
                0x00005e28       0xa0 C:/ProgramData/MATLAB/SupportPackages/R2022a/3P.instrset/cmsis.instrset/CMSIS/RTOS/RTX/LIB/GCC/libRTX_CM4.a(rt_task.o)
                0x00005e28                rt_tsk_prio
 .text.rt_tsk_create
                0x00005ec8       0xc8 C:/ProgramData/MATLAB/SupportPackages/R2022a/3P.instrset/cmsis.instrset/CMSIS/RTOS/RTX/LIB/GCC/libRTX_CM4.a(rt_task.o)
                0x00005ec8                rt_tsk_create
 .text.rt_tsk_delete
                0x00005f90      0x1bc C:/ProgramData/MATLAB/SupportPackages/R2022a/3P.instrset/cmsis.instrset/CMSIS/RTOS/RTX/LIB/GCC/libRTX_CM4.a(rt_task.o)
                0x00005f90                rt_tsk_delete
 .text.rt_sys_init
                0x0000614c       0xdc C:/ProgramData/MATLAB/SupportPackages/R2022a/3P.instrset/cmsis.instrset/CMSIS/RTOS/RTX/LIB/GCC/libRTX_CM4.a(rt_task.o)
                0x0000614c                rt_sys_init
 .text.rt_sys_start
                0x00006228       0x8c C:/ProgramData/MATLAB/SupportPackages/R2022a/3P.instrset/cmsis.instrset/CMSIS/RTOS/RTX/LIB/GCC/libRTX_CM4.a(rt_task.o)
                0x00006228                rt_sys_start
 .text.OSA_TimeInit
                0x000062b4       0x40 C:/ProgramData/MATLAB/SupportPackages/R2022a/toolbox/target/supportpackages/freedomk64f/src/ksdk_armgcc_lib/bm/libksdk_platform.a(fsl_os_abstraction_bm.o)
                0x000062b4                OSA_TimeInit
 .text.OSA_SemaCreate
                0x000062f4       0x2c C:/ProgramData/MATLAB/SupportPackages/R2022a/toolbox/target/supportpackages/freedomk64f/src/ksdk_armgcc_lib/bm/libksdk_platform.a(fsl_os_abstraction_bm.o)
                0x000062f4                OSA_SemaCreate
 .text.OSA_SemaPost
                0x00006320       0x3c C:/ProgramData/MATLAB/SupportPackages/R2022a/toolbox/target/supportpackages/freedomk64f/src/ksdk_armgcc_lib/bm/libksdk_platform.a(fsl_os_abstraction_bm.o)
                0x00006320                OSA_SemaPost
 .text.task_init
                0x0000635c       0x38 C:/ProgramData/MATLAB/SupportPackages/R2022a/toolbox/target/supportpackages/freedomk64f/src/ksdk_armgcc_lib/bm/libksdk_platform.a(fsl_os_abstraction_bm.o)
                0x0000635c                task_init
 .text.OSA_Init
                0x00006394        0xe C:/ProgramData/MATLAB/SupportPackages/R2022a/toolbox/target/supportpackages/freedomk64f/src/ksdk_armgcc_lib/bm/libksdk_platform.a(fsl_os_abstraction_bm.o)
                0x00006394                OSA_Init
 *fill*         0x000063a2        0x2 
 .text.CLOCK_SYS_SetMcgPeeToFbe
                0x000063a4       0x34 C:/ProgramData/MATLAB/SupportPackages/R2022a/toolbox/target/supportpackages/freedomk64f/src/ksdk_armgcc_lib/bm/libksdk_platform.a(fsl_clock_manager.o)
 .text.CLOCK_SYS_SetMcgMode
                0x000063d8      0x124 C:/ProgramData/MATLAB/SupportPackages/R2022a/toolbox/target/supportpackages/freedomk64f/src/ksdk_armgcc_lib/bm/libksdk_platform.a(fsl_clock_manager.o)
                0x000063d8                CLOCK_SYS_SetMcgMode
 .text.CLOCK_SYS_SetOscerConfigration
                0x000064fc       0x20 C:/ProgramData/MATLAB/SupportPackages/R2022a/toolbox/target/supportpackages/freedomk64f/src/ksdk_armgcc_lib/bm/libksdk_platform.a(fsl_clock_manager.o)
                0x000064fc                CLOCK_SYS_SetOscerConfigration
 .text.CLOCK_SYS_OscInit
                0x0000651c       0x98 C:/ProgramData/MATLAB/SupportPackages/R2022a/toolbox/target/supportpackages/freedomk64f/src/ksdk_armgcc_lib/bm/libksdk_platform.a(fsl_clock_manager.o)
                0x0000651c                CLOCK_SYS_OscInit
 .text.CLOCK_SYS_RtcOscInit
                0x000065b4       0x6c C:/ProgramData/MATLAB/SupportPackages/R2022a/toolbox/target/supportpackages/freedomk64f/src/ksdk_armgcc_lib/bm/libksdk_platform.a(fsl_clock_manager.o)
                0x000065b4                CLOCK_SYS_RtcOscInit
 .text.SIM_HAL_EnableClock.constprop.0
                0x00006620       0x1c C:/ProgramData/MATLAB/SupportPackages/R2022a/toolbox/target/supportpackages/freedomk64f/src/ksdk_armgcc_lib/bm/libksdk_platform.a(fsl_clock_MK64F12.o)
 .text.CLOCK_SYS_GetCoreClockFreq
                0x0000663c       0x24 C:/ProgramData/MATLAB/SupportPackages/R2022a/toolbox/target/supportpackages/freedomk64f/src/ksdk_armgcc_lib/bm/libksdk_platform.a(fsl_clock_MK64F12.o)
                0x0000663c                CLOCK_SYS_GetCoreClockFreq
 .text.CLOCK_SYS_SetConfiguration
                0x00006660       0x94 C:/ProgramData/MATLAB/SupportPackages/R2022a/toolbox/target/supportpackages/freedomk64f/src/ksdk_armgcc_lib/bm/libksdk_platform.a(fsl_clock_MK64F12.o)
                0x00006660                CLOCK_SYS_SetConfiguration
 .text.CLOCK_SYS_FllStableDelay
                0x000066f4       0x18 C:/ProgramData/MATLAB/SupportPackages/R2022a/toolbox/target/supportpackages/freedomk64f/src/ksdk_armgcc_lib/bm/libksdk_platform.a(fsl_clock_MK64F12.o)
 .text.CLOCK_SYS_GetBusClockFreq
                0x0000670c       0x24 C:/ProgramData/MATLAB/SupportPackages/R2022a/toolbox/target/supportpackages/freedomk64f/src/ksdk_armgcc_lib/bm/libksdk_platform.a(fsl_clock_MK64F12.o)
                0x0000670c                CLOCK_SYS_GetBusClockFreq
 .text.CLOCK_SYS_GetUartFreq
                0x00006730       0x16 C:/ProgramData/MATLAB/SupportPackages/R2022a/toolbox/target/supportpackages/freedomk64f/src/ksdk_armgcc_lib/bm/libksdk_platform.a(fsl_clock_MK64F12.o)
                0x00006730                CLOCK_SYS_GetUartFreq
 *fill*         0x00006746        0x2 
 .text.CLOCK_SYS_EnablePortClock
                0x00006748       0x30 C:/ProgramData/MATLAB/SupportPackages/R2022a/toolbox/target/supportpackages/freedomk64f/src/ksdk_armgcc_lib/bm/libksdk_platform.a(fsl_clock_MK64F12.o)
                0x00006748                CLOCK_SYS_EnablePortClock
 .text.CLOCK_SYS_EnableAdcClock
                0x00006778       0x30 C:/ProgramData/MATLAB/SupportPackages/R2022a/toolbox/target/supportpackages/freedomk64f/src/ksdk_armgcc_lib/bm/libksdk_platform.a(fsl_clock_MK64F12.o)
                0x00006778                CLOCK_SYS_EnableAdcClock
 .text.CLOCK_SYS_EnableUartClock
                0x000067a8       0x30 C:/ProgramData/MATLAB/SupportPackages/R2022a/toolbox/target/supportpackages/freedomk64f/src/ksdk_armgcc_lib/bm/libksdk_platform.a(fsl_clock_MK64F12.o)
                0x000067a8                CLOCK_SYS_EnableUartClock
 .text.INT_SYS_EnableIRQGlobal
                0x000067d8       0x14 C:/ProgramData/MATLAB/SupportPackages/R2022a/toolbox/target/supportpackages/freedomk64f/src/ksdk_armgcc_lib/bm/libksdk_platform.a(fsl_interrupt_manager.o)
                0x000067d8                INT_SYS_EnableIRQGlobal
 .text.INT_SYS_DisableIRQGlobal
                0x000067ec       0x10 C:/ProgramData/MATLAB/SupportPackages/R2022a/toolbox/target/supportpackages/freedomk64f/src/ksdk_armgcc_lib/bm/libksdk_platform.a(fsl_interrupt_manager.o)
                0x000067ec                INT_SYS_DisableIRQGlobal
 .text.ADC16_HAL_GetChnConvCompletedFlag.part.0
                0x000067fc       0x1c C:/ProgramData/MATLAB/SupportPackages/R2022a/toolbox/target/supportpackages/freedomk64f/src/ksdk_armgcc_lib/bm/libksdk_platform.a(fsl_adc16_driver.o)
 .text.ADC16_DRV_StructInitUserConfigDefault
                0x00006818       0x24 C:/ProgramData/MATLAB/SupportPackages/R2022a/toolbox/target/supportpackages/freedomk64f/src/ksdk_armgcc_lib/bm/libksdk_platform.a(fsl_adc16_driver.o)
                0x00006818                ADC16_DRV_StructInitUserConfigDefault
 .text.ADC16_DRV_Init
                0x0000683c       0x90 C:/ProgramData/MATLAB/SupportPackages/R2022a/toolbox/target/supportpackages/freedomk64f/src/ksdk_armgcc_lib/bm/libksdk_platform.a(fsl_adc16_driver.o)
                0x0000683c                ADC16_DRV_Init
 .text.ADC16_DRV_SetChnMux
                0x000068cc       0x40 C:/ProgramData/MATLAB/SupportPackages/R2022a/toolbox/target/supportpackages/freedomk64f/src/ksdk_armgcc_lib/bm/libksdk_platform.a(fsl_adc16_driver.o)
                0x000068cc                ADC16_DRV_SetChnMux
 .text.ADC16_DRV_ConfigConvChn
                0x0000690c       0x38 C:/ProgramData/MATLAB/SupportPackages/R2022a/toolbox/target/supportpackages/freedomk64f/src/ksdk_armgcc_lib/bm/libksdk_platform.a(fsl_adc16_driver.o)
                0x0000690c                ADC16_DRV_ConfigConvChn
 .text.ADC16_DRV_WaitConvDone
                0x00006944       0x48 C:/ProgramData/MATLAB/SupportPackages/R2022a/toolbox/target/supportpackages/freedomk64f/src/ksdk_armgcc_lib/bm/libksdk_platform.a(fsl_adc16_driver.o)
                0x00006944                ADC16_DRV_WaitConvDone
 .text.ADC16_DRV_GetConvValueRAW
                0x0000698c       0x50 C:/ProgramData/MATLAB/SupportPackages/R2022a/toolbox/target/supportpackages/freedomk64f/src/ksdk_armgcc_lib/bm/libksdk_platform.a(fsl_adc16_driver.o)
                0x0000698c                ADC16_DRV_GetConvValueRAW
 .text.EDMA_HAL_SetErrorIntCmd
                0x000069dc        0xa C:/ProgramData/MATLAB/SupportPackages/R2022a/toolbox/target/supportpackages/freedomk64f/src/ksdk_armgcc_lib/bm/libksdk_platform.a(fsl_edma_hal.o)
                0x000069dc                EDMA_HAL_SetErrorIntCmd
 .text.EDMA_HAL_SetDmaRequestCmd
                0x000069e6        0xa C:/ProgramData/MATLAB/SupportPackages/R2022a/toolbox/target/supportpackages/freedomk64f/src/ksdk_armgcc_lib/bm/libksdk_platform.a(fsl_edma_hal.o)
                0x000069e6                EDMA_HAL_SetDmaRequestCmd
 .text.EDMA_HAL_HTCDClearReg
                0x000069f0       0x4a C:/ProgramData/MATLAB/SupportPackages/R2022a/toolbox/target/supportpackages/freedomk64f/src/ksdk_armgcc_lib/bm/libksdk_platform.a(fsl_edma_hal.o)
                0x000069f0                EDMA_HAL_HTCDClearReg
 .text.EDMA_HAL_Init
                0x00006a3a       0x28 C:/ProgramData/MATLAB/SupportPackages/R2022a/toolbox/target/supportpackages/freedomk64f/src/ksdk_armgcc_lib/bm/libksdk_platform.a(fsl_edma_hal.o)
                0x00006a3a                EDMA_HAL_Init
 *fill*         0x00006a62        0x2 
 .text.EDMA_HAL_HTCDSetAttribute
                0x00006a64       0x48 C:/ProgramData/MATLAB/SupportPackages/R2022a/toolbox/target/supportpackages/freedomk64f/src/ksdk_armgcc_lib/bm/libksdk_platform.a(fsl_edma_hal.o)
                0x00006a64                EDMA_HAL_HTCDSetAttribute
 .text.EDMA_HAL_HTCDSetNbytes
                0x00006aac       0x7c C:/ProgramData/MATLAB/SupportPackages/R2022a/toolbox/target/supportpackages/freedomk64f/src/ksdk_armgcc_lib/bm/libksdk_platform.a(fsl_edma_hal.o)
                0x00006aac                EDMA_HAL_HTCDSetNbytes
 .text.EDMA_HAL_HTCDGetNbytes
                0x00006b28       0x68 C:/ProgramData/MATLAB/SupportPackages/R2022a/toolbox/target/supportpackages/freedomk64f/src/ksdk_armgcc_lib/bm/libksdk_platform.a(fsl_edma_hal.o)
                0x00006b28                EDMA_HAL_HTCDGetNbytes
 .text.EDMA_HAL_HTCDSetChannelMinorLink
                0x00006b90       0x80 C:/ProgramData/MATLAB/SupportPackages/R2022a/toolbox/target/supportpackages/freedomk64f/src/ksdk_armgcc_lib/bm/libksdk_platform.a(fsl_edma_hal.o)
                0x00006b90                EDMA_HAL_HTCDSetChannelMinorLink
 .text.EDMA_HAL_HTCDSetMajorCount
                0x00006c10       0x78 C:/ProgramData/MATLAB/SupportPackages/R2022a/toolbox/target/supportpackages/freedomk64f/src/ksdk_armgcc_lib/bm/libksdk_platform.a(fsl_edma_hal.o)
                0x00006c10                EDMA_HAL_HTCDSetMajorCount
 .text.EDMA_HAL_HTCDGetUnfinishedBytes
                0x00006c88       0x54 C:/ProgramData/MATLAB/SupportPackages/R2022a/toolbox/target/supportpackages/freedomk64f/src/ksdk_armgcc_lib/bm/libksdk_platform.a(fsl_edma_hal.o)
                0x00006c88                EDMA_HAL_HTCDGetUnfinishedBytes
 .text.INT_SYS_EnableIRQ
                0x00006cdc       0x48 C:/ProgramData/MATLAB/SupportPackages/R2022a/toolbox/target/supportpackages/freedomk64f/src/ksdk_armgcc_lib/bm/libksdk_platform.a(fsl_edma_driver.o)
 .text.EDMA_DRV_ClaimChannel
                0x00006d24       0x70 C:/ProgramData/MATLAB/SupportPackages/R2022a/toolbox/target/supportpackages/freedomk64f/src/ksdk_armgcc_lib/bm/libksdk_platform.a(fsl_edma_driver.o)
 .text.EDMA_DRV_Init
                0x00006d94       0x84 C:/ProgramData/MATLAB/SupportPackages/R2022a/toolbox/target/supportpackages/freedomk64f/src/ksdk_armgcc_lib/bm/libksdk_platform.a(fsl_edma_driver.o)
                0x00006d94                EDMA_DRV_Init
 .text.EDMA_DRV_InstallCallback
                0x00006e18        0x8 C:/ProgramData/MATLAB/SupportPackages/R2022a/toolbox/target/supportpackages/freedomk64f/src/ksdk_armgcc_lib/bm/libksdk_platform.a(fsl_edma_driver.o)
                0x00006e18                EDMA_DRV_InstallCallback
 .text.EDMA_DRV_RequestChannel
                0x00006e20       0x70 C:/ProgramData/MATLAB/SupportPackages/R2022a/toolbox/target/supportpackages/freedomk64f/src/ksdk_armgcc_lib/bm/libksdk_platform.a(fsl_edma_driver.o)
                0x00006e20                EDMA_DRV_RequestChannel
 .text.EDMA_DRV_IRQHandler
                0x00006e90       0x30 C:/ProgramData/MATLAB/SupportPackages/R2022a/toolbox/target/supportpackages/freedomk64f/src/ksdk_armgcc_lib/bm/libksdk_platform.a(fsl_edma_driver.o)
                0x00006e90                EDMA_DRV_IRQHandler
 .text.EDMA_DRV_ErrorIRQHandler
                0x00006ec0       0x8c C:/ProgramData/MATLAB/SupportPackages/R2022a/toolbox/target/supportpackages/freedomk64f/src/ksdk_armgcc_lib/bm/libksdk_platform.a(fsl_edma_driver.o)
                0x00006ec0                EDMA_DRV_ErrorIRQHandler
 .text.PORT_HAL_SetMuxMode.part.0
                0x00006f4c       0x1c C:/ProgramData/MATLAB/SupportPackages/R2022a/toolbox/target/supportpackages/freedomk64f/src/ksdk_armgcc_lib/bm/libksdk_platform.a(fsl_gpio_driver.o)
 .text.GPIO_DRV_InputPinInit
                0x00006f68       0xe4 C:/ProgramData/MATLAB/SupportPackages/R2022a/toolbox/target/supportpackages/freedomk64f/src/ksdk_armgcc_lib/bm/libksdk_platform.a(fsl_gpio_driver.o)
                0x00006f68                GPIO_DRV_InputPinInit
 .text.GPIO_DRV_OutputPinInit
                0x0000704c       0x78 C:/ProgramData/MATLAB/SupportPackages/R2022a/toolbox/target/supportpackages/freedomk64f/src/ksdk_armgcc_lib/bm/libksdk_platform.a(fsl_gpio_driver.o)
                0x0000704c                GPIO_DRV_OutputPinInit
 .text.GPIO_DRV_WritePinOutput
                0x000070c4       0x1c C:/ProgramData/MATLAB/SupportPackages/R2022a/toolbox/target/supportpackages/freedomk64f/src/ksdk_armgcc_lib/bm/libksdk_platform.a(fsl_gpio_driver.o)
                0x000070c4                GPIO_DRV_WritePinOutput
 .text.GPIO_DRV_ReadPinInput
                0x000070e0       0x3c C:/ProgramData/MATLAB/SupportPackages/R2022a/toolbox/target/supportpackages/freedomk64f/src/ksdk_armgcc_lib/bm/libksdk_platform.a(fsl_gpio_driver.o)
                0x000070e0                GPIO_DRV_ReadPinInput
 .text.LPTMR_HAL_SetTimerWorkingMode
                0x0000711c       0x3c C:/ProgramData/MATLAB/SupportPackages/R2022a/toolbox/target/supportpackages/freedomk64f/src/ksdk_armgcc_lib/bm/libksdk_platform.a(fsl_lptmr_hal.o)
                0x0000711c                LPTMR_HAL_SetTimerWorkingMode
 .text.LPTMR_HAL_SetPrescalerMode
                0x00007158       0x1c C:/ProgramData/MATLAB/SupportPackages/R2022a/toolbox/target/supportpackages/freedomk64f/src/ksdk_armgcc_lib/bm/libksdk_platform.a(fsl_lptmr_hal.o)
                0x00007158                LPTMR_HAL_SetPrescalerMode
 .text.CLOCK_HAL_TestOscFreq
                0x00007174       0x28 C:/ProgramData/MATLAB/SupportPackages/R2022a/toolbox/target/supportpackages/freedomk64f/src/ksdk_armgcc_lib/bm/libksdk_platform.a(fsl_mcg_hal.o)
                0x00007174                CLOCK_HAL_TestOscFreq
 .text.CLOCK_HAL_GetMcgExternalClkFreq
                0x0000719c        0xa C:/ProgramData/MATLAB/SupportPackages/R2022a/toolbox/target/supportpackages/freedomk64f/src/ksdk_armgcc_lib/bm/libksdk_platform.a(fsl_mcg_hal.o)
 .text.CLOCK_HAL_TestFllExternalRefFreq
                0x000071a6       0x2c C:/ProgramData/MATLAB/SupportPackages/R2022a/toolbox/target/supportpackages/freedomk64f/src/ksdk_armgcc_lib/bm/libksdk_platform.a(fsl_mcg_hal.o)
                0x000071a6                CLOCK_HAL_TestFllExternalRefFreq
 *fill*         0x000071d2        0x2 
 .text.CLOCK_HAL_GetFllRefClk
                0x000071d4       0x40 C:/ProgramData/MATLAB/SupportPackages/R2022a/toolbox/target/supportpackages/freedomk64f/src/ksdk_armgcc_lib/bm/libksdk_platform.a(fsl_mcg_hal.o)
                0x000071d4                CLOCK_HAL_GetFllRefClk
 .text.CLOCK_HAL_TestFllFreq
                0x00007214       0x34 C:/ProgramData/MATLAB/SupportPackages/R2022a/toolbox/target/supportpackages/freedomk64f/src/ksdk_armgcc_lib/bm/libksdk_platform.a(fsl_mcg_hal.o)
                0x00007214                CLOCK_HAL_TestFllFreq
 .text.CLOCK_HAL_GetFllClk
                0x00007248       0x3c C:/ProgramData/MATLAB/SupportPackages/R2022a/toolbox/target/supportpackages/freedomk64f/src/ksdk_armgcc_lib/bm/libksdk_platform.a(fsl_mcg_hal.o)
                0x00007248                CLOCK_HAL_GetFllClk
 .text.CLOCK_HAL_UpdateFastClkInternalRefDiv
                0x00007284       0x58 C:/ProgramData/MATLAB/SupportPackages/R2022a/toolbox/target/supportpackages/freedomk64f/src/ksdk_armgcc_lib/bm/libksdk_platform.a(fsl_mcg_hal.o)
                0x00007284                CLOCK_HAL_UpdateFastClkInternalRefDiv
 .text.CLOCK_HAL_GetPll0Clk
                0x000072dc       0x48 C:/ProgramData/MATLAB/SupportPackages/R2022a/toolbox/target/supportpackages/freedomk64f/src/ksdk_armgcc_lib/bm/libksdk_platform.a(fsl_mcg_hal.o)
                0x000072dc                CLOCK_HAL_GetPll0Clk
 .text.CLOCK_HAL_EnablePll0InFllMode
                0x00007324       0x38 C:/ProgramData/MATLAB/SupportPackages/R2022a/toolbox/target/supportpackages/freedomk64f/src/ksdk_armgcc_lib/bm/libksdk_platform.a(fsl_mcg_hal.o)
                0x00007324                CLOCK_HAL_EnablePll0InFllMode
 .text.CLOCK_HAL_GetInternalRefClk
                0x0000735c       0x40 C:/ProgramData/MATLAB/SupportPackages/R2022a/toolbox/target/supportpackages/freedomk64f/src/ksdk_armgcc_lib/bm/libksdk_platform.a(fsl_mcg_hal.o)
                0x0000735c                CLOCK_HAL_GetInternalRefClk
 .text.CLOCK_HAL_GetOutClk
                0x0000739c       0x22 C:/ProgramData/MATLAB/SupportPackages/R2022a/toolbox/target/supportpackages/freedomk64f/src/ksdk_armgcc_lib/bm/libksdk_platform.a(fsl_mcg_hal.o)
                0x0000739c                CLOCK_HAL_GetOutClk
 .text.CLOCK_HAL_SetOsc0Mode
                0x000073be       0x24 C:/ProgramData/MATLAB/SupportPackages/R2022a/toolbox/target/supportpackages/freedomk64f/src/ksdk_armgcc_lib/bm/libksdk_platform.a(fsl_mcg_hal.o)
                0x000073be                CLOCK_HAL_SetOsc0Mode
 *fill*         0x000073e2        0x2 
 .text.CLOCK_HAL_PrepareOsc
                0x000073e4       0x30 C:/ProgramData/MATLAB/SupportPackages/R2022a/toolbox/target/supportpackages/freedomk64f/src/ksdk_armgcc_lib/bm/libksdk_platform.a(fsl_mcg_hal_modes.o)
 .text.CLOCK_HAL_GetMcgMode
                0x00007414       0x7c C:/ProgramData/MATLAB/SupportPackages/R2022a/toolbox/target/supportpackages/freedomk64f/src/ksdk_armgcc_lib/bm/libksdk_platform.a(fsl_mcg_hal_modes.o)
                0x00007414                CLOCK_HAL_GetMcgMode
 .text.CLOCK_HAL_SetFbiMode
                0x00007490       0xc0 C:/ProgramData/MATLAB/SupportPackages/R2022a/toolbox/target/supportpackages/freedomk64f/src/ksdk_armgcc_lib/bm/libksdk_platform.a(fsl_mcg_hal_modes.o)
                0x00007490                CLOCK_HAL_SetFbiMode
 .text.CLOCK_HAL_SetFbeMode
                0x00007550       0xf0 C:/ProgramData/MATLAB/SupportPackages/R2022a/toolbox/target/supportpackages/freedomk64f/src/ksdk_armgcc_lib/bm/libksdk_platform.a(fsl_mcg_hal_modes.o)
                0x00007550                CLOCK_HAL_SetFbeMode
 .text.CLOCK_HAL_SetPbeMode
                0x00007640       0xd8 C:/ProgramData/MATLAB/SupportPackages/R2022a/toolbox/target/supportpackages/freedomk64f/src/ksdk_armgcc_lib/bm/libksdk_platform.a(fsl_mcg_hal_modes.o)
                0x00007640                CLOCK_HAL_SetPbeMode
 .text.OSC_HAL_SetCapacitor
                0x00007718        0xe C:/ProgramData/MATLAB/SupportPackages/R2022a/toolbox/target/supportpackages/freedomk64f/src/ksdk_armgcc_lib/bm/libksdk_platform.a(fsl_osc_hal.o)
                0x00007718                OSC_HAL_SetCapacitor
 .text.CLOCK_HAL_SetOutDiv
                0x00007726       0x28 C:/ProgramData/MATLAB/SupportPackages/R2022a/toolbox/target/supportpackages/freedomk64f/src/ksdk_armgcc_lib/bm/libksdk_platform.a(fsl_sim_hal_MK64F12.o)
                0x00007726                CLOCK_HAL_SetOutDiv
 *fill*         0x0000774e        0x2 
 .text.UART_DRV_CompleteSendData
                0x00007750       0x54 C:/ProgramData/MATLAB/SupportPackages/R2022a/toolbox/target/supportpackages/freedomk64f/src/ksdk_armgcc_lib/bm/libksdk_platform.a(fsl_uart_driver.o)
 .text.UART_DRV_CompleteReceiveData
                0x000077a4       0x5c C:/ProgramData/MATLAB/SupportPackages/R2022a/toolbox/target/supportpackages/freedomk64f/src/ksdk_armgcc_lib/bm/libksdk_platform.a(fsl_uart_driver.o)
 .text.UART_DRV_IRQHandler
                0x00007800       0xdc C:/ProgramData/MATLAB/SupportPackages/R2022a/toolbox/target/supportpackages/freedomk64f/src/ksdk_armgcc_lib/bm/libksdk_platform.a(fsl_uart_driver.o)
                0x00007800                UART_DRV_IRQHandler
 .text.EDMA_HAL_HTCDSetIntCmd
                0x000078dc       0x14 C:/ProgramData/MATLAB/SupportPackages/R2022a/toolbox/target/supportpackages/freedomk64f/src/ksdk_armgcc_lib/bm/libksdk_platform.a(fsl_uart_edma_driver.o)
 .text.UART_DRV_EdmaCompleteSendData
                0x000078f0       0x60 C:/ProgramData/MATLAB/SupportPackages/R2022a/toolbox/target/supportpackages/freedomk64f/src/ksdk_armgcc_lib/bm/libksdk_platform.a(fsl_uart_edma_driver.o)
 .text.UART_DRV_EdmaTxCallback
                0x00007950        0x4 C:/ProgramData/MATLAB/SupportPackages/R2022a/toolbox/target/supportpackages/freedomk64f/src/ksdk_armgcc_lib/bm/libksdk_platform.a(fsl_uart_edma_driver.o)
 .text.UART_DRV_EdmaCompleteReceiveData
                0x00007954       0x64 C:/ProgramData/MATLAB/SupportPackages/R2022a/toolbox/target/supportpackages/freedomk64f/src/ksdk_armgcc_lib/bm/libksdk_platform.a(fsl_uart_edma_driver.o)
 .text.UART_DRV_EdmaRxCallback
                0x000079b8        0x4 C:/ProgramData/MATLAB/SupportPackages/R2022a/toolbox/target/supportpackages/freedomk64f/src/ksdk_armgcc_lib/bm/libksdk_platform.a(fsl_uart_edma_driver.o)
 .text.UART_DRV_EdmaStartSendData
                0x000079bc       0x78 C:/ProgramData/MATLAB/SupportPackages/R2022a/toolbox/target/supportpackages/freedomk64f/src/ksdk_armgcc_lib/bm/libksdk_platform.a(fsl_uart_edma_driver.o)
 .text.UART_DRV_EdmaInit
                0x00007a34      0x260 C:/ProgramData/MATLAB/SupportPackages/R2022a/toolbox/target/supportpackages/freedomk64f/src/ksdk_armgcc_lib/bm/libksdk_platform.a(fsl_uart_edma_driver.o)
                0x00007a34                UART_DRV_EdmaInit
 .text.UART_DRV_EdmaSendData
                0x00007c94       0x48 C:/ProgramData/MATLAB/SupportPackages/R2022a/toolbox/target/supportpackages/freedomk64f/src/ksdk_armgcc_lib/bm/libksdk_platform.a(fsl_uart_edma_driver.o)
                0x00007c94                UART_DRV_EdmaSendData
 .text.UART_DRV_EdmaGetTransmitStatus
                0x00007cdc       0x58 C:/ProgramData/MATLAB/SupportPackages/R2022a/toolbox/target/supportpackages/freedomk64f/src/ksdk_armgcc_lib/bm/libksdk_platform.a(fsl_uart_edma_driver.o)
                0x00007cdc                UART_DRV_EdmaGetTransmitStatus
 .text.ADC16_HAL_Init
                0x00007d34       0x10 C:/ProgramData/MATLAB/SupportPackages/R2022a/toolbox/target/supportpackages/freedomk64f/src/ksdk_armgcc_lib/bm/libksdk_platform.a(fsl_adc16_hal.o)
                0x00007d34                ADC16_HAL_Init
 .text.ADC16_HAL_ConfigChn
                0x00007d44       0x40 C:/ProgramData/MATLAB/SupportPackages/R2022a/toolbox/target/supportpackages/freedomk64f/src/ksdk_armgcc_lib/bm/libksdk_platform.a(fsl_adc16_hal.o)
                0x00007d44                ADC16_HAL_ConfigChn
 .text.ADC16_HAL_ConfigConverter
                0x00007d84       0x92 C:/ProgramData/MATLAB/SupportPackages/R2022a/toolbox/target/supportpackages/freedomk64f/src/ksdk_armgcc_lib/bm/libksdk_platform.a(fsl_adc16_hal.o)
                0x00007d84                ADC16_HAL_ConfigConverter
 .text.DMAMUX_HAL_Init
                0x00007e16       0x22 C:/ProgramData/MATLAB/SupportPackages/R2022a/toolbox/target/supportpackages/freedomk64f/src/ksdk_armgcc_lib/bm/libksdk_platform.a(fsl_dmamux_hal.o)
                0x00007e16                DMAMUX_HAL_Init
 .text.GPIO_HAL_SetPinDir
                0x00007e38       0x34 C:/ProgramData/MATLAB/SupportPackages/R2022a/toolbox/target/supportpackages/freedomk64f/src/ksdk_armgcc_lib/bm/libksdk_platform.a(fsl_gpio_hal.o)
                0x00007e38                GPIO_HAL_SetPinDir
 .text.GPIO_HAL_WritePinOutput
                0x00007e6c       0x30 C:/ProgramData/MATLAB/SupportPackages/R2022a/toolbox/target/supportpackages/freedomk64f/src/ksdk_armgcc_lib/bm/libksdk_platform.a(fsl_gpio_hal.o)
                0x00007e6c                GPIO_HAL_WritePinOutput
 .text.UART_HAL_Init
                0x00007e9c       0x2a C:/ProgramData/MATLAB/SupportPackages/R2022a/toolbox/target/supportpackages/freedomk64f/src/ksdk_armgcc_lib/bm/libksdk_platform.a(fsl_uart_hal.o)
                0x00007e9c                UART_HAL_Init
 .text.UART_HAL_SetBaudRate
                0x00007ec6       0x42 C:/ProgramData/MATLAB/SupportPackages/R2022a/toolbox/target/supportpackages/freedomk64f/src/ksdk_armgcc_lib/bm/libksdk_platform.a(fsl_uart_hal.o)
                0x00007ec6                UART_HAL_SetBaudRate
 .text.UART_HAL_SetParityMode
                0x00007f08       0x18 C:/ProgramData/MATLAB/SupportPackages/R2022a/toolbox/target/supportpackages/freedomk64f/src/ksdk_armgcc_lib/bm/libksdk_platform.a(fsl_uart_hal.o)
                0x00007f08                UART_HAL_SetParityMode
 .text.UART_HAL_Putchar
                0x00007f20        0x6 C:/ProgramData/MATLAB/SupportPackages/R2022a/toolbox/target/supportpackages/freedomk64f/src/ksdk_armgcc_lib/bm/libksdk_platform.a(fsl_uart_hal.o)
                0x00007f20                UART_HAL_Putchar
 .text.UART_HAL_Getchar
                0x00007f26        0x8 C:/ProgramData/MATLAB/SupportPackages/R2022a/toolbox/target/supportpackages/freedomk64f/src/ksdk_armgcc_lib/bm/libksdk_platform.a(fsl_uart_hal.o)
                0x00007f26                UART_HAL_Getchar
 .text.UART_HAL_SetIntMode
                0x00007f2e       0x66 C:/ProgramData/MATLAB/SupportPackages/R2022a/toolbox/target/supportpackages/freedomk64f/src/ksdk_armgcc_lib/bm/libksdk_platform.a(fsl_uart_hal.o)
                0x00007f2e                UART_HAL_SetIntMode
 .text.UART_HAL_SetTxDmaCmd
                0x00007f94       0x28 C:/ProgramData/MATLAB/SupportPackages/R2022a/toolbox/target/supportpackages/freedomk64f/src/ksdk_armgcc_lib/bm/libksdk_platform.a(fsl_uart_hal.o)
                0x00007f94                UART_HAL_SetTxDmaCmd
 .text.UART_HAL_SetRxDmaCmd
                0x00007fbc       0x1c C:/ProgramData/MATLAB/SupportPackages/R2022a/toolbox/target/supportpackages/freedomk64f/src/ksdk_armgcc_lib/bm/libksdk_platform.a(fsl_uart_hal.o)
                0x00007fbc                UART_HAL_SetRxDmaCmd
 .text.UART_HAL_GetStatusFlag
                0x00007fd8       0x30 C:/ProgramData/MATLAB/SupportPackages/R2022a/toolbox/target/supportpackages/freedomk64f/src/ksdk_armgcc_lib/bm/libksdk_platform.a(fsl_uart_hal.o)
                0x00007fd8                UART_HAL_GetStatusFlag
 .text.UART_HAL_ClearStatusFlag
                0x00008008       0x7a C:/ProgramData/MATLAB/SupportPackages/R2022a/toolbox/target/supportpackages/freedomk64f/src/ksdk_armgcc_lib/bm/libksdk_platform.a(fsl_uart_hal.o)
                0x00008008                UART_HAL_ClearStatusFlag
 *fill*         0x00008082        0x2 
 .text.abort    0x00008084       0x10 c:/progra~3/matlab/suppor~1/r2022a/3p778c~1.ins/gnuarm~1.ins/win/bin/../lib/gcc/arm-none-eabi/9.3.1/../../../../arm-none-eabi/lib/thumb/v7e-m+fp/hard\libg.a(lib_a-abort.o)
                0x00008084                abort
 .text.__assert_func
                0x00008094       0x3c c:/progra~3/matlab/suppor~1/r2022a/3p778c~1.ins/gnuarm~1.ins/win/bin/../lib/gcc/arm-none-eabi/9.3.1/../../../../arm-none-eabi/lib/thumb/v7e-m+fp/hard\libg.a(lib_a-assert.o)
                0x00008094                __assert_func
 .text.atexit   0x000080d0        0xc c:/progra~3/matlab/suppor~1/r2022a/3p778c~1.ins/gnuarm~1.ins/win/bin/../lib/gcc/arm-none-eabi/9.3.1/../../../../arm-none-eabi/lib/thumb/v7e-m+fp/hard\libg.a(lib_a-atexit.o)
                0x000080d0                atexit
 .text.__errno  0x000080dc        0xc c:/progra~3/matlab/suppor~1/r2022a/3p778c~1.ins/gnuarm~1.ins/win/bin/../lib/gcc/arm-none-eabi/9.3.1/../../../../arm-none-eabi/lib/thumb/v7e-m+fp/hard\libg.a(lib_a-errno.o)
                0x000080dc                __errno
 .text.exit     0x000080e8       0x20 c:/progra~3/matlab/suppor~1/r2022a/3p778c~1.ins/gnuarm~1.ins/win/bin/../lib/gcc/arm-none-eabi/9.3.1/../../../../arm-none-eabi/lib/thumb/v7e-m+fp/hard\libg.a(lib_a-exit.o)
                0x000080e8                exit
 .text.__libc_fini_array
                0x00008108       0x2c c:/progra~3/matlab/suppor~1/r2022a/3p778c~1.ins/gnuarm~1.ins/win/bin/../lib/gcc/arm-none-eabi/9.3.1/../../../../arm-none-eabi/lib/thumb/v7e-m+fp/hard\libg.a(lib_a-fini.o)
                0x00008108                __libc_fini_array
 .text.fiprintf
                0x00008134       0x28 c:/progra~3/matlab/suppor~1/r2022a/3p778c~1.ins/gnuarm~1.ins/win/bin/../lib/gcc/arm-none-eabi/9.3.1/../../../../arm-none-eabi/lib/thumb/v7e-m+fp/hard\libg.a(lib_a-fiprintf.o)
                0x00008134                fiprintf
 .text.__libc_init_array
                0x0000815c       0x48 c:/progra~3/matlab/suppor~1/r2022a/3p778c~1.ins/gnuarm~1.ins/win/bin/../lib/gcc/arm-none-eabi/9.3.1/../../../../arm-none-eabi/lib/thumb/v7e-m+fp/hard\libg.a(lib_a-init.o)
                0x0000815c                __libc_init_array
 .text._malloc_r
                0x000081a4      0x574 c:/progra~3/matlab/suppor~1/r2022a/3p778c~1.ins/gnuarm~1.ins/win/bin/../lib/gcc/arm-none-eabi/9.3.1/../../../../arm-none-eabi/lib/thumb/v7e-m+fp/hard\libg.a(lib_a-mallocr.o)
                0x000081a4                _malloc_r
 .text.memset   0x00008718       0xa0 c:/progra~3/matlab/suppor~1/r2022a/3p778c~1.ins/gnuarm~1.ins/win/bin/../lib/gcc/arm-none-eabi/9.3.1/../../../../arm-none-eabi/lib/thumb/v7e-m+fp/hard\libg.a(lib_a-memset.o)
                0x00008718                memset
 .text.__malloc_lock
                0x000087b8        0xc c:/progra~3/matlab/suppor~1/r2022a/3p778c~1.ins/gnuarm~1.ins/win/bin/../lib/gcc/arm-none-eabi/9.3.1/../../../../arm-none-eabi/lib/thumb/v7e-m+fp/hard\libg.a(lib_a-mlock.o)
                0x000087b8                __malloc_lock
 .text.__malloc_unlock
                0x000087c4        0xc c:/progra~3/matlab/suppor~1/r2022a/3p778c~1.ins/gnuarm~1.ins/win/bin/../lib/gcc/arm-none-eabi/9.3.1/../../../../arm-none-eabi/lib/thumb/v7e-m+fp/hard\libg.a(lib_a-mlock.o)
                0x000087c4                __malloc_unlock
 .text._sbrk_r  0x000087d0       0x24 c:/progra~3/matlab/suppor~1/r2022a/3p778c~1.ins/gnuarm~1.ins/win/bin/../lib/gcc/arm-none-eabi/9.3.1/../../../../arm-none-eabi/lib/thumb/v7e-m+fp/hard\libg.a(lib_a-sbrkr.o)
                0x000087d0                _sbrk_r
 .text._raise_r
                0x000087f4       0x58 c:/progra~3/matlab/suppor~1/r2022a/3p778c~1.ins/gnuarm~1.ins/win/bin/../lib/gcc/arm-none-eabi/9.3.1/../../../../arm-none-eabi/lib/thumb/v7e-m+fp/hard\libg.a(lib_a-signal.o)
                0x000087f4                _raise_r
 .text.raise    0x0000884c       0x10 c:/progra~3/matlab/suppor~1/r2022a/3p778c~1.ins/gnuarm~1.ins/win/bin/../lib/gcc/arm-none-eabi/9.3.1/../../../../arm-none-eabi/lib/thumb/v7e-m+fp/hard\libg.a(lib_a-signal.o)
                0x0000884c                raise
 .text._kill_r  0x0000885c       0x2c c:/progra~3/matlab/suppor~1/r2022a/3p778c~1.ins/gnuarm~1.ins/win/bin/../lib/gcc/arm-none-eabi/9.3.1/../../../../arm-none-eabi/lib/thumb/v7e-m+fp/hard\libg.a(lib_a-signalr.o)
                0x0000885c                _kill_r
 .text._getpid_r
                0x00008888        0x4 c:/progra~3/matlab/suppor~1/r2022a/3p778c~1.ins/gnuarm~1.ins/win/bin/../lib/gcc/arm-none-eabi/9.3.1/../../../../arm-none-eabi/lib/thumb/v7e-m+fp/hard\libg.a(lib_a-signalr.o)
                0x00008888                _getpid_r
 .text.__sprint_r.part.0
                0x0000888c       0x78 c:/progra~3/matlab/suppor~1/r2022a/3p778c~1.ins/gnuarm~1.ins/win/bin/../lib/gcc/arm-none-eabi/9.3.1/../../../../arm-none-eabi/lib/thumb/v7e-m+fp/hard\libg.a(lib_a-vfiprintf.o)
 .text._vfiprintf_r
                0x00008904      0xd4c c:/progra~3/matlab/suppor~1/r2022a/3p778c~1.ins/gnuarm~1.ins/win/bin/../lib/gcc/arm-none-eabi/9.3.1/../../../../arm-none-eabi/lib/thumb/v7e-m+fp/hard\libg.a(lib_a-vfiprintf.o)
                0x00008904                _vfiprintf_r
 .text.__sbprintf
                0x00009650       0x84 c:/progra~3/matlab/suppor~1/r2022a/3p778c~1.ins/gnuarm~1.ins/win/bin/../lib/gcc/arm-none-eabi/9.3.1/../../../../arm-none-eabi/lib/thumb/v7e-m+fp/hard\libg.a(lib_a-vfiprintf.o)
 .text.__swsetup_r
                0x000096d4       0xd0 c:/progra~3/matlab/suppor~1/r2022a/3p778c~1.ins/gnuarm~1.ins/win/bin/../lib/gcc/arm-none-eabi/9.3.1/../../../../arm-none-eabi/lib/thumb/v7e-m+fp/hard\libg.a(lib_a-wsetup.o)
                0x000096d4                __swsetup_r
 .text.__register_exitproc
                0x000097a4       0x8c c:/progra~3/matlab/suppor~1/r2022a/3p778c~1.ins/gnuarm~1.ins/win/bin/../lib/gcc/arm-none-eabi/9.3.1/../../../../arm-none-eabi/lib/thumb/v7e-m+fp/hard\libg.a(lib_a-__atexit.o)
                0x000097a4                __register_exitproc
 .text.startup.register_fini
                0x00009830       0x14 c:/progra~3/matlab/suppor~1/r2022a/3p778c~1.ins/gnuarm~1.ins/win/bin/../lib/gcc/arm-none-eabi/9.3.1/../../../../arm-none-eabi/lib/thumb/v7e-m+fp/hard\libg.a(lib_a-__call_atexit.o)
 .text.__call_exitprocs
                0x00009844       0xcc c:/progra~3/matlab/suppor~1/r2022a/3p778c~1.ins/gnuarm~1.ins/win/bin/../lib/gcc/arm-none-eabi/9.3.1/../../../../arm-none-eabi/lib/thumb/v7e-m+fp/hard\libg.a(lib_a-__call_atexit.o)
                0x00009844                __call_exitprocs
 .text.__sflush_r
                0x00009910      0x130 c:/progra~3/matlab/suppor~1/r2022a/3p778c~1.ins/gnuarm~1.ins/win/bin/../lib/gcc/arm-none-eabi/9.3.1/../../../../arm-none-eabi/lib/thumb/v7e-m+fp/hard\libg.a(lib_a-fflush.o)
                0x00009910                __sflush_r
 .text._fflush_r
                0x00009a40       0x5c c:/progra~3/matlab/suppor~1/r2022a/3p778c~1.ins/gnuarm~1.ins/win/bin/../lib/gcc/arm-none-eabi/9.3.1/../../../../arm-none-eabi/lib/thumb/v7e-m+fp/hard\libg.a(lib_a-fflush.o)
                0x00009a40                _fflush_r
 .text.std      0x00009a9c       0x50 c:/progra~3/matlab/suppor~1/r2022a/3p778c~1.ins/gnuarm~1.ins/win/bin/../lib/gcc/arm-none-eabi/9.3.1/../../../../arm-none-eabi/lib/thumb/v7e-m+fp/hard\libg.a(lib_a-findfp.o)
 .text._cleanup_r
                0x00009aec        0xc c:/progra~3/matlab/suppor~1/r2022a/3p778c~1.ins/gnuarm~1.ins/win/bin/../lib/gcc/arm-none-eabi/9.3.1/../../../../arm-none-eabi/lib/thumb/v7e-m+fp/hard\libg.a(lib_a-findfp.o)
                0x00009aec                _cleanup_r
 .text.__sinit  0x00009af8       0x54 c:/progra~3/matlab/suppor~1/r2022a/3p778c~1.ins/gnuarm~1.ins/win/bin/../lib/gcc/arm-none-eabi/9.3.1/../../../../arm-none-eabi/lib/thumb/v7e-m+fp/hard\libg.a(lib_a-findfp.o)
                0x00009af8                __sinit
 .text.__sfp_lock_acquire
                0x00009b4c        0xc c:/progra~3/matlab/suppor~1/r2022a/3p778c~1.ins/gnuarm~1.ins/win/bin/../lib/gcc/arm-none-eabi/9.3.1/../../../../arm-none-eabi/lib/thumb/v7e-m+fp/hard\libg.a(lib_a-findfp.o)
                0x00009b4c                __sfp_lock_acquire
 .text.__sfp_lock_release
                0x00009b58        0xc c:/progra~3/matlab/suppor~1/r2022a/3p778c~1.ins/gnuarm~1.ins/win/bin/../lib/gcc/arm-none-eabi/9.3.1/../../../../arm-none-eabi/lib/thumb/v7e-m+fp/hard\libg.a(lib_a-findfp.o)
                0x00009b58                __sfp_lock_release
 .text.__fputwc
                0x00009b64       0xa8 c:/progra~3/matlab/suppor~1/r2022a/3p778c~1.ins/gnuarm~1.ins/win/bin/../lib/gcc/arm-none-eabi/9.3.1/../../../../arm-none-eabi/lib/thumb/v7e-m+fp/hard\libg.a(lib_a-fputwc.o)
                0x00009b64                __fputwc
 .text._fputwc_r
                0x00009c0c       0x68 c:/progra~3/matlab/suppor~1/r2022a/3p778c~1.ins/gnuarm~1.ins/win/bin/../lib/gcc/arm-none-eabi/9.3.1/../../../../arm-none-eabi/lib/thumb/v7e-m+fp/hard\libg.a(lib_a-fputwc.o)
                0x00009c0c                _fputwc_r
 .text._malloc_trim_r
                0x00009c74       0xa0 c:/progra~3/matlab/suppor~1/r2022a/3p778c~1.ins/gnuarm~1.ins/win/bin/../lib/gcc/arm-none-eabi/9.3.1/../../../../arm-none-eabi/lib/thumb/v7e-m+fp/hard\libg.a(lib_a-freer.o)
                0x00009c74                _malloc_trim_r
 .text._free_r  0x00009d14      0x208 c:/progra~3/matlab/suppor~1/r2022a/3p778c~1.ins/gnuarm~1.ins/win/bin/../lib/gcc/arm-none-eabi/9.3.1/../../../../arm-none-eabi/lib/thumb/v7e-m+fp/hard\libg.a(lib_a-freer.o)
                0x00009d14                _free_r
 .text.__sfvwrite_r
                0x00009f1c      0x2e0 c:/progra~3/matlab/suppor~1/r2022a/3p778c~1.ins/gnuarm~1.ins/win/bin/../lib/gcc/arm-none-eabi/9.3.1/../../../../arm-none-eabi/lib/thumb/v7e-m+fp/hard\libg.a(lib_a-fvwrite.o)
                0x00009f1c                __sfvwrite_r
 .text._fwalk_reent
                0x0000a1fc       0x48 c:/progra~3/matlab/suppor~1/r2022a/3p778c~1.ins/gnuarm~1.ins/win/bin/../lib/gcc/arm-none-eabi/9.3.1/../../../../arm-none-eabi/lib/thumb/v7e-m+fp/hard\libg.a(lib_a-fwalk.o)
                0x0000a1fc                _fwalk_reent
 .text.__locale_mb_cur_max
                0x0000a244        0xc c:/progra~3/matlab/suppor~1/r2022a/3p778c~1.ins/gnuarm~1.ins/win/bin/../lib/gcc/arm-none-eabi/9.3.1/../../../../arm-none-eabi/lib/thumb/v7e-m+fp/hard\libg.a(lib_a-locale.o)
                0x0000a244                __locale_mb_cur_max
 .text._localeconv_r
                0x0000a250        0x8 c:/progra~3/matlab/suppor~1/r2022a/3p778c~1.ins/gnuarm~1.ins/win/bin/../lib/gcc/arm-none-eabi/9.3.1/../../../../arm-none-eabi/lib/thumb/v7e-m+fp/hard\libg.a(lib_a-localeconv.o)
                0x0000a250                _localeconv_r
 .text.__retarget_lock_init_recursive
                0x0000a258        0x4 c:/progra~3/matlab/suppor~1/r2022a/3p778c~1.ins/gnuarm~1.ins/win/bin/../lib/gcc/arm-none-eabi/9.3.1/../../../../arm-none-eabi/lib/thumb/v7e-m+fp/hard\libg.a(lib_a-lock.o)
                0x0000a258                __retarget_lock_init_recursive
 .text.__retarget_lock_close_recursive
                0x0000a25c        0x4 c:/progra~3/matlab/suppor~1/r2022a/3p778c~1.ins/gnuarm~1.ins/win/bin/../lib/gcc/arm-none-eabi/9.3.1/../../../../arm-none-eabi/lib/thumb/v7e-m+fp/hard\libg.a(lib_a-lock.o)
                0x0000a25c                __retarget_lock_close_recursive
 .text.__retarget_lock_acquire_recursive
                0x0000a260        0x4 c:/progra~3/matlab/suppor~1/r2022a/3p778c~1.ins/gnuarm~1.ins/win/bin/../lib/gcc/arm-none-eabi/9.3.1/../../../../arm-none-eabi/lib/thumb/v7e-m+fp/hard\libg.a(lib_a-lock.o)
                0x0000a260                __retarget_lock_acquire_recursive
 .text.__retarget_lock_release_recursive
                0x0000a264        0x4 c:/progra~3/matlab/suppor~1/r2022a/3p778c~1.ins/gnuarm~1.ins/win/bin/../lib/gcc/arm-none-eabi/9.3.1/../../../../arm-none-eabi/lib/thumb/v7e-m+fp/hard\libg.a(lib_a-lock.o)
                0x0000a264                __retarget_lock_release_recursive
 .text.__swhatbuf_r
                0x0000a268       0x5c c:/progra~3/matlab/suppor~1/r2022a/3p778c~1.ins/gnuarm~1.ins/win/bin/../lib/gcc/arm-none-eabi/9.3.1/../../../../arm-none-eabi/lib/thumb/v7e-m+fp/hard\libg.a(lib_a-makebuf.o)
                0x0000a268                __swhatbuf_r
 .text.__smakebuf_r
                0x0000a2c4       0x98 c:/progra~3/matlab/suppor~1/r2022a/3p778c~1.ins/gnuarm~1.ins/win/bin/../lib/gcc/arm-none-eabi/9.3.1/../../../../arm-none-eabi/lib/thumb/v7e-m+fp/hard\libg.a(lib_a-makebuf.o)
                0x0000a2c4                __smakebuf_r
 .text.__ascii_mbtowc
                0x0000a35c       0x2c c:/progra~3/matlab/suppor~1/r2022a/3p778c~1.ins/gnuarm~1.ins/win/bin/../lib/gcc/arm-none-eabi/9.3.1/../../../../arm-none-eabi/lib/thumb/v7e-m+fp/hard\libg.a(lib_a-mbtowc_r.o)
                0x0000a35c                __ascii_mbtowc
 .text.memmove  0x0000a388       0xd8 c:/progra~3/matlab/suppor~1/r2022a/3p778c~1.ins/gnuarm~1.ins/win/bin/../lib/gcc/arm-none-eabi/9.3.1/../../../../arm-none-eabi/lib/thumb/v7e-m+fp/hard\libg.a(lib_a-memmove.o)
                0x0000a388                memmove
 .text._realloc_r
                0x0000a460      0x3e0 c:/progra~3/matlab/suppor~1/r2022a/3p778c~1.ins/gnuarm~1.ins/win/bin/../lib/gcc/arm-none-eabi/9.3.1/../../../../arm-none-eabi/lib/thumb/v7e-m+fp/hard\libg.a(lib_a-reallocr.o)
                0x0000a460                _realloc_r
 .text.__sread  0x0000a840       0x24 c:/progra~3/matlab/suppor~1/r2022a/3p778c~1.ins/gnuarm~1.ins/win/bin/../lib/gcc/arm-none-eabi/9.3.1/../../../../arm-none-eabi/lib/thumb/v7e-m+fp/hard\libg.a(lib_a-stdio.o)
                0x0000a840                __sread
 .text.__swrite
                0x0000a864       0x40 c:/progra~3/matlab/suppor~1/r2022a/3p778c~1.ins/gnuarm~1.ins/win/bin/../lib/gcc/arm-none-eabi/9.3.1/../../../../arm-none-eabi/lib/thumb/v7e-m+fp/hard\libg.a(lib_a-stdio.o)
                0x0000a864                __swrite
 .text.__sseek  0x0000a8a4       0x20 c:/progra~3/matlab/suppor~1/r2022a/3p778c~1.ins/gnuarm~1.ins/win/bin/../lib/gcc/arm-none-eabi/9.3.1/../../../../arm-none-eabi/lib/thumb/v7e-m+fp/hard\libg.a(lib_a-stdio.o)
                0x0000a8a4                __sseek
 .text.__sclose
                0x0000a8c4        0x8 c:/progra~3/matlab/suppor~1/r2022a/3p778c~1.ins/gnuarm~1.ins/win/bin/../lib/gcc/arm-none-eabi/9.3.1/../../../../arm-none-eabi/lib/thumb/v7e-m+fp/hard\libg.a(lib_a-stdio.o)
                0x0000a8c4                __sclose
 .text.strncpy  0x0000a8cc       0x68 c:/progra~3/matlab/suppor~1/r2022a/3p778c~1.ins/gnuarm~1.ins/win/bin/../lib/gcc/arm-none-eabi/9.3.1/../../../../arm-none-eabi/lib/thumb/v7e-m+fp/hard\libg.a(lib_a-strncpy.o)
                0x0000a8cc                strncpy
 .text.__swbuf_r
                0x0000a934       0xb0 c:/progra~3/matlab/suppor~1/r2022a/3p778c~1.ins/gnuarm~1.ins/win/bin/../lib/gcc/arm-none-eabi/9.3.1/../../../../arm-none-eabi/lib/thumb/v7e-m+fp/hard\libg.a(lib_a-wbuf.o)
                0x0000a934                __swbuf_r
 .text._wcrtomb_r
                0x0000a9e4       0x3c c:/progra~3/matlab/suppor~1/r2022a/3p778c~1.ins/gnuarm~1.ins/win/bin/../lib/gcc/arm-none-eabi/9.3.1/../../../../arm-none-eabi/lib/thumb/v7e-m+fp/hard\libg.a(lib_a-wcrtomb.o)
                0x0000a9e4                _wcrtomb_r
 .text.__ascii_wctomb
                0x0000aa20       0x1c c:/progra~3/matlab/suppor~1/r2022a/3p778c~1.ins/gnuarm~1.ins/win/bin/../lib/gcc/arm-none-eabi/9.3.1/../../../../arm-none-eabi/lib/thumb/v7e-m+fp/hard\libg.a(lib_a-wctomb_r.o)
                0x0000aa20                __ascii_wctomb
 .text._write_r
                0x0000aa3c       0x2c c:/progra~3/matlab/suppor~1/r2022a/3p778c~1.ins/gnuarm~1.ins/win/bin/../lib/gcc/arm-none-eabi/9.3.1/../../../../arm-none-eabi/lib/thumb/v7e-m+fp/hard\libg.a(lib_a-writer.o)
                0x0000aa3c                _write_r
 .text._close_r
                0x0000aa68       0x24 c:/progra~3/matlab/suppor~1/r2022a/3p778c~1.ins/gnuarm~1.ins/win/bin/../lib/gcc/arm-none-eabi/9.3.1/../../../../arm-none-eabi/lib/thumb/v7e-m+fp/hard\libg.a(lib_a-closer.o)
                0x0000aa68                _close_r
 .text._fclose_r
                0x0000aa8c       0xcc c:/progra~3/matlab/suppor~1/r2022a/3p778c~1.ins/gnuarm~1.ins/win/bin/../lib/gcc/arm-none-eabi/9.3.1/../../../../arm-none-eabi/lib/thumb/v7e-m+fp/hard\libg.a(lib_a-fclose.o)
                0x0000aa8c                _fclose_r
 .text._fstat_r
                0x0000ab58       0x2c c:/progra~3/matlab/suppor~1/r2022a/3p778c~1.ins/gnuarm~1.ins/win/bin/../lib/gcc/arm-none-eabi/9.3.1/../../../../arm-none-eabi/lib/thumb/v7e-m+fp/hard\libg.a(lib_a-fstatr.o)
                0x0000ab58                _fstat_r
 .text._isatty_r
                0x0000ab84       0x24 c:/progra~3/matlab/suppor~1/r2022a/3p778c~1.ins/gnuarm~1.ins/win/bin/../lib/gcc/arm-none-eabi/9.3.1/../../../../arm-none-eabi/lib/thumb/v7e-m+fp/hard\libg.a(lib_a-isattyr.o)
                0x0000ab84                _isatty_r
 .text._lseek_r
                0x0000aba8       0x2c c:/progra~3/matlab/suppor~1/r2022a/3p778c~1.ins/gnuarm~1.ins/win/bin/../lib/gcc/arm-none-eabi/9.3.1/../../../../arm-none-eabi/lib/thumb/v7e-m+fp/hard\libg.a(lib_a-lseekr.o)
                0x0000aba8                _lseek_r
 .text._read_r  0x0000abd4       0x2c c:/progra~3/matlab/suppor~1/r2022a/3p778c~1.ins/gnuarm~1.ins/win/bin/../lib/gcc/arm-none-eabi/9.3.1/../../../../arm-none-eabi/lib/thumb/v7e-m+fp/hard\libg.a(lib_a-readr.o)
                0x0000abd4                _read_r
 .text._close   0x0000ac00       0x10 c:/progra~3/matlab/suppor~1/r2022a/3p778c~1.ins/gnuarm~1.ins/win/bin/../lib/gcc/arm-none-eabi/9.3.1/../../../../arm-none-eabi/lib/thumb/v7e-m+fp/hard\libnosys.a(close.o)
                0x0000ac00                _close
 .text._fstat   0x0000ac10       0x10 c:/progra~3/matlab/suppor~1/r2022a/3p778c~1.ins/gnuarm~1.ins/win/bin/../lib/gcc/arm-none-eabi/9.3.1/../../../../arm-none-eabi/lib/thumb/v7e-m+fp/hard\libnosys.a(fstat.o)
                0x0000ac10                _fstat
 .text._getpid  0x0000ac20       0x10 c:/progra~3/matlab/suppor~1/r2022a/3p778c~1.ins/gnuarm~1.ins/win/bin/../lib/gcc/arm-none-eabi/9.3.1/../../../../arm-none-eabi/lib/thumb/v7e-m+fp/hard\libnosys.a(getpid.o)
                0x0000ac20                _getpid
 .text._isatty  0x0000ac30       0x10 c:/progra~3/matlab/suppor~1/r2022a/3p778c~1.ins/gnuarm~1.ins/win/bin/../lib/gcc/arm-none-eabi/9.3.1/../../../../arm-none-eabi/lib/thumb/v7e-m+fp/hard\libnosys.a(isatty.o)
                0x0000ac30                _isatty